Archive member included to satisfy reference by file (symbol)

c:/program files (x86)/atmel/studio/7.0/toolchain/avr8/avr8-gnu-toolchain/bin/../lib/gcc/avr/5.4.0/avrxmega7\libgcc.a(_divmodsi4.o)
                              Source/lib/frtcpp/time_stamp_lshift.o (symbol from plugin) (__divmodsi4)
c:/program files (x86)/atmel/studio/7.0/toolchain/avr8/avr8-gnu-toolchain/bin/../lib/gcc/avr/5.4.0/avrxmega7\libgcc.a(_negsi2.o)
                              c:/program files (x86)/atmel/studio/7.0/toolchain/avr8/avr8-gnu-toolchain/bin/../lib/gcc/avr/5.4.0/avrxmega7\libgcc.a(_divmodsi4.o) (__negsi2)
c:/program files (x86)/atmel/studio/7.0/toolchain/avr8/avr8-gnu-toolchain/bin/../lib/gcc/avr/5.4.0/avrxmega7\libgcc.a(_exit.o)
                              C:/Program Files (x86)/Atmel/Studio/7.0/Packs/atmel/XMEGAA_DFP/1.1.68/gcc/dev/atxmega128a4u/avrxmega7/crtatxmega128a4u.o (exit)
c:/program files (x86)/atmel/studio/7.0/toolchain/avr8/avr8-gnu-toolchain/bin/../lib/gcc/avr/5.4.0/avrxmega7\libgcc.a(_copy_data.o)
                              Source/lib/freertos/heap_2.o (__do_copy_data)
c:/program files (x86)/atmel/studio/7.0/toolchain/avr8/avr8-gnu-toolchain/bin/../lib/gcc/avr/5.4.0/avrxmega7\libgcc.a(_clear_bss.o)
                              Source/lib/freertos/croutine.o (__do_clear_bss)
c:/program files (x86)/atmel/studio/7.0/toolchain/avr8/avr8-gnu-toolchain/bin/../lib/gcc/avr/5.4.0/avrxmega7\libgcc.a(_udivmodsi4.o)
                              c:/program files (x86)/atmel/studio/7.0/toolchain/avr8/avr8-gnu-toolchain/bin/../lib/gcc/avr/5.4.0/avrxmega7\libgcc.a(_divmodsi4.o) (__udivmodsi4)
c:/program files (x86)/atmel/studio/7.0/toolchain/avr8/avr8-gnu-toolchain/bin/../lib/gcc/avr/5.4.0/../../../../avr/lib/avrxmega7\libc.a(ftoa_engine.o)
                              Source/lib/serial/emstream_float.o (symbol from plugin) (__ftoa_engine)
c:/program files (x86)/atmel/studio/7.0/toolchain/avr8/avr8-gnu-toolchain/bin/../lib/gcc/avr/5.4.0/../../../../avr/lib/avrxmega7\libc.a(memcpy.o)
                              Source/lib/freertos/queue.o (memcpy)
c:/program files (x86)/atmel/studio/7.0/toolchain/avr8/avr8-gnu-toolchain/bin/../lib/gcc/avr/5.4.0/../../../../avr/lib/avrxmega7\libc.a(memset.o)
                              Source/lib/freertos/tasks.o (memset)
c:/program files (x86)/atmel/studio/7.0/toolchain/avr8/avr8-gnu-toolchain/bin/../lib/gcc/avr/5.4.0/../../../../avr/lib/avrxmega7\libc.a(strncpy.o)
                              Source/lib/freertos/tasks.o (strncpy)
c:/program files (x86)/atmel/studio/7.0/toolchain/avr8/avr8-gnu-toolchain/bin/../lib/gcc/avr/5.4.0/../../../../avr/lib/avrxmega7\libc.a(itoa.o)
                              Source/lib/serial/emstream_int16_t.o (symbol from plugin) (__itoa)
c:/program files (x86)/atmel/studio/7.0/toolchain/avr8/avr8-gnu-toolchain/bin/../lib/gcc/avr/5.4.0/../../../../avr/lib/avrxmega7\libc.a(itoa_ncheck.o)
                              c:/program files (x86)/atmel/studio/7.0/toolchain/avr8/avr8-gnu-toolchain/bin/../lib/gcc/avr/5.4.0/../../../../avr/lib/avrxmega7\libc.a(itoa.o) (__itoa_ncheck)
c:/program files (x86)/atmel/studio/7.0/toolchain/avr8/avr8-gnu-toolchain/bin/../lib/gcc/avr/5.4.0/../../../../avr/lib/avrxmega7\libc.a(ltoa.o)
                              Source/lib/serial/emstream_int32_t.o (symbol from plugin) (__ltoa)
c:/program files (x86)/atmel/studio/7.0/toolchain/avr8/avr8-gnu-toolchain/bin/../lib/gcc/avr/5.4.0/../../../../avr/lib/avrxmega7\libc.a(ltoa_ncheck.o)
                              c:/program files (x86)/atmel/studio/7.0/toolchain/avr8/avr8-gnu-toolchain/bin/../lib/gcc/avr/5.4.0/../../../../avr/lib/avrxmega7\libc.a(ltoa.o) (__ltoa_ncheck)
c:/program files (x86)/atmel/studio/7.0/toolchain/avr8/avr8-gnu-toolchain/bin/../lib/gcc/avr/5.4.0/../../../../avr/lib/avrxmega7\libc.a(ultoa.o)
                              Source/lib/serial/emstream_uint32_t.o (symbol from plugin) (__ultoa)
c:/program files (x86)/atmel/studio/7.0/toolchain/avr8/avr8-gnu-toolchain/bin/../lib/gcc/avr/5.4.0/../../../../avr/lib/avrxmega7\libc.a(ultoa_ncheck.o)
                              c:/program files (x86)/atmel/studio/7.0/toolchain/avr8/avr8-gnu-toolchain/bin/../lib/gcc/avr/5.4.0/../../../../avr/lib/avrxmega7\libc.a(ultoa.o) (__ultoa_ncheck)
c:/program files (x86)/atmel/studio/7.0/toolchain/avr8/avr8-gnu-toolchain/bin/../lib/gcc/avr/5.4.0/../../../../avr/lib/avrxmega7\libc.a(utoa.o)
                              Source/lib/serial/emstream_uint16_t.o (symbol from plugin) (__utoa)
c:/program files (x86)/atmel/studio/7.0/toolchain/avr8/avr8-gnu-toolchain/bin/../lib/gcc/avr/5.4.0/../../../../avr/lib/avrxmega7\libc.a(utoa_ncheck.o)
                              c:/program files (x86)/atmel/studio/7.0/toolchain/avr8/avr8-gnu-toolchain/bin/../lib/gcc/avr/5.4.0/../../../../avr/lib/avrxmega7\libc.a(utoa.o) (__utoa_ncheck)
c:/program files (x86)/atmel/studio/7.0/toolchain/avr8/avr8-gnu-toolchain/bin/../lib/gcc/avr/5.4.0/../../../../avr/lib/avrxmega7\libc.a(strrev.o)
                              c:/program files (x86)/atmel/studio/7.0/toolchain/avr8/avr8-gnu-toolchain/bin/../lib/gcc/avr/5.4.0/../../../../avr/lib/avrxmega7\libc.a(ultoa_ncheck.o) (strrev)
c:/program files (x86)/atmel/studio/7.0/toolchain/avr8/avr8-gnu-toolchain/bin/../lib/gcc/avr/5.4.0/avrxmega7\libgcc.a(_mulsi3.o)
                              C:\Users\journ\AppData\Local\Temp\cczj5sw8.ltrans0.ltrans.o (__mulsi3)
c:/program files (x86)/atmel/studio/7.0/toolchain/avr8/avr8-gnu-toolchain/bin/../lib/gcc/avr/5.4.0/avrxmega7\libgcc.a(_tablejump2.o)
                              C:\Users\journ\AppData\Local\Temp\cczj5sw8.ltrans1.ltrans.o (__tablejump2__)
c:/program files (x86)/atmel/studio/7.0/toolchain/avr8/avr8-gnu-toolchain/bin/../lib/gcc/avr/5.4.0/avrxmega7\libgcc.a(_ctors.o)
                              C:\Users\journ\AppData\Local\Temp\cczj5sw8.ltrans2.ltrans.o (__do_global_ctors)
c:/program files (x86)/atmel/studio/7.0/toolchain/avr8/avr8-gnu-toolchain/bin/../lib/gcc/avr/5.4.0/avrxmega7\libgcc.a(_muluhisi3.o)
                              C:\Users\journ\AppData\Local\Temp\cczj5sw8.ltrans0.ltrans.o (__muluhisi3)
c:/program files (x86)/atmel/studio/7.0/toolchain/avr8/avr8-gnu-toolchain/bin/../lib/gcc/avr/5.4.0/avrxmega7\libgcc.a(_umulhisi3.o)
                              c:/program files (x86)/atmel/studio/7.0/toolchain/avr8/avr8-gnu-toolchain/bin/../lib/gcc/avr/5.4.0/avrxmega7\libgcc.a(_muluhisi3.o) (__umulhisi3)

Allocating common symbols
Common symbol       size              file

portStackTopForTask
                    0x2               Source/lib/freertos/port.o

Discarded input sections

 .data          0x00000000        0x0 C:/Program Files (x86)/Atmel/Studio/7.0/Packs/atmel/XMEGAA_DFP/1.1.68/gcc/dev/atxmega128a4u/avrxmega7/crtatxmega128a4u.o
 .bss           0x00000000        0x0 C:/Program Files (x86)/Atmel/Studio/7.0/Packs/atmel/XMEGAA_DFP/1.1.68/gcc/dev/atxmega128a4u/avrxmega7/crtatxmega128a4u.o
 .text          0x00000000        0x0 Source/lib/freertos/croutine.o
 .data          0x00000000        0x0 Source/lib/freertos/croutine.o
 .bss           0x00000000        0x0 Source/lib/freertos/croutine.o
 .text.xCoRoutineCreate
                0x00000000       0xf0 Source/lib/freertos/croutine.o
 .text.vCoRoutineAddToDelayedList
                0x00000000       0xa8 Source/lib/freertos/croutine.o
 .text.vCoRoutineSchedule
                0x00000000      0x2c2 Source/lib/freertos/croutine.o
 .text.xCoRoutineRemoveFromEventList
                0x00000000       0x4a Source/lib/freertos/croutine.o
 .bss.xPassedTicks
                0x00000000        0x4 Source/lib/freertos/croutine.o
 .bss.xLastTickCount
                0x00000000        0x4 Source/lib/freertos/croutine.o
 .bss.xCoRoutineTickCount
                0x00000000        0x4 Source/lib/freertos/croutine.o
 .bss.uxTopCoRoutineReadyPriority
                0x00000000        0x1 Source/lib/freertos/croutine.o
 .bss.pxCurrentCoRoutine
                0x00000000        0x2 Source/lib/freertos/croutine.o
 .bss.xPendingReadyCoRoutineList
                0x00000000        0xb Source/lib/freertos/croutine.o
 .bss.pxOverflowDelayedCoRoutineList
                0x00000000        0x2 Source/lib/freertos/croutine.o
 .bss.pxDelayedCoRoutineList
                0x00000000        0x2 Source/lib/freertos/croutine.o
 .bss.xDelayedCoRoutineList2
                0x00000000        0xb Source/lib/freertos/croutine.o
 .bss.xDelayedCoRoutineList1
                0x00000000        0xb Source/lib/freertos/croutine.o
 .bss.pxReadyCoRoutineLists
                0x00000000       0x16 Source/lib/freertos/croutine.o
 .debug_info    0x00000000      0x778 Source/lib/freertos/croutine.o
 .debug_abbrev  0x00000000      0x220 Source/lib/freertos/croutine.o
 .debug_loc     0x00000000      0x41e Source/lib/freertos/croutine.o
 .debug_aranges
                0x00000000       0x38 Source/lib/freertos/croutine.o
 .debug_ranges  0x00000000       0x28 Source/lib/freertos/croutine.o
 .debug_line    0x00000000      0x2d3 Source/lib/freertos/croutine.o
 .debug_str     0x00000000      0x540 Source/lib/freertos/croutine.o
 .comment       0x00000000       0x31 Source/lib/freertos/croutine.o
 .debug_frame   0x00000000       0xd0 Source/lib/freertos/croutine.o
 .text          0x00000000        0x0 Source/lqr.o (symbol from plugin)
 .gnu.linkonce.t._ZNSt12_Vector_baseIiSaIiEE11_M_allocateEj
                0x00000000        0x0 Source/lqr.o (symbol from plugin)
 .gnu.linkonce.t._ZNSt6vectorIiSaIiEE19_M_range_initializeIPKiEEvT_S5_St20forward_iterator_tag
                0x00000000        0x0 Source/lqr.o (symbol from plugin)
 .data          0x00000000        0x0 C:\Users\journ\AppData\Local\Temp\cczj5sw8.ltrans0.ltrans.o
 .data          0x00000000        0x0 C:\Users\journ\AppData\Local\Temp\cczj5sw8.ltrans1.ltrans.o
 .data          0x00000000        0x0 C:\Users\journ\AppData\Local\Temp\cczj5sw8.ltrans2.ltrans.o
 .text          0x00000000        0x0 Source/task_limit_switch.o (symbol from plugin)
 .gnu.linkonce.t._ZTV17task_limit_switch
                0x00000000        0x0 Source/task_limit_switch.o (symbol from plugin)
 .text          0x00000000        0x0 Source/task_motor_command.o (symbol from plugin)
 .gnu.linkonce.t._ZTV18task_motor_command
                0x00000000        0x0 Source/task_motor_command.o (symbol from plugin)
 .text          0x00000000        0x0 Source/task_motor_encoder.o (symbol from plugin)
 .gnu.linkonce.t._ZTV18task_motor_encoder
                0x00000000        0x0 Source/task_motor_encoder.o (symbol from plugin)
 .text          0x00000000        0x0 Source/task_pendulum_encoder.o (symbol from plugin)
 .gnu.linkonce.t._ZTV21task_pendulum_encoder
                0x00000000        0x0 Source/task_pendulum_encoder.o (symbol from plugin)
 .text          0x00000000        0x0 Source/task_skeleton.o (symbol from plugin)
 .gnu.linkonce.t._ZTV13task_skeleton
                0x00000000        0x0 Source/task_skeleton.o (symbol from plugin)
 .text          0x00000000        0x0 Source/task_system_controller.o (symbol from plugin)
 .gnu.linkonce.t._ZTV22task_system_controller
                0x00000000        0x0 Source/task_system_controller.o (symbol from plugin)
 .text          0x00000000        0x0 Source/task_user.o (symbol from plugin)
 .gnu.linkonce.t._ZTV9task_user
                0x00000000        0x0 Source/task_user.o (symbol from plugin)
 .text          0x00000000        0x0 Source/lib/freertos/heap_2.o
 .data          0x00000000        0x0 Source/lib/freertos/heap_2.o
 .bss           0x00000000        0x0 Source/lib/freertos/heap_2.o
 .text.vPortInitialiseBlocks
                0x00000000        0x2 Source/lib/freertos/heap_2.o
 .text          0x00000000        0x0 Source/lib/freertos/list.o
 .data          0x00000000        0x0 Source/lib/freertos/list.o
 .bss           0x00000000        0x0 Source/lib/freertos/list.o
 .text          0x00000000        0x0 Source/lib/freertos/port.o
 .data          0x00000000        0x0 Source/lib/freertos/port.o
 .bss           0x00000000        0x0 Source/lib/freertos/port.o
 .text.vPortEndScheduler
                0x00000000        0x2 Source/lib/freertos/port.o
 .text          0x00000000        0x0 Source/lib/freertos/queue.o
 .data          0x00000000        0x0 Source/lib/freertos/queue.o
 .bss           0x00000000        0x0 Source/lib/freertos/queue.o
 .text.xQueueGetMutexHolder
                0x00000000       0x20 Source/lib/freertos/queue.o
 .text.xQueueCreateMutex
                0x00000000       0x5e Source/lib/freertos/queue.o
 .text.vQueueDelete
                0x00000000       0x1a Source/lib/freertos/queue.o
 .text.xQueueIsQueueEmptyFromISR
                0x00000000        0xc Source/lib/freertos/queue.o
 .text.xQueueIsQueueFullFromISR
                0x00000000        0xe Source/lib/freertos/queue.o
 .text          0x00000000        0x0 Source/lib/freertos/tasks.o
 .data          0x00000000        0x0 Source/lib/freertos/tasks.o
 .bss           0x00000000        0x0 Source/lib/freertos/tasks.o
 .text.vTaskPrioritySet
                0x00000000       0xee Source/lib/freertos/tasks.o
 .text.vTaskEndScheduler
                0x00000000        0xc Source/lib/freertos/tasks.o
 .text.xTaskGetTickCountFromISR
                0x00000000       0x12 Source/lib/freertos/tasks.o
 .text.uxTaskGetNumberOfTasks
                0x00000000        0x6 Source/lib/freertos/tasks.o
 .text          0x00000000        0x0 Source/lib/frtcpp/base_data_receiver.o (symbol from plugin)
 .gnu.linkonce.t._ZTV18base_data_receiver
                0x00000000        0x0 Source/lib/frtcpp/base_data_receiver.o (symbol from plugin)
 .text          0x00000000        0x0 Source/lib/frtcpp/frt_task.o (symbol from plugin)
 .gnu.linkonce.t._call_static_run_method
                0x00000000        0x0 Source/lib/frtcpp/frt_task.o (symbol from plugin)
 .text          0x00000000        0x0 Source/lib/frtcpp/frt_task_stackprt.o (symbol from plugin)
 .text          0x00000000        0x0 Source/lib/frtcpp/frt_task_status.o (symbol from plugin)
 .gnu.linkonce.t._ZTV8frt_task
                0x00000000        0x0 Source/lib/frtcpp/frt_task_status.o (symbol from plugin)
 .text          0x00000000        0x0 Source/lib/frtcpp/frt_text_queue.o (symbol from plugin)
 .gnu.linkonce.t._ZN14frt_text_queue7getcharEv
                0x00000000        0x0 Source/lib/frtcpp/frt_text_queue.o (symbol from plugin)
 .gnu.linkonce.t._ZN14frt_text_queue14check_for_charEv
                0x00000000        0x0 Source/lib/frtcpp/frt_text_queue.o (symbol from plugin)
 .gnu.linkonce.t._ZN14frt_text_queue7putcharEc
                0x00000000        0x0 Source/lib/frtcpp/frt_text_queue.o (symbol from plugin)
 .gnu.linkonce.t._ZTV14frt_text_queue
                0x00000000        0x0 Source/lib/frtcpp/frt_text_queue.o (symbol from plugin)
 .text          0x00000000        0x0 Source/lib/frtcpp/func_get_run_time_counter.o (symbol from plugin)
 .text          0x00000000        0x0 Source/lib/frtcpp/time_stamp_equal.o (symbol from plugin)
 .text          0x00000000        0x0 Source/lib/frtcpp/time_stamp_get_us.o (symbol from plugin)
 .text          0x00000000        0x0 Source/lib/frtcpp/time_stamp_greater.o (symbol from plugin)
 .text          0x00000000        0x0 Source/lib/frtcpp/time_stamp_greater_eq.o (symbol from plugin)
 .text          0x00000000        0x0 Source/lib/frtcpp/time_stamp_less.o (symbol from plugin)
 .text          0x00000000        0x0 Source/lib/frtcpp/time_stamp_less_eq.o (symbol from plugin)
 .text          0x00000000        0x0 Source/lib/frtcpp/time_stamp_lshift.o (symbol from plugin)
 .text          0x00000000        0x0 Source/lib/frtcpp/time_stamp_minus.o (symbol from plugin)
 .text          0x00000000        0x0 Source/lib/frtcpp/time_stamp_minus_eq.o (symbol from plugin)
 .text          0x00000000        0x0 Source/lib/frtcpp/time_stamp_not_equal.o (symbol from plugin)
 .text          0x00000000        0x0 Source/lib/frtcpp/time_stamp_plus.o (symbol from plugin)
 .text          0x00000000        0x0 Source/lib/frtcpp/time_stamp_plus_eq.o (symbol from plugin)
 .text          0x00000000        0x0 Source/lib/frtcpp/time_stamp_tick_res_time.o (symbol from plugin)
 .text          0x00000000        0x0 Source/lib/frtcpp/time_stamp_to_float.o (symbol from plugin)
 .text          0x00000000        0x0 Source/lib/frtcpp/time_stamp_to_now.o (symbol from plugin)
 .text          0x00000000        0x0 Source/lib/frtcpp/time_stamp_to_now_ISR.o (symbol from plugin)
 .text          0x00000000        0x0 Source/lib/misc/hex_dump_memory.o (symbol from plugin)
 .text          0x00000000        0x0 Source/lib/misc/mechutil.o (symbol from plugin)
 .text          0x00000000        0x0 Source/lib/serial/base232.o (symbol from plugin)
 .text          0x00000000        0x0 Source/lib/serial/emstream.o (symbol from plugin)
 .gnu.linkonce.t._ZTV8emstream
                0x00000000        0x0 Source/lib/serial/emstream.o (symbol from plugin)
 .text          0x00000000        0x0 Source/lib/serial/emstream_bool.o (symbol from plugin)
 .text          0x00000000        0x0 Source/lib/serial/emstream_float.o (symbol from plugin)
 .text          0x00000000        0x0 Source/lib/serial/emstream_hex_receive.o (symbol from plugin)
 .text          0x00000000        0x0 Source/lib/serial/emstream_hex_send.o (symbol from plugin)
 .text          0x00000000        0x0 Source/lib/serial/emstream_int16_t.o (symbol from plugin)
 .text          0x00000000        0x0 Source/lib/serial/emstream_int32_t.o (symbol from plugin)
 .text          0x00000000        0x0 Source/lib/serial/emstream_int8_t.o (symbol from plugin)
 .text          0x00000000        0x0 Source/lib/serial/emstream_pointer.o (symbol from plugin)
 .text          0x00000000        0x0 Source/lib/serial/emstream_uint16_t.o (symbol from plugin)
 .text          0x00000000        0x0 Source/lib/serial/emstream_uint32_t.o (symbol from plugin)
 .text          0x00000000        0x0 Source/lib/serial/emstream_uint64_t.o (symbol from plugin)
 .text          0x00000000        0x0 Source/lib/serial/emstream_uint8_t.o (symbol from plugin)
 .text          0x00000000        0x0 Source/lib/serial/rs232int.o (symbol from plugin)
 .gnu.linkonce.t._ZTV5rs232
                0x00000000        0x0 Source/lib/serial/rs232int.o (symbol from plugin)
 .text          0x00000000        0x0 Source/main.o (symbol from plugin)
 .gnu.linkonce.t._ZN14frt_base_queueIiE7butt_inERKi
                0x00000000        0x0 Source/main.o (symbol from plugin)
 .gnu.linkonce.t._ZN14frt_base_queueIiE11ISR_butt_inERKi
                0x00000000        0x0 Source/main.o (symbol from plugin)
 .gnu.linkonce.t._ZN14frt_base_queueIbE7butt_inERKb
                0x00000000        0x0 Source/main.o (symbol from plugin)
 .gnu.linkonce.t._ZN14frt_base_queueIbE11ISR_butt_inERKb
                0x00000000        0x0 Source/main.o (symbol from plugin)
 .gnu.linkonce.t._ZN9frt_queueIbE16ISR_num_items_inEv
                0x00000000        0x0 Source/main.o (symbol from plugin)
 .gnu.linkonce.t._ZN9frt_queueIbE13ISR_not_emptyEv
                0x00000000        0x0 Source/main.o (symbol from plugin)
 .gnu.linkonce.t._ZN9frt_queueIbE12ISR_is_emptyEv
                0x00000000        0x0 Source/main.o (symbol from plugin)
 .gnu.linkonce.t._ZN9frt_queueIiE16ISR_num_items_inEv
                0x00000000        0x0 Source/main.o (symbol from plugin)
 .gnu.linkonce.t._ZN9frt_queueIiE13ISR_not_emptyEv
                0x00000000        0x0 Source/main.o (symbol from plugin)
 .gnu.linkonce.t._ZN9frt_queueIiE12ISR_is_emptyEv
                0x00000000        0x0 Source/main.o (symbol from plugin)
 .gnu.linkonce.t._ZN9frt_queueIbE12num_items_inEv
                0x00000000        0x0 Source/main.o (symbol from plugin)
 .gnu.linkonce.t._ZN9frt_queueIbE9not_emptyEv
                0x00000000        0x0 Source/main.o (symbol from plugin)
 .gnu.linkonce.t._ZN9frt_queueIbE8is_emptyEv
                0x00000000        0x0 Source/main.o (symbol from plugin)
 .gnu.linkonce.t._ZN9frt_queueIiE12num_items_inEv
                0x00000000        0x0 Source/main.o (symbol from plugin)
 .gnu.linkonce.t._ZN9frt_queueIiE9not_emptyEv
                0x00000000        0x0 Source/main.o (symbol from plugin)
 .gnu.linkonce.t._ZN9frt_queueIiE8is_emptyEv
                0x00000000        0x0 Source/main.o (symbol from plugin)
 .gnu.linkonce.t._ZN9frt_queueIbE10get_a_copyERb
                0x00000000        0x0 Source/main.o (symbol from plugin)
 .gnu.linkonce.t._ZN9frt_queueIbE10get_a_copyEv
                0x00000000        0x0 Source/main.o (symbol from plugin)
 .gnu.linkonce.t._ZN9frt_queueIbE3getEPb
                0x00000000        0x0 Source/main.o (symbol from plugin)
 .gnu.linkonce.t._ZN9frt_queueIbE3getEv
                0x00000000        0x0 Source/main.o (symbol from plugin)
 .gnu.linkonce.t._ZN9frt_queueIiE10get_a_copyERi
                0x00000000        0x0 Source/main.o (symbol from plugin)
 .gnu.linkonce.t._ZN9frt_queueIiE10get_a_copyEv
                0x00000000        0x0 Source/main.o (symbol from plugin)
 .gnu.linkonce.t._ZN9frt_queueIiE3getEPi
                0x00000000        0x0 Source/main.o (symbol from plugin)
 .gnu.linkonce.t._ZN9frt_queueIiE3getEv
                0x00000000        0x0 Source/main.o (symbol from plugin)
 .gnu.linkonce.t._ZN9frt_queueIbE7ISR_getEPb
                0x00000000        0x0 Source/main.o (symbol from plugin)
 .gnu.linkonce.t._ZN9frt_queueIbE7ISR_getEv
                0x00000000        0x0 Source/main.o (symbol from plugin)
 .gnu.linkonce.t._ZN9frt_queueIiE7ISR_getEPi
                0x00000000        0x0 Source/main.o (symbol from plugin)
 .gnu.linkonce.t._ZN9frt_queueIiE7ISR_getEv
                0x00000000        0x0 Source/main.o (symbol from plugin)
 .gnu.linkonce.t._ZN9frt_queueIbE11ISR_butt_inERKb
                0x00000000        0x0 Source/main.o (symbol from plugin)
 .gnu.linkonce.t._ZN9frt_queueIbE7ISR_putERKb
                0x00000000        0x0 Source/main.o (symbol from plugin)
 .gnu.linkonce.t._ZN9frt_queueIiE11ISR_butt_inERKi
                0x00000000        0x0 Source/main.o (symbol from plugin)
 .gnu.linkonce.t._ZN9frt_queueIiE7ISR_putERKi
                0x00000000        0x0 Source/main.o (symbol from plugin)
 .gnu.linkonce.t._ZN9frt_queueIbE7butt_inERKb
                0x00000000        0x0 Source/main.o (symbol from plugin)
 .gnu.linkonce.t._ZN9frt_queueIbE3putERKb
                0x00000000        0x0 Source/main.o (symbol from plugin)
 .gnu.linkonce.t._ZN9frt_queueIiE7butt_inERKi
                0x00000000        0x0 Source/main.o (symbol from plugin)
 .gnu.linkonce.t._ZN9frt_queueIiE3putERKi
                0x00000000        0x0 Source/main.o (symbol from plugin)
 .gnu.linkonce.t._ZN14frt_base_queueIbEC5EP8emstream
                0x00000000        0x0 Source/main.o (symbol from plugin)
 .gnu.linkonce.t._ZTV14frt_base_queueIbE
                0x00000000        0x0 Source/main.o (symbol from plugin)
 .gnu.linkonce.t._ZN9frt_queueIbEC5EhP8emstreamm
                0x00000000        0x0 Source/main.o (symbol from plugin)
 .gnu.linkonce.t._ZTV9frt_queueIbE
                0x00000000        0x0 Source/main.o (symbol from plugin)
 .gnu.linkonce.t._ZN14frt_base_queueIiEC5EP8emstream
                0x00000000        0x0 Source/main.o (symbol from plugin)
 .gnu.linkonce.t._ZTV14frt_base_queueIiE
                0x00000000        0x0 Source/main.o (symbol from plugin)
 .gnu.linkonce.t._ZN9frt_queueIiEC5EhP8emstreamm
                0x00000000        0x0 Source/main.o (symbol from plugin)
 .gnu.linkonce.t._ZTV9frt_queueIiE
                0x00000000        0x0 Source/main.o (symbol from plugin)
 .text          0x00000000        0x0 c:/program files (x86)/atmel/studio/7.0/toolchain/avr8/avr8-gnu-toolchain/bin/../lib/gcc/avr/5.4.0/avrxmega7\libgcc.a(_divmodsi4.o)
 .data          0x00000000        0x0 c:/program files (x86)/atmel/studio/7.0/toolchain/avr8/avr8-gnu-toolchain/bin/../lib/gcc/avr/5.4.0/avrxmega7\libgcc.a(_divmodsi4.o)
 .bss           0x00000000        0x0 c:/program files (x86)/atmel/studio/7.0/toolchain/avr8/avr8-gnu-toolchain/bin/../lib/gcc/avr/5.4.0/avrxmega7\libgcc.a(_divmodsi4.o)
 .text.libgcc.mul
                0x00000000        0x0 c:/program files (x86)/atmel/studio/7.0/toolchain/avr8/avr8-gnu-toolchain/bin/../lib/gcc/avr/5.4.0/avrxmega7\libgcc.a(_divmodsi4.o)
 .text.libgcc   0x00000000        0x0 c:/program files (x86)/atmel/studio/7.0/toolchain/avr8/avr8-gnu-toolchain/bin/../lib/gcc/avr/5.4.0/avrxmega7\libgcc.a(_divmodsi4.o)
 .text.libgcc.prologue
                0x00000000        0x0 c:/program files (x86)/atmel/studio/7.0/toolchain/avr8/avr8-gnu-toolchain/bin/../lib/gcc/avr/5.4.0/avrxmega7\libgcc.a(_divmodsi4.o)
 .text.libgcc.builtins
                0x00000000        0x0 c:/program files (x86)/atmel/studio/7.0/toolchain/avr8/avr8-gnu-toolchain/bin/../lib/gcc/avr/5.4.0/avrxmega7\libgcc.a(_divmodsi4.o)
 .text.libgcc.fmul
                0x00000000        0x0 c:/program files (x86)/atmel/studio/7.0/toolchain/avr8/avr8-gnu-toolchain/bin/../lib/gcc/avr/5.4.0/avrxmega7\libgcc.a(_divmodsi4.o)
 .text.libgcc.fixed
                0x00000000        0x0 c:/program files (x86)/atmel/studio/7.0/toolchain/avr8/avr8-gnu-toolchain/bin/../lib/gcc/avr/5.4.0/avrxmega7\libgcc.a(_divmodsi4.o)
 .text          0x00000000        0x0 c:/program files (x86)/atmel/studio/7.0/toolchain/avr8/avr8-gnu-toolchain/bin/../lib/gcc/avr/5.4.0/avrxmega7\libgcc.a(_negsi2.o)
 .data          0x00000000        0x0 c:/program files (x86)/atmel/studio/7.0/toolchain/avr8/avr8-gnu-toolchain/bin/../lib/gcc/avr/5.4.0/avrxmega7\libgcc.a(_negsi2.o)
 .bss           0x00000000        0x0 c:/program files (x86)/atmel/studio/7.0/toolchain/avr8/avr8-gnu-toolchain/bin/../lib/gcc/avr/5.4.0/avrxmega7\libgcc.a(_negsi2.o)
 .text.libgcc.mul
                0x00000000        0x0 c:/program files (x86)/atmel/studio/7.0/toolchain/avr8/avr8-gnu-toolchain/bin/../lib/gcc/avr/5.4.0/avrxmega7\libgcc.a(_negsi2.o)
 .text.libgcc   0x00000000        0x0 c:/program files (x86)/atmel/studio/7.0/toolchain/avr8/avr8-gnu-toolchain/bin/../lib/gcc/avr/5.4.0/avrxmega7\libgcc.a(_negsi2.o)
 .text.libgcc.prologue
                0x00000000        0x0 c:/program files (x86)/atmel/studio/7.0/toolchain/avr8/avr8-gnu-toolchain/bin/../lib/gcc/avr/5.4.0/avrxmega7\libgcc.a(_negsi2.o)
 .text.libgcc.builtins
                0x00000000        0x0 c:/program files (x86)/atmel/studio/7.0/toolchain/avr8/avr8-gnu-toolchain/bin/../lib/gcc/avr/5.4.0/avrxmega7\libgcc.a(_negsi2.o)
 .text.libgcc.fmul
                0x00000000        0x0 c:/program files (x86)/atmel/studio/7.0/toolchain/avr8/avr8-gnu-toolchain/bin/../lib/gcc/avr/5.4.0/avrxmega7\libgcc.a(_negsi2.o)
 .text.libgcc.fixed
                0x00000000        0x0 c:/program files (x86)/atmel/studio/7.0/toolchain/avr8/avr8-gnu-toolchain/bin/../lib/gcc/avr/5.4.0/avrxmega7\libgcc.a(_negsi2.o)
 .text          0x00000000        0x0 c:/program files (x86)/atmel/studio/7.0/toolchain/avr8/avr8-gnu-toolchain/bin/../lib/gcc/avr/5.4.0/avrxmega7\libgcc.a(_exit.o)
 .data          0x00000000        0x0 c:/program files (x86)/atmel/studio/7.0/toolchain/avr8/avr8-gnu-toolchain/bin/../lib/gcc/avr/5.4.0/avrxmega7\libgcc.a(_exit.o)
 .bss           0x00000000        0x0 c:/program files (x86)/atmel/studio/7.0/toolchain/avr8/avr8-gnu-toolchain/bin/../lib/gcc/avr/5.4.0/avrxmega7\libgcc.a(_exit.o)
 .text.libgcc.mul
                0x00000000        0x0 c:/program files (x86)/atmel/studio/7.0/toolchain/avr8/avr8-gnu-toolchain/bin/../lib/gcc/avr/5.4.0/avrxmega7\libgcc.a(_exit.o)
 .text.libgcc.div
                0x00000000        0x0 c:/program files (x86)/atmel/studio/7.0/toolchain/avr8/avr8-gnu-toolchain/bin/../lib/gcc/avr/5.4.0/avrxmega7\libgcc.a(_exit.o)
 .text.libgcc   0x00000000        0x0 c:/program files (x86)/atmel/studio/7.0/toolchain/avr8/avr8-gnu-toolchain/bin/../lib/gcc/avr/5.4.0/avrxmega7\libgcc.a(_exit.o)
 .text.libgcc.prologue
                0x00000000        0x0 c:/program files (x86)/atmel/studio/7.0/toolchain/avr8/avr8-gnu-toolchain/bin/../lib/gcc/avr/5.4.0/avrxmega7\libgcc.a(_exit.o)
 .text.libgcc.builtins
                0x00000000        0x0 c:/program files (x86)/atmel/studio/7.0/toolchain/avr8/avr8-gnu-toolchain/bin/../lib/gcc/avr/5.4.0/avrxmega7\libgcc.a(_exit.o)
 .text.libgcc.fmul
                0x00000000        0x0 c:/program files (x86)/atmel/studio/7.0/toolchain/avr8/avr8-gnu-toolchain/bin/../lib/gcc/avr/5.4.0/avrxmega7\libgcc.a(_exit.o)
 .text.libgcc.fixed
                0x00000000        0x0 c:/program files (x86)/atmel/studio/7.0/toolchain/avr8/avr8-gnu-toolchain/bin/../lib/gcc/avr/5.4.0/avrxmega7\libgcc.a(_exit.o)
 .text          0x00000000        0x0 c:/program files (x86)/atmel/studio/7.0/toolchain/avr8/avr8-gnu-toolchain/bin/../lib/gcc/avr/5.4.0/avrxmega7\libgcc.a(_copy_data.o)
 .data          0x00000000        0x0 c:/program files (x86)/atmel/studio/7.0/toolchain/avr8/avr8-gnu-toolchain/bin/../lib/gcc/avr/5.4.0/avrxmega7\libgcc.a(_copy_data.o)
 .bss           0x00000000        0x0 c:/program files (x86)/atmel/studio/7.0/toolchain/avr8/avr8-gnu-toolchain/bin/../lib/gcc/avr/5.4.0/avrxmega7\libgcc.a(_copy_data.o)
 .text.libgcc.mul
                0x00000000        0x0 c:/program files (x86)/atmel/studio/7.0/toolchain/avr8/avr8-gnu-toolchain/bin/../lib/gcc/avr/5.4.0/avrxmega7\libgcc.a(_copy_data.o)
 .text.libgcc.div
                0x00000000        0x0 c:/program files (x86)/atmel/studio/7.0/toolchain/avr8/avr8-gnu-toolchain/bin/../lib/gcc/avr/5.4.0/avrxmega7\libgcc.a(_copy_data.o)
 .text.libgcc   0x00000000        0x0 c:/program files (x86)/atmel/studio/7.0/toolchain/avr8/avr8-gnu-toolchain/bin/../lib/gcc/avr/5.4.0/avrxmega7\libgcc.a(_copy_data.o)
 .text.libgcc.prologue
                0x00000000        0x0 c:/program files (x86)/atmel/studio/7.0/toolchain/avr8/avr8-gnu-toolchain/bin/../lib/gcc/avr/5.4.0/avrxmega7\libgcc.a(_copy_data.o)
 .text.libgcc.builtins
                0x00000000        0x0 c:/program files (x86)/atmel/studio/7.0/toolchain/avr8/avr8-gnu-toolchain/bin/../lib/gcc/avr/5.4.0/avrxmega7\libgcc.a(_copy_data.o)
 .text.libgcc.fmul
                0x00000000        0x0 c:/program files (x86)/atmel/studio/7.0/toolchain/avr8/avr8-gnu-toolchain/bin/../lib/gcc/avr/5.4.0/avrxmega7\libgcc.a(_copy_data.o)
 .text.libgcc.fixed
                0x00000000        0x0 c:/program files (x86)/atmel/studio/7.0/toolchain/avr8/avr8-gnu-toolchain/bin/../lib/gcc/avr/5.4.0/avrxmega7\libgcc.a(_copy_data.o)
 .text          0x00000000        0x0 c:/program files (x86)/atmel/studio/7.0/toolchain/avr8/avr8-gnu-toolchain/bin/../lib/gcc/avr/5.4.0/avrxmega7\libgcc.a(_clear_bss.o)
 .data          0x00000000        0x0 c:/program files (x86)/atmel/studio/7.0/toolchain/avr8/avr8-gnu-toolchain/bin/../lib/gcc/avr/5.4.0/avrxmega7\libgcc.a(_clear_bss.o)
 .bss           0x00000000        0x0 c:/program files (x86)/atmel/studio/7.0/toolchain/avr8/avr8-gnu-toolchain/bin/../lib/gcc/avr/5.4.0/avrxmega7\libgcc.a(_clear_bss.o)
 .text.libgcc.mul
                0x00000000        0x0 c:/program files (x86)/atmel/studio/7.0/toolchain/avr8/avr8-gnu-toolchain/bin/../lib/gcc/avr/5.4.0/avrxmega7\libgcc.a(_clear_bss.o)
 .text.libgcc.div
                0x00000000        0x0 c:/program files (x86)/atmel/studio/7.0/toolchain/avr8/avr8-gnu-toolchain/bin/../lib/gcc/avr/5.4.0/avrxmega7\libgcc.a(_clear_bss.o)
 .text.libgcc   0x00000000        0x0 c:/program files (x86)/atmel/studio/7.0/toolchain/avr8/avr8-gnu-toolchain/bin/../lib/gcc/avr/5.4.0/avrxmega7\libgcc.a(_clear_bss.o)
 .text.libgcc.prologue
                0x00000000        0x0 c:/program files (x86)/atmel/studio/7.0/toolchain/avr8/avr8-gnu-toolchain/bin/../lib/gcc/avr/5.4.0/avrxmega7\libgcc.a(_clear_bss.o)
 .text.libgcc.builtins
                0x00000000        0x0 c:/program files (x86)/atmel/studio/7.0/toolchain/avr8/avr8-gnu-toolchain/bin/../lib/gcc/avr/5.4.0/avrxmega7\libgcc.a(_clear_bss.o)
 .text.libgcc.fmul
                0x00000000        0x0 c:/program files (x86)/atmel/studio/7.0/toolchain/avr8/avr8-gnu-toolchain/bin/../lib/gcc/avr/5.4.0/avrxmega7\libgcc.a(_clear_bss.o)
 .text.libgcc.fixed
                0x00000000        0x0 c:/program files (x86)/atmel/studio/7.0/toolchain/avr8/avr8-gnu-toolchain/bin/../lib/gcc/avr/5.4.0/avrxmega7\libgcc.a(_clear_bss.o)
 .text          0x00000000        0x0 c:/program files (x86)/atmel/studio/7.0/toolchain/avr8/avr8-gnu-toolchain/bin/../lib/gcc/avr/5.4.0/avrxmega7\libgcc.a(_udivmodsi4.o)
 .data          0x00000000        0x0 c:/program files (x86)/atmel/studio/7.0/toolchain/avr8/avr8-gnu-toolchain/bin/../lib/gcc/avr/5.4.0/avrxmega7\libgcc.a(_udivmodsi4.o)
 .bss           0x00000000        0x0 c:/program files (x86)/atmel/studio/7.0/toolchain/avr8/avr8-gnu-toolchain/bin/../lib/gcc/avr/5.4.0/avrxmega7\libgcc.a(_udivmodsi4.o)
 .text.libgcc.mul
                0x00000000        0x0 c:/program files (x86)/atmel/studio/7.0/toolchain/avr8/avr8-gnu-toolchain/bin/../lib/gcc/avr/5.4.0/avrxmega7\libgcc.a(_udivmodsi4.o)
 .text.libgcc   0x00000000        0x0 c:/program files (x86)/atmel/studio/7.0/toolchain/avr8/avr8-gnu-toolchain/bin/../lib/gcc/avr/5.4.0/avrxmega7\libgcc.a(_udivmodsi4.o)
 .text.libgcc.prologue
                0x00000000        0x0 c:/program files (x86)/atmel/studio/7.0/toolchain/avr8/avr8-gnu-toolchain/bin/../lib/gcc/avr/5.4.0/avrxmega7\libgcc.a(_udivmodsi4.o)
 .text.libgcc.builtins
                0x00000000        0x0 c:/program files (x86)/atmel/studio/7.0/toolchain/avr8/avr8-gnu-toolchain/bin/../lib/gcc/avr/5.4.0/avrxmega7\libgcc.a(_udivmodsi4.o)
 .text.libgcc.fmul
                0x00000000        0x0 c:/program files (x86)/atmel/studio/7.0/toolchain/avr8/avr8-gnu-toolchain/bin/../lib/gcc/avr/5.4.0/avrxmega7\libgcc.a(_udivmodsi4.o)
 .text.libgcc.fixed
                0x00000000        0x0 c:/program files (x86)/atmel/studio/7.0/toolchain/avr8/avr8-gnu-toolchain/bin/../lib/gcc/avr/5.4.0/avrxmega7\libgcc.a(_udivmodsi4.o)
 .text          0x00000000        0x0 c:/program files (x86)/atmel/studio/7.0/toolchain/avr8/avr8-gnu-toolchain/bin/../lib/gcc/avr/5.4.0/../../../../avr/lib/avrxmega7\libc.a(ftoa_engine.o)
 .data          0x00000000        0x0 c:/program files (x86)/atmel/studio/7.0/toolchain/avr8/avr8-gnu-toolchain/bin/../lib/gcc/avr/5.4.0/../../../../avr/lib/avrxmega7\libc.a(ftoa_engine.o)
 .bss           0x00000000        0x0 c:/program files (x86)/atmel/studio/7.0/toolchain/avr8/avr8-gnu-toolchain/bin/../lib/gcc/avr/5.4.0/../../../../avr/lib/avrxmega7\libc.a(ftoa_engine.o)
 .text.avr-libc
                0x00000000      0x1b0 c:/program files (x86)/atmel/studio/7.0/toolchain/avr8/avr8-gnu-toolchain/bin/../lib/gcc/avr/5.4.0/../../../../avr/lib/avrxmega7\libc.a(ftoa_engine.o)
 .progmem.data  0x00000000       0xfa c:/program files (x86)/atmel/studio/7.0/toolchain/avr8/avr8-gnu-toolchain/bin/../lib/gcc/avr/5.4.0/../../../../avr/lib/avrxmega7\libc.a(ftoa_engine.o)
 .text          0x00000000        0x0 c:/program files (x86)/atmel/studio/7.0/toolchain/avr8/avr8-gnu-toolchain/bin/../lib/gcc/avr/5.4.0/../../../../avr/lib/avrxmega7\libc.a(memcpy.o)
 .data          0x00000000        0x0 c:/program files (x86)/atmel/studio/7.0/toolchain/avr8/avr8-gnu-toolchain/bin/../lib/gcc/avr/5.4.0/../../../../avr/lib/avrxmega7\libc.a(memcpy.o)
 .bss           0x00000000        0x0 c:/program files (x86)/atmel/studio/7.0/toolchain/avr8/avr8-gnu-toolchain/bin/../lib/gcc/avr/5.4.0/../../../../avr/lib/avrxmega7\libc.a(memcpy.o)
 .text          0x00000000        0x0 c:/program files (x86)/atmel/studio/7.0/toolchain/avr8/avr8-gnu-toolchain/bin/../lib/gcc/avr/5.4.0/../../../../avr/lib/avrxmega7\libc.a(memset.o)
 .data          0x00000000        0x0 c:/program files (x86)/atmel/studio/7.0/toolchain/avr8/avr8-gnu-toolchain/bin/../lib/gcc/avr/5.4.0/../../../../avr/lib/avrxmega7\libc.a(memset.o)
 .bss           0x00000000        0x0 c:/program files (x86)/atmel/studio/7.0/toolchain/avr8/avr8-gnu-toolchain/bin/../lib/gcc/avr/5.4.0/../../../../avr/lib/avrxmega7\libc.a(memset.o)
 .text          0x00000000        0x0 c:/program files (x86)/atmel/studio/7.0/toolchain/avr8/avr8-gnu-toolchain/bin/../lib/gcc/avr/5.4.0/../../../../avr/lib/avrxmega7\libc.a(strncpy.o)
 .data          0x00000000        0x0 c:/program files (x86)/atmel/studio/7.0/toolchain/avr8/avr8-gnu-toolchain/bin/../lib/gcc/avr/5.4.0/../../../../avr/lib/avrxmega7\libc.a(strncpy.o)
 .bss           0x00000000        0x0 c:/program files (x86)/atmel/studio/7.0/toolchain/avr8/avr8-gnu-toolchain/bin/../lib/gcc/avr/5.4.0/../../../../avr/lib/avrxmega7\libc.a(strncpy.o)
 .text          0x00000000        0x0 c:/program files (x86)/atmel/studio/7.0/toolchain/avr8/avr8-gnu-toolchain/bin/../lib/gcc/avr/5.4.0/../../../../avr/lib/avrxmega7\libc.a(itoa.o)
 .data          0x00000000        0x0 c:/program files (x86)/atmel/studio/7.0/toolchain/avr8/avr8-gnu-toolchain/bin/../lib/gcc/avr/5.4.0/../../../../avr/lib/avrxmega7\libc.a(itoa.o)
 .bss           0x00000000        0x0 c:/program files (x86)/atmel/studio/7.0/toolchain/avr8/avr8-gnu-toolchain/bin/../lib/gcc/avr/5.4.0/../../../../avr/lib/avrxmega7\libc.a(itoa.o)
 .text.avr-libc
                0x00000000       0x16 c:/program files (x86)/atmel/studio/7.0/toolchain/avr8/avr8-gnu-toolchain/bin/../lib/gcc/avr/5.4.0/../../../../avr/lib/avrxmega7\libc.a(itoa.o)
 .text          0x00000000        0x0 c:/program files (x86)/atmel/studio/7.0/toolchain/avr8/avr8-gnu-toolchain/bin/../lib/gcc/avr/5.4.0/../../../../avr/lib/avrxmega7\libc.a(itoa_ncheck.o)
 .data          0x00000000        0x0 c:/program files (x86)/atmel/studio/7.0/toolchain/avr8/avr8-gnu-toolchain/bin/../lib/gcc/avr/5.4.0/../../../../avr/lib/avrxmega7\libc.a(itoa_ncheck.o)
 .bss           0x00000000        0x0 c:/program files (x86)/atmel/studio/7.0/toolchain/avr8/avr8-gnu-toolchain/bin/../lib/gcc/avr/5.4.0/../../../../avr/lib/avrxmega7\libc.a(itoa_ncheck.o)
 .text          0x00000000        0x0 c:/program files (x86)/atmel/studio/7.0/toolchain/avr8/avr8-gnu-toolchain/bin/../lib/gcc/avr/5.4.0/../../../../avr/lib/avrxmega7\libc.a(ltoa.o)
 .data          0x00000000        0x0 c:/program files (x86)/atmel/studio/7.0/toolchain/avr8/avr8-gnu-toolchain/bin/../lib/gcc/avr/5.4.0/../../../../avr/lib/avrxmega7\libc.a(ltoa.o)
 .bss           0x00000000        0x0 c:/program files (x86)/atmel/studio/7.0/toolchain/avr8/avr8-gnu-toolchain/bin/../lib/gcc/avr/5.4.0/../../../../avr/lib/avrxmega7\libc.a(ltoa.o)
 .text.avr-libc
                0x00000000       0x16 c:/program files (x86)/atmel/studio/7.0/toolchain/avr8/avr8-gnu-toolchain/bin/../lib/gcc/avr/5.4.0/../../../../avr/lib/avrxmega7\libc.a(ltoa.o)
 .text          0x00000000        0x0 c:/program files (x86)/atmel/studio/7.0/toolchain/avr8/avr8-gnu-toolchain/bin/../lib/gcc/avr/5.4.0/../../../../avr/lib/avrxmega7\libc.a(ltoa_ncheck.o)
 .data          0x00000000        0x0 c:/program files (x86)/atmel/studio/7.0/toolchain/avr8/avr8-gnu-toolchain/bin/../lib/gcc/avr/5.4.0/../../../../avr/lib/avrxmega7\libc.a(ltoa_ncheck.o)
 .bss           0x00000000        0x0 c:/program files (x86)/atmel/studio/7.0/toolchain/avr8/avr8-gnu-toolchain/bin/../lib/gcc/avr/5.4.0/../../../../avr/lib/avrxmega7\libc.a(ltoa_ncheck.o)
 .text.avr-libc
                0x00000000       0x1e c:/program files (x86)/atmel/studio/7.0/toolchain/avr8/avr8-gnu-toolchain/bin/../lib/gcc/avr/5.4.0/../../../../avr/lib/avrxmega7\libc.a(ltoa_ncheck.o)
 .text          0x00000000        0x0 c:/program files (x86)/atmel/studio/7.0/toolchain/avr8/avr8-gnu-toolchain/bin/../lib/gcc/avr/5.4.0/../../../../avr/lib/avrxmega7\libc.a(ultoa.o)
 .data          0x00000000        0x0 c:/program files (x86)/atmel/studio/7.0/toolchain/avr8/avr8-gnu-toolchain/bin/../lib/gcc/avr/5.4.0/../../../../avr/lib/avrxmega7\libc.a(ultoa.o)
 .bss           0x00000000        0x0 c:/program files (x86)/atmel/studio/7.0/toolchain/avr8/avr8-gnu-toolchain/bin/../lib/gcc/avr/5.4.0/../../../../avr/lib/avrxmega7\libc.a(ultoa.o)
 .text          0x00000000        0x0 c:/program files (x86)/atmel/studio/7.0/toolchain/avr8/avr8-gnu-toolchain/bin/../lib/gcc/avr/5.4.0/../../../../avr/lib/avrxmega7\libc.a(ultoa_ncheck.o)
 .data          0x00000000        0x0 c:/program files (x86)/atmel/studio/7.0/toolchain/avr8/avr8-gnu-toolchain/bin/../lib/gcc/avr/5.4.0/../../../../avr/lib/avrxmega7\libc.a(ultoa_ncheck.o)
 .bss           0x00000000        0x0 c:/program files (x86)/atmel/studio/7.0/toolchain/avr8/avr8-gnu-toolchain/bin/../lib/gcc/avr/5.4.0/../../../../avr/lib/avrxmega7\libc.a(ultoa_ncheck.o)
 .text          0x00000000        0x0 c:/program files (x86)/atmel/studio/7.0/toolchain/avr8/avr8-gnu-toolchain/bin/../lib/gcc/avr/5.4.0/../../../../avr/lib/avrxmega7\libc.a(utoa.o)
 .data          0x00000000        0x0 c:/program files (x86)/atmel/studio/7.0/toolchain/avr8/avr8-gnu-toolchain/bin/../lib/gcc/avr/5.4.0/../../../../avr/lib/avrxmega7\libc.a(utoa.o)
 .bss           0x00000000        0x0 c:/program files (x86)/atmel/studio/7.0/toolchain/avr8/avr8-gnu-toolchain/bin/../lib/gcc/avr/5.4.0/../../../../avr/lib/avrxmega7\libc.a(utoa.o)
 .text          0x00000000        0x0 c:/program files (x86)/atmel/studio/7.0/toolchain/avr8/avr8-gnu-toolchain/bin/../lib/gcc/avr/5.4.0/../../../../avr/lib/avrxmega7\libc.a(utoa_ncheck.o)
 .data          0x00000000        0x0 c:/program files (x86)/atmel/studio/7.0/toolchain/avr8/avr8-gnu-toolchain/bin/../lib/gcc/avr/5.4.0/../../../../avr/lib/avrxmega7\libc.a(utoa_ncheck.o)
 .bss           0x00000000        0x0 c:/program files (x86)/atmel/studio/7.0/toolchain/avr8/avr8-gnu-toolchain/bin/../lib/gcc/avr/5.4.0/../../../../avr/lib/avrxmega7\libc.a(utoa_ncheck.o)
 .text          0x00000000        0x0 c:/program files (x86)/atmel/studio/7.0/toolchain/avr8/avr8-gnu-toolchain/bin/../lib/gcc/avr/5.4.0/../../../../avr/lib/avrxmega7\libc.a(strrev.o)
 .data          0x00000000        0x0 c:/program files (x86)/atmel/studio/7.0/toolchain/avr8/avr8-gnu-toolchain/bin/../lib/gcc/avr/5.4.0/../../../../avr/lib/avrxmega7\libc.a(strrev.o)
 .bss           0x00000000        0x0 c:/program files (x86)/atmel/studio/7.0/toolchain/avr8/avr8-gnu-toolchain/bin/../lib/gcc/avr/5.4.0/../../../../avr/lib/avrxmega7\libc.a(strrev.o)
 .text          0x00000000        0x0 c:/program files (x86)/atmel/studio/7.0/toolchain/avr8/avr8-gnu-toolchain/bin/../lib/gcc/avr/5.4.0/avrxmega7\libgcc.a(_mulsi3.o)
 .data          0x00000000        0x0 c:/program files (x86)/atmel/studio/7.0/toolchain/avr8/avr8-gnu-toolchain/bin/../lib/gcc/avr/5.4.0/avrxmega7\libgcc.a(_mulsi3.o)
 .bss           0x00000000        0x0 c:/program files (x86)/atmel/studio/7.0/toolchain/avr8/avr8-gnu-toolchain/bin/../lib/gcc/avr/5.4.0/avrxmega7\libgcc.a(_mulsi3.o)
 .text.libgcc.div
                0x00000000        0x0 c:/program files (x86)/atmel/studio/7.0/toolchain/avr8/avr8-gnu-toolchain/bin/../lib/gcc/avr/5.4.0/avrxmega7\libgcc.a(_mulsi3.o)
 .text.libgcc   0x00000000        0x0 c:/program files (x86)/atmel/studio/7.0/toolchain/avr8/avr8-gnu-toolchain/bin/../lib/gcc/avr/5.4.0/avrxmega7\libgcc.a(_mulsi3.o)
 .text.libgcc.prologue
                0x00000000        0x0 c:/program files (x86)/atmel/studio/7.0/toolchain/avr8/avr8-gnu-toolchain/bin/../lib/gcc/avr/5.4.0/avrxmega7\libgcc.a(_mulsi3.o)
 .text.libgcc.builtins
                0x00000000        0x0 c:/program files (x86)/atmel/studio/7.0/toolchain/avr8/avr8-gnu-toolchain/bin/../lib/gcc/avr/5.4.0/avrxmega7\libgcc.a(_mulsi3.o)
 .text.libgcc.fmul
                0x00000000        0x0 c:/program files (x86)/atmel/studio/7.0/toolchain/avr8/avr8-gnu-toolchain/bin/../lib/gcc/avr/5.4.0/avrxmega7\libgcc.a(_mulsi3.o)
 .text.libgcc.fixed
                0x00000000        0x0 c:/program files (x86)/atmel/studio/7.0/toolchain/avr8/avr8-gnu-toolchain/bin/../lib/gcc/avr/5.4.0/avrxmega7\libgcc.a(_mulsi3.o)
 .text          0x00000000        0x0 c:/program files (x86)/atmel/studio/7.0/toolchain/avr8/avr8-gnu-toolchain/bin/../lib/gcc/avr/5.4.0/avrxmega7\libgcc.a(_tablejump2.o)
 .data          0x00000000        0x0 c:/program files (x86)/atmel/studio/7.0/toolchain/avr8/avr8-gnu-toolchain/bin/../lib/gcc/avr/5.4.0/avrxmega7\libgcc.a(_tablejump2.o)
 .bss           0x00000000        0x0 c:/program files (x86)/atmel/studio/7.0/toolchain/avr8/avr8-gnu-toolchain/bin/../lib/gcc/avr/5.4.0/avrxmega7\libgcc.a(_tablejump2.o)
 .text.libgcc.mul
                0x00000000        0x0 c:/program files (x86)/atmel/studio/7.0/toolchain/avr8/avr8-gnu-toolchain/bin/../lib/gcc/avr/5.4.0/avrxmega7\libgcc.a(_tablejump2.o)
 .text.libgcc.div
                0x00000000        0x0 c:/program files (x86)/atmel/studio/7.0/toolchain/avr8/avr8-gnu-toolchain/bin/../lib/gcc/avr/5.4.0/avrxmega7\libgcc.a(_tablejump2.o)
 .text.libgcc.prologue
                0x00000000        0x0 c:/program files (x86)/atmel/studio/7.0/toolchain/avr8/avr8-gnu-toolchain/bin/../lib/gcc/avr/5.4.0/avrxmega7\libgcc.a(_tablejump2.o)
 .text.libgcc.builtins
                0x00000000        0x0 c:/program files (x86)/atmel/studio/7.0/toolchain/avr8/avr8-gnu-toolchain/bin/../lib/gcc/avr/5.4.0/avrxmega7\libgcc.a(_tablejump2.o)
 .text.libgcc.fmul
                0x00000000        0x0 c:/program files (x86)/atmel/studio/7.0/toolchain/avr8/avr8-gnu-toolchain/bin/../lib/gcc/avr/5.4.0/avrxmega7\libgcc.a(_tablejump2.o)
 .text.libgcc.fixed
                0x00000000        0x0 c:/program files (x86)/atmel/studio/7.0/toolchain/avr8/avr8-gnu-toolchain/bin/../lib/gcc/avr/5.4.0/avrxmega7\libgcc.a(_tablejump2.o)
 .text          0x00000000        0x0 c:/program files (x86)/atmel/studio/7.0/toolchain/avr8/avr8-gnu-toolchain/bin/../lib/gcc/avr/5.4.0/avrxmega7\libgcc.a(_ctors.o)
 .data          0x00000000        0x0 c:/program files (x86)/atmel/studio/7.0/toolchain/avr8/avr8-gnu-toolchain/bin/../lib/gcc/avr/5.4.0/avrxmega7\libgcc.a(_ctors.o)
 .bss           0x00000000        0x0 c:/program files (x86)/atmel/studio/7.0/toolchain/avr8/avr8-gnu-toolchain/bin/../lib/gcc/avr/5.4.0/avrxmega7\libgcc.a(_ctors.o)
 .text.libgcc.mul
                0x00000000        0x0 c:/program files (x86)/atmel/studio/7.0/toolchain/avr8/avr8-gnu-toolchain/bin/../lib/gcc/avr/5.4.0/avrxmega7\libgcc.a(_ctors.o)
 .text.libgcc.div
                0x00000000        0x0 c:/program files (x86)/atmel/studio/7.0/toolchain/avr8/avr8-gnu-toolchain/bin/../lib/gcc/avr/5.4.0/avrxmega7\libgcc.a(_ctors.o)
 .text.libgcc   0x00000000        0x0 c:/program files (x86)/atmel/studio/7.0/toolchain/avr8/avr8-gnu-toolchain/bin/../lib/gcc/avr/5.4.0/avrxmega7\libgcc.a(_ctors.o)
 .text.libgcc.prologue
                0x00000000        0x0 c:/program files (x86)/atmel/studio/7.0/toolchain/avr8/avr8-gnu-toolchain/bin/../lib/gcc/avr/5.4.0/avrxmega7\libgcc.a(_ctors.o)
 .text.libgcc.builtins
                0x00000000        0x0 c:/program files (x86)/atmel/studio/7.0/toolchain/avr8/avr8-gnu-toolchain/bin/../lib/gcc/avr/5.4.0/avrxmega7\libgcc.a(_ctors.o)
 .text.libgcc.fmul
                0x00000000        0x0 c:/program files (x86)/atmel/studio/7.0/toolchain/avr8/avr8-gnu-toolchain/bin/../lib/gcc/avr/5.4.0/avrxmega7\libgcc.a(_ctors.o)
 .text.libgcc.fixed
                0x00000000        0x0 c:/program files (x86)/atmel/studio/7.0/toolchain/avr8/avr8-gnu-toolchain/bin/../lib/gcc/avr/5.4.0/avrxmega7\libgcc.a(_ctors.o)
 .text          0x00000000        0x0 c:/program files (x86)/atmel/studio/7.0/toolchain/avr8/avr8-gnu-toolchain/bin/../lib/gcc/avr/5.4.0/avrxmega7\libgcc.a(_muluhisi3.o)
 .data          0x00000000        0x0 c:/program files (x86)/atmel/studio/7.0/toolchain/avr8/avr8-gnu-toolchain/bin/../lib/gcc/avr/5.4.0/avrxmega7\libgcc.a(_muluhisi3.o)
 .bss           0x00000000        0x0 c:/program files (x86)/atmel/studio/7.0/toolchain/avr8/avr8-gnu-toolchain/bin/../lib/gcc/avr/5.4.0/avrxmega7\libgcc.a(_muluhisi3.o)
 .text.libgcc.div
                0x00000000        0x0 c:/program files (x86)/atmel/studio/7.0/toolchain/avr8/avr8-gnu-toolchain/bin/../lib/gcc/avr/5.4.0/avrxmega7\libgcc.a(_muluhisi3.o)
 .text.libgcc   0x00000000        0x0 c:/program files (x86)/atmel/studio/7.0/toolchain/avr8/avr8-gnu-toolchain/bin/../lib/gcc/avr/5.4.0/avrxmega7\libgcc.a(_muluhisi3.o)
 .text.libgcc.prologue
                0x00000000        0x0 c:/program files (x86)/atmel/studio/7.0/toolchain/avr8/avr8-gnu-toolchain/bin/../lib/gcc/avr/5.4.0/avrxmega7\libgcc.a(_muluhisi3.o)
 .text.libgcc.builtins
                0x00000000        0x0 c:/program files (x86)/atmel/studio/7.0/toolchain/avr8/avr8-gnu-toolchain/bin/../lib/gcc/avr/5.4.0/avrxmega7\libgcc.a(_muluhisi3.o)
 .text.libgcc.fmul
                0x00000000        0x0 c:/program files (x86)/atmel/studio/7.0/toolchain/avr8/avr8-gnu-toolchain/bin/../lib/gcc/avr/5.4.0/avrxmega7\libgcc.a(_muluhisi3.o)
 .text.libgcc.fixed
                0x00000000        0x0 c:/program files (x86)/atmel/studio/7.0/toolchain/avr8/avr8-gnu-toolchain/bin/../lib/gcc/avr/5.4.0/avrxmega7\libgcc.a(_muluhisi3.o)
 .text          0x00000000        0x0 c:/program files (x86)/atmel/studio/7.0/toolchain/avr8/avr8-gnu-toolchain/bin/../lib/gcc/avr/5.4.0/avrxmega7\libgcc.a(_umulhisi3.o)
 .data          0x00000000        0x0 c:/program files (x86)/atmel/studio/7.0/toolchain/avr8/avr8-gnu-toolchain/bin/../lib/gcc/avr/5.4.0/avrxmega7\libgcc.a(_umulhisi3.o)
 .bss           0x00000000        0x0 c:/program files (x86)/atmel/studio/7.0/toolchain/avr8/avr8-gnu-toolchain/bin/../lib/gcc/avr/5.4.0/avrxmega7\libgcc.a(_umulhisi3.o)
 .text.libgcc.div
                0x00000000        0x0 c:/program files (x86)/atmel/studio/7.0/toolchain/avr8/avr8-gnu-toolchain/bin/../lib/gcc/avr/5.4.0/avrxmega7\libgcc.a(_umulhisi3.o)
 .text.libgcc   0x00000000        0x0 c:/program files (x86)/atmel/studio/7.0/toolchain/avr8/avr8-gnu-toolchain/bin/../lib/gcc/avr/5.4.0/avrxmega7\libgcc.a(_umulhisi3.o)
 .text.libgcc.prologue
                0x00000000        0x0 c:/program files (x86)/atmel/studio/7.0/toolchain/avr8/avr8-gnu-toolchain/bin/../lib/gcc/avr/5.4.0/avrxmega7\libgcc.a(_umulhisi3.o)
 .text.libgcc.builtins
                0x00000000        0x0 c:/program files (x86)/atmel/studio/7.0/toolchain/avr8/avr8-gnu-toolchain/bin/../lib/gcc/avr/5.4.0/avrxmega7\libgcc.a(_umulhisi3.o)
 .text.libgcc.fmul
                0x00000000        0x0 c:/program files (x86)/atmel/studio/7.0/toolchain/avr8/avr8-gnu-toolchain/bin/../lib/gcc/avr/5.4.0/avrxmega7\libgcc.a(_umulhisi3.o)
 .text.libgcc.fixed
                0x00000000        0x0 c:/program files (x86)/atmel/studio/7.0/toolchain/avr8/avr8-gnu-toolchain/bin/../lib/gcc/avr/5.4.0/avrxmega7\libgcc.a(_umulhisi3.o)

Memory Configuration

Name             Origin             Length             Attributes
text             0x00000000         0x00100000         xr
data             0x00802000         0x0000ffa0         rw !x
eeprom           0x00810000         0x00010000         rw !x
fuse             0x00820000         0x00000006         rw !x
lock             0x00830000         0x00000400         rw !x
signature        0x00840000         0x00000400         rw !x
user_signatures  0x00850000         0x00000400         rw !x
*default*        0x00000000         0xffffffff

Linker script and memory map

LOAD C:/Program Files (x86)/Atmel/Studio/7.0/Packs/atmel/XMEGAA_DFP/1.1.68/gcc/dev/atxmega128a4u/avrxmega7/crtatxmega128a4u.o
LOAD Source/lib/freertos/croutine.o
LOAD Source/lqr.o
LOAD C:\Users\journ\AppData\Local\Temp\cczj5sw8.ltrans0.ltrans.o
LOAD C:\Users\journ\AppData\Local\Temp\cczj5sw8.ltrans1.ltrans.o
LOAD C:\Users\journ\AppData\Local\Temp\cczj5sw8.ltrans2.ltrans.o
LOAD Source/task_limit_switch.o
LOAD Source/task_motor_command.o
LOAD Source/task_motor_encoder.o
LOAD Source/task_pendulum_encoder.o
LOAD Source/task_skeleton.o
LOAD Source/task_system_controller.o
LOAD Source/task_user.o
LOAD Source/lib/freertos/heap_2.o
LOAD Source/lib/freertos/list.o
LOAD Source/lib/freertos/port.o
LOAD Source/lib/freertos/queue.o
LOAD Source/lib/freertos/tasks.o
LOAD Source/lib/frtcpp/base_data_receiver.o
LOAD Source/lib/frtcpp/frt_task.o
LOAD Source/lib/frtcpp/frt_task_stackprt.o
LOAD Source/lib/frtcpp/frt_task_status.o
LOAD Source/lib/frtcpp/frt_text_queue.o
LOAD Source/lib/frtcpp/func_get_run_time_counter.o
LOAD Source/lib/frtcpp/time_stamp_equal.o
LOAD Source/lib/frtcpp/time_stamp_get_us.o
LOAD Source/lib/frtcpp/time_stamp_greater.o
LOAD Source/lib/frtcpp/time_stamp_greater_eq.o
LOAD Source/lib/frtcpp/time_stamp_less.o
LOAD Source/lib/frtcpp/time_stamp_less_eq.o
LOAD Source/lib/frtcpp/time_stamp_lshift.o
LOAD Source/lib/frtcpp/time_stamp_minus.o
LOAD Source/lib/frtcpp/time_stamp_minus_eq.o
LOAD Source/lib/frtcpp/time_stamp_not_equal.o
LOAD Source/lib/frtcpp/time_stamp_plus.o
LOAD Source/lib/frtcpp/time_stamp_plus_eq.o
LOAD Source/lib/frtcpp/time_stamp_tick_res_time.o
LOAD Source/lib/frtcpp/time_stamp_to_float.o
LOAD Source/lib/frtcpp/time_stamp_to_now.o
LOAD Source/lib/frtcpp/time_stamp_to_now_ISR.o
LOAD Source/lib/misc/hex_dump_memory.o
LOAD Source/lib/misc/mechutil.o
LOAD Source/lib/serial/base232.o
LOAD Source/lib/serial/emstream.o
LOAD Source/lib/serial/emstream_bool.o
LOAD Source/lib/serial/emstream_float.o
LOAD Source/lib/serial/emstream_hex_receive.o
LOAD Source/lib/serial/emstream_hex_send.o
LOAD Source/lib/serial/emstream_int16_t.o
LOAD Source/lib/serial/emstream_int32_t.o
LOAD Source/lib/serial/emstream_int8_t.o
LOAD Source/lib/serial/emstream_pointer.o
LOAD Source/lib/serial/emstream_uint16_t.o
LOAD Source/lib/serial/emstream_uint32_t.o
LOAD Source/lib/serial/emstream_uint64_t.o
LOAD Source/lib/serial/emstream_uint8_t.o
LOAD Source/lib/serial/rs232int.o
LOAD Source/main.o
START GROUP
LOAD c:/program files (x86)/atmel/studio/7.0/toolchain/avr8/avr8-gnu-toolchain/bin/../lib/gcc/avr/5.4.0/../../../../avr/lib/avrxmega7\libm.a
END GROUP
LOAD c:/program files (x86)/atmel/studio/7.0/toolchain/avr8/avr8-gnu-toolchain/bin/../lib/gcc/avr/5.4.0/avrxmega7\libgcc.a
LOAD c:/program files (x86)/atmel/studio/7.0/toolchain/avr8/avr8-gnu-toolchain/bin/../lib/gcc/avr/5.4.0/../../../../avr/lib/avrxmega7\libm.a
START GROUP
LOAD c:/program files (x86)/atmel/studio/7.0/toolchain/avr8/avr8-gnu-toolchain/bin/../lib/gcc/avr/5.4.0/avrxmega7\libgcc.a
LOAD c:/program files (x86)/atmel/studio/7.0/toolchain/avr8/avr8-gnu-toolchain/bin/../lib/gcc/avr/5.4.0/../../../../avr/lib/avrxmega7\libm.a
LOAD c:/program files (x86)/atmel/studio/7.0/toolchain/avr8/avr8-gnu-toolchain/bin/../lib/gcc/avr/5.4.0/../../../../avr/lib/avrxmega7\libc.a
LOAD C:/Program Files (x86)/Atmel/Studio/7.0/Packs/atmel/XMEGAA_DFP/1.1.68/gcc/dev/atxmega128a4u/avrxmega7\libatxmega128a4u.a
END GROUP
                0x00000000                __TEXT_REGION_ORIGIN__ = DEFINED (__TEXT_REGION_ORIGIN__)?__TEXT_REGION_ORIGIN__:0x0
                0x00802000                __DATA_REGION_ORIGIN__ = DEFINED (__DATA_REGION_ORIGIN__)?__DATA_REGION_ORIGIN__:0x802000
                0x00100000                __TEXT_REGION_LENGTH__ = DEFINED (__TEXT_REGION_LENGTH__)?__TEXT_REGION_LENGTH__:0x100000
                0x0000ffa0                __DATA_REGION_LENGTH__ = DEFINED (__DATA_REGION_LENGTH__)?__DATA_REGION_LENGTH__:0xffa0
                0x00010000                __EEPROM_REGION_LENGTH__ = DEFINED (__EEPROM_REGION_LENGTH__)?__EEPROM_REGION_LENGTH__:0x10000
                [0x00000006]                __FUSE_REGION_LENGTH__ = DEFINED (__FUSE_REGION_LENGTH__)?__FUSE_REGION_LENGTH__:0x400
                0x00000400                __LOCK_REGION_LENGTH__ = DEFINED (__LOCK_REGION_LENGTH__)?__LOCK_REGION_LENGTH__:0x400
                0x00000400                __SIGNATURE_REGION_LENGTH__ = DEFINED (__SIGNATURE_REGION_LENGTH__)?__SIGNATURE_REGION_LENGTH__:0x400
                0x00000400                __USER_SIGNATURE_REGION_LENGTH__ = DEFINED (__USER_SIGNATURE_REGION_LENGTH__)?__USER_SIGNATURE_REGION_LENGTH__:0x400

.hash
 *(.hash)

.dynsym
 *(.dynsym)

.dynstr
 *(.dynstr)

.gnu.version
 *(.gnu.version)

.gnu.version_d
 *(.gnu.version_d)

.gnu.version_r
 *(.gnu.version_r)

.rel.init
 *(.rel.init)

.rela.init
 *(.rela.init)

.rel.text
 *(.rel.text)
 *(.rel.text.*)
 *(.rel.gnu.linkonce.t*)

.rela.text
 *(.rela.text)
 *(.rela.text.*)
 *(.rela.gnu.linkonce.t*)

.rel.fini
 *(.rel.fini)

.rela.fini
 *(.rela.fini)

.rel.rodata
 *(.rel.rodata)
 *(.rel.rodata.*)
 *(.rel.gnu.linkonce.r*)

.rela.rodata
 *(.rela.rodata)
 *(.rela.rodata.*)
 *(.rela.gnu.linkonce.r*)

.rel.data
 *(.rel.data)
 *(.rel.data.*)
 *(.rel.gnu.linkonce.d*)

.rela.data
 *(.rela.data)
 *(.rela.data.*)
 *(.rela.gnu.linkonce.d*)

.rel.ctors
 *(.rel.ctors)

.rela.ctors
 *(.rela.ctors)

.rel.dtors
 *(.rel.dtors)

.rela.dtors
 *(.rela.dtors)

.rel.got
 *(.rel.got)

.rela.got
 *(.rela.got)

.rel.bss
 *(.rel.bss)

.rela.bss
 *(.rela.bss)

.rel.plt
 *(.rel.plt)

.rela.plt
 *(.rela.plt)

.text           0x00000000     0x3f0e
 *(.vectors)
 .vectors       0x00000000      0x1fc C:/Program Files (x86)/Atmel/Studio/7.0/Packs/atmel/XMEGAA_DFP/1.1.68/gcc/dev/atxmega128a4u/avrxmega7/crtatxmega128a4u.o
                0x00000000                __vector_default
                0x00000000                __vectors
 *(.vectors)
 *(.progmem.gcc*)
 .progmem.gcc_sw_table
                0x000001fc       0x16 C:\Users\journ\AppData\Local\Temp\cczj5sw8.ltrans1.ltrans.o
                0x00000212                . = ALIGN (0x2)
                0x00000212                __trampolines_start = .
 *(.trampolines)
 .trampolines   0x00000212      0x108 linker stubs
 *(.trampolines*)
                0x0000031a                __trampolines_end = .
 *libprintf_flt.a:*(.progmem.data)
 *libc.a:*(.progmem.data)
 *(.progmem*)
 .progmem.something
                0x0000031a      0x299 C:\Users\journ\AppData\Local\Temp\cczj5sw8.ltrans0.ltrans.o
                0x000005b4                . = ALIGN (0x2)
 *fill*         0x000005b3        0x1 
 *(.jumptables)
 *(.jumptables*)
 *(.lowtext)
 *(.lowtext*)
                0x000005b4                __ctors_start = .
 *(.ctors)
 .ctors         0x000005b4        0x2 C:\Users\journ\AppData\Local\Temp\cczj5sw8.ltrans2.ltrans.o
                0x000005b6                __ctors_end = .
                0x000005b6                __dtors_start = .
 *(.dtors)
                0x000005b6                __dtors_end = .
 SORT(*)(.ctors)
 SORT(*)(.dtors)
 *(.init0)
 .init0         0x000005b6        0x0 C:/Program Files (x86)/Atmel/Studio/7.0/Packs/atmel/XMEGAA_DFP/1.1.68/gcc/dev/atxmega128a4u/avrxmega7/crtatxmega128a4u.o
                0x000005b6                __init
 *(.init0)
 *(.init1)
 *(.init1)
 *(.init2)
 .init2         0x000005b6       0x18 C:/Program Files (x86)/Atmel/Studio/7.0/Packs/atmel/XMEGAA_DFP/1.1.68/gcc/dev/atxmega128a4u/avrxmega7/crtatxmega128a4u.o
 *(.init2)
 *(.init3)
 *(.init3)
 *(.init4)
 .init4         0x000005ce       0x1c c:/program files (x86)/atmel/studio/7.0/toolchain/avr8/avr8-gnu-toolchain/bin/../lib/gcc/avr/5.4.0/avrxmega7\libgcc.a(_copy_data.o)
                0x000005ce                __do_copy_data
 .init4         0x000005ea       0x10 c:/program files (x86)/atmel/studio/7.0/toolchain/avr8/avr8-gnu-toolchain/bin/../lib/gcc/avr/5.4.0/avrxmega7\libgcc.a(_clear_bss.o)
                0x000005ea                __do_clear_bss
 *(.init4)
 *(.init5)
 *(.init5)
 *(.init6)
 .init6         0x000005fa       0x20 c:/program files (x86)/atmel/studio/7.0/toolchain/avr8/avr8-gnu-toolchain/bin/../lib/gcc/avr/5.4.0/avrxmega7\libgcc.a(_ctors.o)
                0x000005fa                __do_global_ctors
 *(.init6)
 *(.init7)
 *(.init7)
 *(.init8)
 *(.init8)
 *(.init9)
 .init9         0x0000061a        0x8 C:/Program Files (x86)/Atmel/Studio/7.0/Packs/atmel/XMEGAA_DFP/1.1.68/gcc/dev/atxmega128a4u/avrxmega7/crtatxmega128a4u.o
 *(.init9)
 *(.text)
 .text          0x00000622        0x4 C:/Program Files (x86)/Atmel/Studio/7.0/Packs/atmel/XMEGAA_DFP/1.1.68/gcc/dev/atxmega128a4u/avrxmega7/crtatxmega128a4u.o
                0x00000622                __vector_38
                0x00000622                __vector_104
                0x00000622                __vector_22
                0x00000622                __vector_63
                0x00000622                __vector_67
                0x00000622                __vector_1
                0x00000622                __vector_119
                0x00000622                __vector_32
                0x00000622                __vector_75
                0x00000622                __vector_71
                0x00000622                __vector_34
                0x00000622                __vector_62
                0x00000622                __vector_77
                0x00000622                __vector_102
                0x00000622                __vector_24
                0x00000622                __vector_12
                0x00000622                __vector_55
                0x00000622                __vector_69
                0x00000622                __vector_81
                0x00000622                __vector_90
                0x00000622                __vector_46
                0x00000622                __bad_interrupt
                0x00000622                __vector_122
                0x00000622                __vector_72
                0x00000622                __vector_114
                0x00000622                __vector_6
                0x00000622                __vector_110
                0x00000622                __vector_31
                0x00000622                __vector_92
                0x00000622                __vector_35
                0x00000622                __vector_78
                0x00000622                __vector_74
                0x00000622                __vector_117
                0x00000622                __vector_39
                0x00000622                __vector_107
                0x00000622                __vector_3
                0x00000622                __vector_105
                0x00000622                __vector_98
                0x00000622                __vector_23
                0x00000622                __vector_68
                0x00000622                __vector_30
                0x00000622                __vector_73
                0x00000622                __vector_45
                0x00000622                __vector_93
                0x00000622                __vector_61
                0x00000622                __vector_11
                0x00000622                __vector_54
                0x00000622                __vector_99
                0x00000622                __vector_13
                0x00000622                __vector_17
                0x00000622                __vector_19
                0x00000622                __vector_56
                0x00000622                __vector_7
                0x00000622                __vector_125
                0x00000622                __vector_123
                0x00000622                __vector_41
                0x00000622                __vector_86
                0x00000622                __vector_100
                0x00000622                __vector_101
                0x00000622                __vector_64
                0x00000622                __vector_109
                0x00000622                __vector_43
                0x00000622                __vector_27
                0x00000622                __vector_5
                0x00000622                __vector_113
                0x00000622                __vector_33
                0x00000622                __vector_76
                0x00000622                __vector_115
                0x00000622                __vector_47
                0x00000622                __vector_52
                0x00000622                __vector_37
                0x00000622                __vector_95
                0x00000622                __vector_103
                0x00000622                __vector_96
                0x00000622                __vector_89
                0x00000622                __vector_108
                0x00000622                __vector_4
                0x00000622                __vector_44
                0x00000622                __vector_82
                0x00000622                __vector_106
                0x00000622                __vector_118
                0x00000622                __vector_51
                0x00000622                __vector_9
                0x00000622                __vector_2
                0x00000622                __vector_21
                0x00000622                __vector_15
                0x00000622                __vector_66
                0x00000622                __vector_36
                0x00000622                __vector_79
                0x00000622                __vector_70
                0x00000622                __vector_83
                0x00000622                __vector_29
                0x00000622                __vector_60
                0x00000622                __vector_121
                0x00000622                __vector_40
                0x00000622                __vector_85
                0x00000622                __vector_94
                0x00000622                __vector_126
                0x00000622                __vector_8
                0x00000622                __vector_26
                0x00000622                __vector_48
                0x00000622                __vector_124
                0x00000622                __vector_116
                0x00000622                __vector_112
                0x00000622                __vector_111
                0x00000622                __vector_80
                0x00000622                __vector_14
                0x00000622                __vector_84
                0x00000622                __vector_57
                0x00000622                __vector_53
                0x00000622                __vector_10
                0x00000622                __vector_50
                0x00000622                __vector_16
                0x00000622                __vector_59
                0x00000622                __vector_18
                0x00000622                __vector_97
                0x00000622                __vector_20
                0x00000622                __vector_42
                0x00000622                __vector_87
                0x00000622                __vector_65
                0x00000622                __vector_120
 .text          0x00000626     0x1026 C:\Users\journ\AppData\Local\Temp\cczj5sw8.ltrans0.ltrans.o
                0x00000626                __cxa_pure_virtual
                0x00000a60                _ZN14frt_text_queue7getcharEv
                0x00000a9c                _ZN14frt_text_queue14check_for_charEv
                0x00000ab2                _ZN14frt_text_queue7putcharEc
                0x00000aee                _ZN8frt_task12print_statusER8emstream
                0x00000cc8                _ZN9task_user3runEv
                0x00001196                _ZN22task_system_controller3runEv
                0x000011da                _ZN18task_motor_encoder3runEv
                0x0000121e                _ZN18task_motor_command3runEv
                0x00001262                _ZN17task_limit_switch3runEv
                0x0000138e                _ZN21task_pendulum_encoder3runEv
                0x000014be                _ZN8frt_taskC2EPKchjP8emstream
 .text          0x0000164c      0xb2c C:\Users\journ\AppData\Local\Temp\cczj5sw8.ltrans1.ltrans.o
                0x00001718                _ZN8emstream12clear_screenEv
                0x0000171a                _ZN8emstream12transmit_nowEv
                0x0000171c                _ZN8emstream14check_for_charEv
                0x00001720                _ZN8emstream7getcharEv
                0x00001726                _ZN8emstream13ready_to_sendEv
                0x0000172a                __vector_58
                0x000017e6                __vector_91
                0x000018a2                __vector_88
                0x0000195e                __vector_28
                0x00001a1a                __vector_25
                0x00001ad6                _ZN8emstreamlsE15ser_manipulator
                0x00001b64                _ZN8emstream4putsEPKc
                0x00001bd2                main
                0x00001f3a                _ZN8emstreamlsEh
                0x0000203a                _ZN8emstreamlsEm
                0x000020be                _ZN8emstreamlsEj
                0x00002126                _ZN8emstreamlsEi
 .text          0x00002178      0x456 C:\Users\journ\AppData\Local\Temp\cczj5sw8.ltrans2.ltrans.o
                0x00002178                _ZN14frt_base_queueIbE11ISR_butt_inERKb
                0x0000217c                _ZN14frt_base_queueIbE7butt_inERKb
                0x00002180                _ZN14frt_base_queueIiE11ISR_butt_inERKi
                0x00002184                _ZN14frt_base_queueIiE7butt_inERKi
                0x00002188                _ZN9frt_queueIbE16ISR_num_items_inEv
                0x00002196                _ZN9frt_queueIbE13ISR_not_emptyEv
                0x000021ac                _ZN9frt_queueIbE12ISR_is_emptyEv
                0x000021c0                _ZN9frt_queueIiE16ISR_num_items_inEv
                0x000021ce                _ZN9frt_queueIiE13ISR_not_emptyEv
                0x000021e4                _ZN9frt_queueIiE12ISR_is_emptyEv
                0x000021f8                _ZN9frt_queueIbE12num_items_inEv
                0x00002206                _ZN9frt_queueIbE9not_emptyEv
                0x0000221c                _ZN9frt_queueIbE8is_emptyEv
                0x00002230                _ZN9frt_queueIiE12num_items_inEv
                0x0000223e                _ZN9frt_queueIiE9not_emptyEv
                0x00002254                _ZN9frt_queueIiE8is_emptyEv
                0x00002268                _ZN9frt_queueIbE10get_a_copyERb
                0x00002280                _ZN9frt_queueIbE10get_a_copyEv
                0x000022b0                _ZN9frt_queueIbE3getEPb
                0x000022c8                _ZN9frt_queueIbE3getEv
                0x000022f8                _ZN9frt_queueIiE10get_a_copyERi
                0x00002310                _ZN9frt_queueIiE10get_a_copyEv
                0x00002346                _ZN9frt_queueIiE3getEPi
                0x0000235e                _ZN9frt_queueIiE3getEv
                0x00002394                _ZN9frt_queueIbE7ISR_getEPb
                0x000023b6                _ZN9frt_queueIbE7ISR_getEv
                0x000023e4                _ZN9frt_queueIiE7ISR_getEPi
                0x00002406                _ZN9frt_queueIiE7ISR_getEv
                0x00002436                _ZN9frt_queueIbE11ISR_butt_inERKb
                0x00002466                _ZN9frt_queueIbE7ISR_putERKb
                0x00002496                _ZN9frt_queueIiE11ISR_butt_inERKi
                0x000024c6                _ZN9frt_queueIiE7ISR_putERKi
                0x000024f6                _ZN9frt_queueIbE7butt_inERKb
                0x0000251a                _ZN9frt_queueIbE3putERKb
                0x0000253e                _ZN9frt_queueIiE7butt_inERKi
                0x00002562                _ZN9frt_queueIiE3putERKi
                0x000025ce                . = ALIGN (0x2)
 *(.text.*)
 .text.pvPortMalloc
                0x000025ce      0x134 Source/lib/freertos/heap_2.o
                0x000025ce                pvPortMalloc
 .text.vPortFree
                0x00002702       0x66 Source/lib/freertos/heap_2.o
                0x00002702                vPortFree
 .text.xPortGetFreeHeapSize
                0x00002768        0xa Source/lib/freertos/heap_2.o
                0x00002768                xPortGetFreeHeapSize
 .text.vListInitialise
                0x00002772       0x22 Source/lib/freertos/list.o
                0x00002772                vListInitialise
 .text.vListInitialiseItem
                0x00002794        0x8 Source/lib/freertos/list.o
                0x00002794                vListInitialiseItem
 .text.vListInsertEnd
                0x0000279c       0x4e Source/lib/freertos/list.o
                0x0000279c                vListInsertEnd
 .text.vListInsert
                0x000027ea       0x96 Source/lib/freertos/list.o
                0x000027ea                vListInsert
 .text.vListRemove
                0x00002880       0x4c Source/lib/freertos/list.o
                0x00002880                vListRemove
 .text.pxPortInitialiseStack
                0x000028cc       0xec Source/lib/freertos/port.o
                0x000028cc                pxPortInitialiseStack
 .text.xPortStartScheduler
                0x000029b8       0x7c Source/lib/freertos/port.o
                0x000029b8                xPortStartScheduler
 .text.vPortYield
                0x00002a34       0xc2 Source/lib/freertos/port.o
                0x00002a34                vPortYield
 .text.vPortYieldFromTick
                0x00002af6       0xc6 Source/lib/freertos/port.o
                0x00002af6                vPortYieldFromTick
 .text.__vector_49
                0x00002bbc        0x6 Source/lib/freertos/port.o
                0x00002bbc                __vector_49
 .text.prvCopyDataToQueue
                0x00002bc2       0x98 Source/lib/freertos/queue.o
 .text.prvCopyDataFromQueue
                0x00002c5a       0x34 Source/lib/freertos/queue.o
 .text.prvUnlockQueue
                0x00002c8e       0x94 Source/lib/freertos/queue.o
 .text.xQueueGenericReset
                0x00002d22       0x78 Source/lib/freertos/queue.o
                0x00002d22                xQueueGenericReset
 .text.xQueueGenericCreate
                0x00002d9a       0x5c Source/lib/freertos/queue.o
                0x00002d9a                xQueueGenericCreate
 .text.xQueueGenericSend
                0x00002df6      0x136 Source/lib/freertos/queue.o
                0x00002df6                xQueueGenericSend
 .text.xQueueGenericSendFromISR
                0x00002f2c       0x58 Source/lib/freertos/queue.o
                0x00002f2c                xQueueGenericSendFromISR
 .text.xQueueGenericReceive
                0x00002f84      0x188 Source/lib/freertos/queue.o
                0x00002f84                xQueueGenericReceive
 .text.xQueueReceiveFromISR
                0x0000310c       0x5a Source/lib/freertos/queue.o
                0x0000310c                xQueueReceiveFromISR
 .text.uxQueueMessagesWaiting
                0x00003166       0x10 Source/lib/freertos/queue.o
                0x00003166                uxQueueMessagesWaiting
 .text.uxQueueMessagesWaitingFromISR
                0x00003176        0x6 Source/lib/freertos/queue.o
                0x00003176                uxQueueMessagesWaitingFromISR
 .text.prvIdleTask
                0x0000317c       0x10 Source/lib/freertos/tasks.o
 .text.prvAddCurrentTaskToDelayedList
                0x0000318c       0x9c Source/lib/freertos/tasks.o
 .text.xTaskGenericCreate
                0x00003228      0x204 Source/lib/freertos/tasks.o
                0x00003228                xTaskGenericCreate
 .text.uxTaskPriorityGet
                0x0000342c       0x1c Source/lib/freertos/tasks.o
                0x0000342c                uxTaskPriorityGet
 .text.vTaskStartScheduler
                0x00003448       0x66 Source/lib/freertos/tasks.o
                0x00003448                vTaskStartScheduler
 .text.vTaskSuspendAll
                0x000034ae        0xc Source/lib/freertos/tasks.o
                0x000034ae                vTaskSuspendAll
 .text.xTaskGetTickCount
                0x000034ba       0x1c Source/lib/freertos/tasks.o
                0x000034ba                xTaskGetTickCount
 .text.pcTaskGetTaskName
                0x000034d6       0x10 Source/lib/freertos/tasks.o
                0x000034d6                pcTaskGetTaskName
 .text.xTaskGetIdleTaskHandle
                0x000034e6        0xa Source/lib/freertos/tasks.o
                0x000034e6                xTaskGetIdleTaskHandle
 .text.vTaskIncrementTick
                0x000034f0      0x202 Source/lib/freertos/tasks.o
                0x000034f0                vTaskIncrementTick
 .text.xTaskResumeAll
                0x000036f2      0x104 Source/lib/freertos/tasks.o
                0x000036f2                xTaskResumeAll
 .text.vTaskDelayUntil
                0x000037f6       0xda Source/lib/freertos/tasks.o
                0x000037f6                vTaskDelayUntil
 .text.vTaskDelay
                0x000038d0       0x5c Source/lib/freertos/tasks.o
                0x000038d0                vTaskDelay
 .text.vTaskSwitchContext
                0x0000392c       0xba Source/lib/freertos/tasks.o
                0x0000392c                vTaskSwitchContext
 .text.vTaskPlaceOnEventList
                0x000039e6       0x54 Source/lib/freertos/tasks.o
                0x000039e6                vTaskPlaceOnEventList
 .text.xTaskRemoveFromEventList
                0x00003a3a       0x7e Source/lib/freertos/tasks.o
                0x00003a3a                xTaskRemoveFromEventList
 .text.vTaskSetTimeOutState
                0x00003ab8       0x22 Source/lib/freertos/tasks.o
                0x00003ab8                vTaskSetTimeOutState
 .text.xTaskCheckForTimeOut
                0x00003ada       0xda Source/lib/freertos/tasks.o
                0x00003ada                xTaskCheckForTimeOut
 .text.vTaskMissedYield
                0x00003bb4        0x8 Source/lib/freertos/tasks.o
                0x00003bb4                vTaskMissedYield
 .text.uxTaskGetStackHighWaterMark
                0x00003bbc       0x32 Source/lib/freertos/tasks.o
                0x00003bbc                uxTaskGetStackHighWaterMark
 .text.xTaskGetCurrentTaskHandle
                0x00003bee        0xa Source/lib/freertos/tasks.o
                0x00003bee                xTaskGetCurrentTaskHandle
 .text.vTaskPriorityInherit
                0x00003bf8       0xaa Source/lib/freertos/tasks.o
                0x00003bf8                vTaskPriorityInherit
 .text.vTaskPriorityDisinherit
                0x00003ca2       0x68 Source/lib/freertos/tasks.o
                0x00003ca2                vTaskPriorityDisinherit
 .text.libgcc.div
                0x00003d0a       0x2e c:/program files (x86)/atmel/studio/7.0/toolchain/avr8/avr8-gnu-toolchain/bin/../lib/gcc/avr/5.4.0/avrxmega7\libgcc.a(_divmodsi4.o)
                0x00003d0a                __divmodsi4
 .text.libgcc.div
                0x00003d38       0x10 c:/program files (x86)/atmel/studio/7.0/toolchain/avr8/avr8-gnu-toolchain/bin/../lib/gcc/avr/5.4.0/avrxmega7\libgcc.a(_negsi2.o)
                0x00003d38                __negsi2
 .text.libgcc.div
                0x00003d48       0x44 c:/program files (x86)/atmel/studio/7.0/toolchain/avr8/avr8-gnu-toolchain/bin/../lib/gcc/avr/5.4.0/avrxmega7\libgcc.a(_udivmodsi4.o)
                0x00003d48                __udivmodsi4
 .text.avr-libc
                0x00003d8c       0x12 c:/program files (x86)/atmel/studio/7.0/toolchain/avr8/avr8-gnu-toolchain/bin/../lib/gcc/avr/5.4.0/../../../../avr/lib/avrxmega7\libc.a(memcpy.o)
                0x00003d8c                memcpy
 .text.avr-libc
                0x00003d9e        0xe c:/program files (x86)/atmel/studio/7.0/toolchain/avr8/avr8-gnu-toolchain/bin/../lib/gcc/avr/5.4.0/../../../../avr/lib/avrxmega7\libc.a(memset.o)
                0x00003d9e                memset
 .text.avr-libc
                0x00003dac       0x1e c:/program files (x86)/atmel/studio/7.0/toolchain/avr8/avr8-gnu-toolchain/bin/../lib/gcc/avr/5.4.0/../../../../avr/lib/avrxmega7\libc.a(strncpy.o)
                0x00003dac                strncpy
 .text.avr-libc
                0x00003dca       0x16 c:/program files (x86)/atmel/studio/7.0/toolchain/avr8/avr8-gnu-toolchain/bin/../lib/gcc/avr/5.4.0/../../../../avr/lib/avrxmega7\libc.a(itoa_ncheck.o)
                0x00003dca                __itoa_ncheck
 .text.avr-libc
                0x00003de0       0x16 c:/program files (x86)/atmel/studio/7.0/toolchain/avr8/avr8-gnu-toolchain/bin/../lib/gcc/avr/5.4.0/../../../../avr/lib/avrxmega7\libc.a(ultoa.o)
                0x00003de0                ultoa
                0x00003de0                __ultoa
 .text.avr-libc
                0x00003df6       0x44 c:/program files (x86)/atmel/studio/7.0/toolchain/avr8/avr8-gnu-toolchain/bin/../lib/gcc/avr/5.4.0/../../../../avr/lib/avrxmega7\libc.a(ultoa_ncheck.o)
                0x00003df6                __ultoa_ncheck
                0x00003df8                __ultoa_common
 .text.avr-libc
                0x00003e3a       0x16 c:/program files (x86)/atmel/studio/7.0/toolchain/avr8/avr8-gnu-toolchain/bin/../lib/gcc/avr/5.4.0/../../../../avr/lib/avrxmega7\libc.a(utoa.o)
                0x00003e3a                __utoa
                0x00003e3a                utoa
 .text.avr-libc
                0x00003e50       0x34 c:/program files (x86)/atmel/studio/7.0/toolchain/avr8/avr8-gnu-toolchain/bin/../lib/gcc/avr/5.4.0/../../../../avr/lib/avrxmega7\libc.a(utoa_ncheck.o)
                0x00003e50                __utoa_ncheck
                0x00003e52                __utoa_common
 .text.avr-libc
                0x00003e84       0x20 c:/program files (x86)/atmel/studio/7.0/toolchain/avr8/avr8-gnu-toolchain/bin/../lib/gcc/avr/5.4.0/../../../../avr/lib/avrxmega7\libc.a(strrev.o)
                0x00003e84                strrev
 .text.libgcc.mul
                0x00003ea4       0x20 c:/program files (x86)/atmel/studio/7.0/toolchain/avr8/avr8-gnu-toolchain/bin/../lib/gcc/avr/5.4.0/avrxmega7\libgcc.a(_mulsi3.o)
                0x00003ea4                __mulsi3
 .text.libgcc   0x00003ec4       0x12 c:/program files (x86)/atmel/studio/7.0/toolchain/avr8/avr8-gnu-toolchain/bin/../lib/gcc/avr/5.4.0/avrxmega7\libgcc.a(_tablejump2.o)
                0x00003ec4                __tablejump2__
 .text.libgcc.mul
                0x00003ed6       0x16 c:/program files (x86)/atmel/studio/7.0/toolchain/avr8/avr8-gnu-toolchain/bin/../lib/gcc/avr/5.4.0/avrxmega7\libgcc.a(_muluhisi3.o)
                0x00003ed6                __muluhisi3
 .text.libgcc.mul
                0x00003eec       0x1e c:/program files (x86)/atmel/studio/7.0/toolchain/avr8/avr8-gnu-toolchain/bin/../lib/gcc/avr/5.4.0/avrxmega7\libgcc.a(_umulhisi3.o)
                0x00003eec                __umulhisi3
                0x00003f0a                . = ALIGN (0x2)
 *(.fini9)
 .fini9         0x00003f0a        0x0 c:/program files (x86)/atmel/studio/7.0/toolchain/avr8/avr8-gnu-toolchain/bin/../lib/gcc/avr/5.4.0/avrxmega7\libgcc.a(_exit.o)
                0x00003f0a                _exit
                0x00003f0a                exit
 *(.fini9)
 *(.fini8)
 *(.fini8)
 *(.fini7)
 *(.fini7)
 *(.fini6)
 *(.fini6)
 *(.fini5)
 *(.fini5)
 *(.fini4)
 *(.fini4)
 *(.fini3)
 *(.fini3)
 *(.fini2)
 *(.fini2)
 *(.fini1)
 *(.fini1)
 *(.fini0)
 .fini0         0x00003f0a        0x4 c:/program files (x86)/atmel/studio/7.0/toolchain/avr8/avr8-gnu-toolchain/bin/../lib/gcc/avr/5.4.0/avrxmega7\libgcc.a(_exit.o)
 *(.fini0)
                0x00003f0e                _etext = .

.data           0x00802000      0x13e load address 0x00003f0e
                0x00802000                PROVIDE (__data_start, .)
 *(.data)
 *(.data*)
 .data.xFreeBytesRemaining
                0x00802000        0x2 Source/lib/freertos/heap_2.o
 .data.xNextTaskUnblockTime
                0x00802002        0x4 Source/lib/freertos/tasks.o
 *(.gnu.linkonce.d*)
 *(.rodata)
 .rodata        0x00802006        0x8 C:\Users\journ\AppData\Local\Temp\cczj5sw8.ltrans0.ltrans.o
 .rodata        0x0080200e       0x88 C:\Users\journ\AppData\Local\Temp\cczj5sw8.ltrans1.ltrans.o
 .rodata        0x00802096       0x20 C:\Users\journ\AppData\Local\Temp\cczj5sw8.ltrans2.ltrans.o
                0x00802096                _ZTV8emstream
 *(.rodata*)
 .rodata.str1.1
                0x008020b6       0x2f C:\Users\journ\AppData\Local\Temp\cczj5sw8.ltrans0.ltrans.o
 .rodata.str1.1
                0x008020e5       0x53 C:\Users\journ\AppData\Local\Temp\cczj5sw8.ltrans1.ltrans.o
 .rodata.str1.1
                0x00802138        0x5 Source/lib/freertos/tasks.o
 *(.gnu.linkonce.r*)
                0x0080213e                . = ALIGN (0x2)
 *fill*         0x0080213d        0x1 
                0x0080213e                _edata = .
                0x0080213e                PROVIDE (__data_end, .)

.bss            0x0080213e     0x10a4
                0x0080213e                PROVIDE (__bss_start, .)
 *(.bss)
 .bss           0x0080213e        0x4 C:\Users\journ\AppData\Local\Temp\cczj5sw8.ltrans0.ltrans.o
 .bss           0x00802142       0x24 C:\Users\journ\AppData\Local\Temp\cczj5sw8.ltrans1.ltrans.o
                0x00802142                pendulum_encoder
                0x00802144                rightLimitSwitch
                0x00802146                leftLimitSwitch
 .bss           0x00802166       0x10 C:\Users\journ\AppData\Local\Temp\cczj5sw8.ltrans2.ltrans.o
                0x00802166                print_ser_queue
 *(.bss*)
 .bss.xHeapHasBeenInitialised.4150
                0x00802176        0x1 Source/lib/freertos/heap_2.o
 .bss.xEnd      0x00802177        0x4 Source/lib/freertos/heap_2.o
 .bss.xStart    0x0080217b        0x4 Source/lib/freertos/heap_2.o
 .bss.xHeap     0x0080217f      0xfff Source/lib/freertos/heap_2.o
 .bss.uxTaskNumber
                0x0080317e        0x1 Source/lib/freertos/tasks.o
 .bss.xNumOfOverflows
                0x0080317f        0x1 Source/lib/freertos/tasks.o
 .bss.xMissedYield
                0x00803180        0x1 Source/lib/freertos/tasks.o
 .bss.uxMissedTicks
                0x00803181        0x1 Source/lib/freertos/tasks.o
 .bss.uxSchedulerSuspended
                0x00803182        0x1 Source/lib/freertos/tasks.o
 .bss.xSchedulerRunning
                0x00803183        0x1 Source/lib/freertos/tasks.o
 .bss.uxTopReadyPriority
                0x00803184        0x1 Source/lib/freertos/tasks.o
 .bss.uxTopUsedPriority
                0x00803185        0x1 Source/lib/freertos/tasks.o
 .bss.xTickCount
                0x00803186        0x4 Source/lib/freertos/tasks.o
 .bss.uxCurrentNumberOfTasks
                0x0080318a        0x1 Source/lib/freertos/tasks.o
 .bss.xIdleTaskHandle
                0x0080318b        0x2 Source/lib/freertos/tasks.o
 .bss.xPendingReadyList
                0x0080318d        0xb Source/lib/freertos/tasks.o
 .bss.pxOverflowDelayedTaskList
                0x00803198        0x2 Source/lib/freertos/tasks.o
 .bss.pxDelayedTaskList
                0x0080319a        0x2 Source/lib/freertos/tasks.o
 .bss.xDelayedTaskList2
                0x0080319c        0xb Source/lib/freertos/tasks.o
 .bss.xDelayedTaskList1
                0x008031a7        0xb Source/lib/freertos/tasks.o
 .bss.pxReadyTasksLists
                0x008031b2       0x2c Source/lib/freertos/tasks.o
 .bss.pxCurrentTCB
                0x008031de        0x2 Source/lib/freertos/tasks.o
                0x008031de                pxCurrentTCB
 *(COMMON)
 COMMON         0x008031e0        0x2 Source/lib/freertos/port.o
                0x008031e0                portStackTopForTask
                0x008031e2                PROVIDE (__bss_end, .)
                0x00003f0e                __data_load_start = LOADADDR (.data)
                0x0000404c                __data_load_end = (__data_load_start + SIZEOF (.data))

.noinit         0x008031e2        0x0
                [!provide]                PROVIDE (__noinit_start, .)
 *(.noinit*)
                [!provide]                PROVIDE (__noinit_end, .)
                0x008031e2                _end = .
                [!provide]                PROVIDE (__heap_start, .)

.eeprom         0x00810000        0x0
 *(.eeprom*)
                0x00810000                __eeprom_end = .

.fuse
 *(.fuse)
 *(.lfuse)
 *(.hfuse)
 *(.efuse)

.lock
 *(.lock*)

.signature
 *(.signature*)

.user_signatures
 *(.user_signatures*)

.stab
 *(.stab)

.stabstr
 *(.stabstr)

.stab.excl
 *(.stab.excl)

.stab.exclstr
 *(.stab.exclstr)

.stab.index
 *(.stab.index)

.stab.indexstr
 *(.stab.indexstr)

.comment        0x00000000       0x30
 *(.comment)
 .comment       0x00000000       0x31 C:\Users\journ\AppData\Local\Temp\cczj5sw8.ltrans0.ltrans.o
 .comment       0x00000000       0x31 C:\Users\journ\AppData\Local\Temp\cczj5sw8.ltrans1.ltrans.o
 .comment       0x00000000       0x31 C:\Users\journ\AppData\Local\Temp\cczj5sw8.ltrans2.ltrans.o
 .comment       0x00000000       0x30 Source/lib/freertos/heap_2.o
                                 0x31 (size before relaxing)
 .comment       0x00000030       0x31 Source/lib/freertos/list.o
 .comment       0x00000030       0x31 Source/lib/freertos/port.o
 .comment       0x00000030       0x31 Source/lib/freertos/queue.o
 .comment       0x00000030       0x31 Source/lib/freertos/tasks.o

.note.gnu.avr.deviceinfo
                0x00000000       0x40
 .note.gnu.avr.deviceinfo
                0x00000000       0x40 C:/Program Files (x86)/Atmel/Studio/7.0/Packs/atmel/XMEGAA_DFP/1.1.68/gcc/dev/atxmega128a4u/avrxmega7/crtatxmega128a4u.o

.note.gnu.build-id
 *(.note.gnu.build-id)

.debug
 *(.debug)

.line
 *(.line)

.debug_srcinfo
 *(.debug_srcinfo)

.debug_sfnames
 *(.debug_sfnames)

.debug_aranges  0x00000000      0x248
 *(.debug_aranges)
 .debug_aranges
                0x00000000       0x38 Source/lib/freertos/heap_2.o
 .debug_aranges
                0x00000038       0x40 Source/lib/freertos/list.o
 .debug_aranges
                0x00000078       0x48 Source/lib/freertos/port.o
 .debug_aranges
                0x000000c0       0x98 Source/lib/freertos/queue.o
 .debug_aranges
                0x00000158       0xf0 Source/lib/freertos/tasks.o

.debug_pubnames
 *(.debug_pubnames)

.debug_info     0x00000000     0x5177
 *(.debug_info .gnu.linkonce.wi.*)
 .debug_info    0x00000000     0x284f C:/Program Files (x86)/Atmel/Studio/7.0/Packs/atmel/XMEGAA_DFP/1.1.68/gcc/dev/atxmega128a4u/avrxmega7/crtatxmega128a4u.o
 .debug_info    0x0000284f      0x30f Source/lib/freertos/heap_2.o
 .debug_info    0x00002b5e      0x2c5 Source/lib/freertos/list.o
 .debug_info    0x00002e23      0x275 Source/lib/freertos/port.o
 .debug_info    0x00003098      0xdde Source/lib/freertos/queue.o
 .debug_info    0x00003e76     0x1301 Source/lib/freertos/tasks.o

.debug_abbrev   0x00000000     0x2eea
 *(.debug_abbrev)
 .debug_abbrev  0x00000000     0x262c C:/Program Files (x86)/Atmel/Studio/7.0/Packs/atmel/XMEGAA_DFP/1.1.68/gcc/dev/atxmega128a4u/avrxmega7/crtatxmega128a4u.o
 .debug_abbrev  0x0000262c      0x1a9 Source/lib/freertos/heap_2.o
 .debug_abbrev  0x000027d5       0xf6 Source/lib/freertos/list.o
 .debug_abbrev  0x000028cb      0x16b Source/lib/freertos/port.o
 .debug_abbrev  0x00002a36      0x1f2 Source/lib/freertos/queue.o
 .debug_abbrev  0x00002c28      0x2c2 Source/lib/freertos/tasks.o

.debug_line     0x00000000     0x1bad
 *(.debug_line .debug_line.* .debug_line_end)
 .debug_line    0x00000000      0x3b5 C:/Program Files (x86)/Atmel/Studio/7.0/Packs/atmel/XMEGAA_DFP/1.1.68/gcc/dev/atxmega128a4u/avrxmega7/crtatxmega128a4u.o
 .debug_line    0x000003b5      0x25f Source/lib/freertos/heap_2.o
 .debug_line    0x00000614      0x17b Source/lib/freertos/list.o
 .debug_line    0x0000078f      0x31d Source/lib/freertos/port.o
 .debug_line    0x00000aac      0x725 Source/lib/freertos/queue.o
 .debug_line    0x000011d1      0x9dc Source/lib/freertos/tasks.o

.debug_frame    0x00000000      0x700
 *(.debug_frame)
 .debug_frame   0x00000000       0x7c Source/lib/freertos/heap_2.o
 .debug_frame   0x0000007c       0x84 Source/lib/freertos/list.o
 .debug_frame   0x00000100       0x74 Source/lib/freertos/port.o
 .debug_frame   0x00000174      0x20c Source/lib/freertos/queue.o
 .debug_frame   0x00000380      0x380 Source/lib/freertos/tasks.o

.debug_str      0x00000000     0x292e
 *(.debug_str)
 .debug_str     0x00000000     0x1aa8 C:/Program Files (x86)/Atmel/Studio/7.0/Packs/atmel/XMEGAA_DFP/1.1.68/gcc/dev/atxmega128a4u/avrxmega7/crtatxmega128a4u.o
 .debug_str     0x00001aa8      0x2c8 Source/lib/freertos/heap_2.o
                                0x301 (size before relaxing)
 .debug_str     0x00001d70      0x13e Source/lib/freertos/list.o
                                0x2b2 (size before relaxing)
 .debug_str     0x00001eae      0x135 Source/lib/freertos/port.o
                                0x2bf (size before relaxing)
 .debug_str     0x00001fe3      0x41d Source/lib/freertos/queue.o
                                0x6b1 (size before relaxing)
 .debug_str     0x00002400      0x52e Source/lib/freertos/tasks.o
                                0x988 (size before relaxing)

.debug_loc      0x00000000     0x2548
 *(.debug_loc)
 .debug_loc     0x00000000      0x2b1 Source/lib/freertos/heap_2.o
 .debug_loc     0x000002b1      0x136 Source/lib/freertos/list.o
 .debug_loc     0x000003e7      0x29b Source/lib/freertos/port.o
 .debug_loc     0x00000682      0xd6d Source/lib/freertos/queue.o
 .debug_loc     0x000013ef     0x1159 Source/lib/freertos/tasks.o

.debug_macinfo
 *(.debug_macinfo)

.debug_weaknames
 *(.debug_weaknames)

.debug_funcnames
 *(.debug_funcnames)

.debug_typenames
 *(.debug_typenames)

.debug_varnames
 *(.debug_varnames)

.debug_pubtypes
 *(.debug_pubtypes)

.debug_ranges   0x00000000      0x228
 *(.debug_ranges)
 .debug_ranges  0x00000000       0x28 Source/lib/freertos/heap_2.o
 .debug_ranges  0x00000028       0x30 Source/lib/freertos/list.o
 .debug_ranges  0x00000058       0x38 Source/lib/freertos/port.o
 .debug_ranges  0x00000090       0x88 Source/lib/freertos/queue.o
 .debug_ranges  0x00000118      0x110 Source/lib/freertos/tasks.o

.debug_macro
 *(.debug_macro)
OUTPUT(FREERTOS_SHELL.elf elf32-avr)
LOAD linker stubs
