Archive member included to satisfy reference by file (symbol)

c:/program files (x86)/atmel/studio/7.0/toolchain/avr8/avr8-gnu-toolchain/bin/../lib/gcc/avr/5.4.0/avrxmega7\libgcc.a(_divmodsi4.o)
                              Source/lib/frtcpp/time_stamp_lshift.o (symbol from plugin) (__divmodsi4)
c:/program files (x86)/atmel/studio/7.0/toolchain/avr8/avr8-gnu-toolchain/bin/../lib/gcc/avr/5.4.0/avrxmega7\libgcc.a(_negsi2.o)
                              c:/program files (x86)/atmel/studio/7.0/toolchain/avr8/avr8-gnu-toolchain/bin/../lib/gcc/avr/5.4.0/avrxmega7\libgcc.a(_divmodsi4.o) (__negsi2)
c:/program files (x86)/atmel/studio/7.0/toolchain/avr8/avr8-gnu-toolchain/bin/../lib/gcc/avr/5.4.0/avrxmega7\libgcc.a(_exit.o)
                              C:/Program Files (x86)/Atmel/Studio/7.0/Packs/atmel/XMEGAA_DFP/1.1.68/gcc/dev/atxmega128a4u/avrxmega7/crtatxmega128a4u.o (exit)
c:/program files (x86)/atmel/studio/7.0/toolchain/avr8/avr8-gnu-toolchain/bin/../lib/gcc/avr/5.4.0/avrxmega7\libgcc.a(_copy_data.o)
                              Source/lib/freertos/heap_2.o (__do_copy_data)
c:/program files (x86)/atmel/studio/7.0/toolchain/avr8/avr8-gnu-toolchain/bin/../lib/gcc/avr/5.4.0/avrxmega7\libgcc.a(_clear_bss.o)
                              Source/lib/freertos/croutine.o (__do_clear_bss)
c:/program files (x86)/atmel/studio/7.0/toolchain/avr8/avr8-gnu-toolchain/bin/../lib/gcc/avr/5.4.0/avrxmega7\libgcc.a(_udivmodsi4.o)
                              c:/program files (x86)/atmel/studio/7.0/toolchain/avr8/avr8-gnu-toolchain/bin/../lib/gcc/avr/5.4.0/avrxmega7\libgcc.a(_divmodsi4.o) (__udivmodsi4)
c:/program files (x86)/atmel/studio/7.0/toolchain/avr8/avr8-gnu-toolchain/bin/../lib/gcc/avr/5.4.0/../../../../avr/lib/avrxmega7\libc.a(ftoa_engine.o)
                              Source/lib/serial/emstream_float.o (symbol from plugin) (__ftoa_engine)
c:/program files (x86)/atmel/studio/7.0/toolchain/avr8/avr8-gnu-toolchain/bin/../lib/gcc/avr/5.4.0/../../../../avr/lib/avrxmega7\libc.a(memcpy.o)
                              Source/lib/freertos/queue.o (memcpy)
c:/program files (x86)/atmel/studio/7.0/toolchain/avr8/avr8-gnu-toolchain/bin/../lib/gcc/avr/5.4.0/../../../../avr/lib/avrxmega7\libc.a(memset.o)
                              Source/lib/freertos/tasks.o (memset)
c:/program files (x86)/atmel/studio/7.0/toolchain/avr8/avr8-gnu-toolchain/bin/../lib/gcc/avr/5.4.0/../../../../avr/lib/avrxmega7\libc.a(strncpy.o)
                              Source/lib/freertos/tasks.o (strncpy)
c:/program files (x86)/atmel/studio/7.0/toolchain/avr8/avr8-gnu-toolchain/bin/../lib/gcc/avr/5.4.0/../../../../avr/lib/avrxmega7\libc.a(itoa.o)
                              Source/lib/serial/emstream_int16_t.o (symbol from plugin) (__itoa)
c:/program files (x86)/atmel/studio/7.0/toolchain/avr8/avr8-gnu-toolchain/bin/../lib/gcc/avr/5.4.0/../../../../avr/lib/avrxmega7\libc.a(itoa_ncheck.o)
                              c:/program files (x86)/atmel/studio/7.0/toolchain/avr8/avr8-gnu-toolchain/bin/../lib/gcc/avr/5.4.0/../../../../avr/lib/avrxmega7\libc.a(itoa.o) (__itoa_ncheck)
c:/program files (x86)/atmel/studio/7.0/toolchain/avr8/avr8-gnu-toolchain/bin/../lib/gcc/avr/5.4.0/../../../../avr/lib/avrxmega7\libc.a(ltoa.o)
                              Source/lib/serial/emstream_int32_t.o (symbol from plugin) (__ltoa)
c:/program files (x86)/atmel/studio/7.0/toolchain/avr8/avr8-gnu-toolchain/bin/../lib/gcc/avr/5.4.0/../../../../avr/lib/avrxmega7\libc.a(ltoa_ncheck.o)
                              c:/program files (x86)/atmel/studio/7.0/toolchain/avr8/avr8-gnu-toolchain/bin/../lib/gcc/avr/5.4.0/../../../../avr/lib/avrxmega7\libc.a(ltoa.o) (__ltoa_ncheck)
c:/program files (x86)/atmel/studio/7.0/toolchain/avr8/avr8-gnu-toolchain/bin/../lib/gcc/avr/5.4.0/../../../../avr/lib/avrxmega7\libc.a(ultoa.o)
                              Source/lib/serial/emstream_uint32_t.o (symbol from plugin) (__ultoa)
c:/program files (x86)/atmel/studio/7.0/toolchain/avr8/avr8-gnu-toolchain/bin/../lib/gcc/avr/5.4.0/../../../../avr/lib/avrxmega7\libc.a(ultoa_ncheck.o)
                              c:/program files (x86)/atmel/studio/7.0/toolchain/avr8/avr8-gnu-toolchain/bin/../lib/gcc/avr/5.4.0/../../../../avr/lib/avrxmega7\libc.a(ultoa.o) (__ultoa_ncheck)
c:/program files (x86)/atmel/studio/7.0/toolchain/avr8/avr8-gnu-toolchain/bin/../lib/gcc/avr/5.4.0/../../../../avr/lib/avrxmega7\libc.a(utoa.o)
                              Source/lib/serial/emstream_uint16_t.o (symbol from plugin) (__utoa)
c:/program files (x86)/atmel/studio/7.0/toolchain/avr8/avr8-gnu-toolchain/bin/../lib/gcc/avr/5.4.0/../../../../avr/lib/avrxmega7\libc.a(utoa_ncheck.o)
                              c:/program files (x86)/atmel/studio/7.0/toolchain/avr8/avr8-gnu-toolchain/bin/../lib/gcc/avr/5.4.0/../../../../avr/lib/avrxmega7\libc.a(utoa.o) (__utoa_ncheck)
c:/program files (x86)/atmel/studio/7.0/toolchain/avr8/avr8-gnu-toolchain/bin/../lib/gcc/avr/5.4.0/../../../../avr/lib/avrxmega7\libc.a(strrev.o)
[...]
Memory Configuration

Name             Origin             Length             Attributes
text             0x00000000         0x00100000         xr
data             0x00802000         0x0000ffa0         rw !x
eeprom           0x00810000         0x00010000         rw !x
fuse             0x00820000         0x00000006         rw !x
lock             0x00830000         0x00000400         rw !x
signature        0x00840000         0x00000400         rw !x
user_signatures  0x00850000         0x00000400         rw !x
*default*        0x00000000         0xffffffff

Linker script and memory map

LOAD C:/Program Files (x86)/Atmel/Studio/7.0/Packs/atmel/XMEGAA_DFP/1.1.68/gcc/dev/atxmega128a4u/avrxmega7/crtatxmega128a4u.o
LOAD Source/lib/freertos/croutine.o
LOAD Source/lqr.o
LOAD C:\Users\journ\AppData\Local\Temp\ccYtMIHA.ltrans0.ltrans.o
LOAD C:\Users\journ\AppData\Local\Temp\ccYtMIHA.ltrans1.ltrans.o
LOAD C:\Users\journ\AppData\Local\Temp\ccYtMIHA.ltrans2.ltrans.o
LOAD Source/planner.o
LOAD Source/task_limit_switch.o
LOAD Source/task_motor_command.o
LOAD Source/task_motor_encoder.o
LOAD Source/task_pendulum_encoder.o
LOAD Source/task_skeleton.o
LOAD Source/task_system_controller.o
LOAD Source/task_user.o
LOAD Source/lib/freertos/heap_2.o
LOAD Source/lib/freertos/list.o
LOAD Source/lib/freertos/port.o
LOAD Source/lib/freertos/queue.o
LOAD Source/lib/freertos/tasks.o
LOAD Source/lib/frtcpp/base_data_receiver.o
LOAD Source/lib/frtcpp/frt_task.o
LOAD Source/lib/frtcpp/frt_task_stackprt.o
LOAD Source/lib/frtcpp/frt_task_status.o
LOAD Source/lib/frtcpp/frt_text_queue.o
LOAD Source/lib/frtcpp/func_get_run_time_counter.o
LOAD Source/lib/frtcpp/time_stamp_equal.o
LOAD Source/lib/frtcpp/time_stamp_get_us.o
LOAD Source/lib/frtcpp/time_stamp_greater.o
LOAD Source/lib/frtcpp/time_stamp_greater_eq.o
LOAD Source/lib/frtcpp/time_stamp_less.o
LOAD Source/lib/frtcpp/time_stamp_less_eq.o
LOAD Source/lib/frtcpp/time_stamp_lshift.o
LOAD Source/lib/frtcpp/time_stamp_minus.o
LOAD Source/lib/frtcpp/time_stamp_minus_eq.o
LOAD Source/lib/frtcpp/time_stamp_not_equal.o
LOAD Source/lib/frtcpp/time_stamp_plus.o
LOAD Source/lib/frtcpp/time_stamp_plus_eq.o
LOAD Source/lib/frtcpp/time_stamp_tick_res_time.o
LOAD Source/lib/frtcpp/time_stamp_to_float.o
LOAD Source/lib/frtcpp/time_stamp_to_now.o
LOAD Source/lib/frtcpp/time_stamp_to_now_ISR.o
LOAD Source/lib/misc/hex_dump_memory.o
LOAD Source/lib/misc/mechutil.o
LOAD Source/lib/serial/base232.o
LOAD Source/lib/serial/emstream.o
LOAD Source/lib/serial/emstream_bool.o
LOAD Source/lib/serial/emstream_float.o
LOAD Source/lib/serial/emstream_hex_receive.o
LOAD Source/lib/serial/emstream_hex_send.o
LOAD Source/lib/serial/emstream_int16_t.o
LOAD Source/lib/serial/emstream_int32_t.o
LOAD Source/lib/serial/emstream_int8_t.o
LOAD Source/lib/serial/emstream_pointer.o
LOAD Source/lib/serial/emstream_uint16_t.o
LOAD Source/lib/serial/emstream_uint32_t.o
LOAD Source/lib/serial/emstream_uint64_t.o
LOAD Source/lib/serial/emstream_uint8_t.o
LOAD Source/lib/serial/rs232int.o
LOAD Source/main.o
START GROUP
LOAD c:/program files (x86)/atmel/studio/7.0/toolchain/avr8/avr8-gnu-toolchain/bin/../lib/gcc/avr/5.4.0/../../../../avr/lib/avrxmega7\libm.a
END GROUP
LOAD c:/program files (x86)/atmel/studio/7.0/toolchain/avr8/avr8-gnu-toolchain/bin/../lib/gcc/avr/5.4.0/avrxmega7\libgcc.a
LOAD c:/program files (x86)/atmel/studio/7.0/toolchain/avr8/avr8-gnu-toolchain/bin/../lib/gcc/avr/5.4.0/../../../../avr/lib/avrxmega7\libm.a
START GROUP
LOAD c:/program files (x86)/atmel/studio/7.0/toolchain/avr8/avr8-gnu-toolchain/bin/../lib/gcc/avr/5.4.0/avrxmega7\libgcc.a
LOAD c:/program files (x86)/atmel/studio/7.0/toolchain/avr8/avr8-gnu-toolchain/bin/../lib/gcc/avr/5.4.0/../../../../avr/lib/avrxmega7\libm.a
LOAD c:/program files (x86)/atmel/studio/7.0/toolchain/avr8/avr8-gnu-toolchain/bin/../lib/gcc/avr/5.4.0/../../../../avr/lib/avrxmega7\libc.a
LOAD C:/Program Files (x86)/Atmel/Studio/7.0/Packs/atmel/XMEGAA_DFP/1.1.68/gcc/dev/atxmega128a4u/avrxmega7\libatxmega128a4u.a
END GROUP
                0x00000000                __TEXT_REGION_ORIGIN__ = DEFINED (__TEXT_REGION_ORIGIN__)?__TEXT_REGION_ORIGIN__:0x0
                0x00802000                __DATA_REGION_ORIGIN__ = DEFINED (__DATA_REGION_ORIGIN__)?__DATA_REGION_ORIGIN__:0x802000
                0x00100000                __TEXT_REGION_LENGTH__ = DEFINED (__TEXT_REGION_LENGTH__)?__TEXT_REGION_LENGTH__:0x100000
                0x0000ffa0                __DATA_REGION_LENGTH__ = DEFINED (__DATA_REGION_LENGTH__)?__DATA_REGION_LENGTH__:0xffa0
                0x00010000                __EEPROM_REGION_LENGTH__ = DEFINED (__EEPROM_REGION_LENGTH__)?__EEPROM_REGION_LENGTH__:0x10000
                [0x00000006]                __FUSE_REGION_LENGTH__ = DEFINED (__FUSE_REGION_LENGTH__)?__FUSE_REGION_LENGTH__:0x400
                0x00000400                __LOCK_REGION_LENGTH__ = DEFINED (__LOCK_REGION_LENGTH__)?__LOCK_REGION_LENGTH__:0x400
                0x00000400                __SIGNATURE_REGION_LENGTH__ = DEFINED (__SIGNATURE_REGION_LENGTH__)?__SIGNATURE_REGION_LENGTH__:0x400
                0x00000400                __USER_SIGNATURE_REGION_LENGTH__ = DEFINED (__USER_SIGNATURE_REGION_LENGTH__)?__USER_SIGNATURE_REGION_LENGTH__:0x400

.hash
 *(.hash)

.dynsym
 *(.dynsym)

.dynstr
 *(.dynstr)

.gnu.version
 *(.gnu.version)

.gnu.version_d
 *(.gnu.version_d)

.gnu.version_r
 *(.gnu.version_r)

.rel.init
 *(.rel.init)

.rela.init
 *(.rela.init)

.rel.text
 *(.rel.text)
 *(.rel.text.*)
 *(.rel.gnu.linkonce.t*)

.rela.text
 *(.rela.text)
 *(.rela.text.*)
 *(.rela.gnu.linkonce.t*)

.rel.fini
 *(.rel.fini)

.rela.fini
 *(.rela.fini)

.rel.rodata
 *(.rel.rodata)
 *(.rel.rodata.*)
 *(.rel.gnu.linkonce.r*)

.rela.rodata
 *(.rela.rodata)
 *(.rela.rodata.*)
 *(.rela.gnu.linkonce.r*)

.rel.data
 *(.rel.data)
 *(.rel.data.*)
 *(.rel.gnu.linkonce.d*)

.rela.data
 *(.rela.data)
 *(.rela.data.*)
 *(.rela.gnu.linkonce.d*)

.rel.ctors
 *(.rel.ctors)

.rela.ctors
 *(.rela.ctors)

.rel.dtors
 *(.rel.dtors)

.rela.dtors
 *(.rela.dtors)

.rel.got
 *(.rel.got)

.rela.got
 *(.rela.got)

.rel.bss
 *(.rel.bss)

.rela.bss
 *(.rela.bss)

.rel.plt
 *(.rel.plt)

.rela.plt
 *(.rela.plt)

.text           0x00000000     0x4d78
 *(.vectors)
 .vectors       0x00000000      0x1fc C:/Program Files (x86)/Atmel/Studio/7.0/Packs/atmel/XMEGAA_DFP/1.1.68/gcc/dev/atxmega128a4u/avrxmega7/crtatxmega128a4u.o
                0x00000000                __vector_default
                0x00000000                __vectors
 *(.vectors)
 *(.progmem.gcc*)
 .progmem.gcc_sw_table
                0x000001fc       0xb8 C:\Users\journ\AppData\Local\Temp\ccYtMIHA.ltrans0.ltrans.o
 .progmem.gcc_sw_table
                0x000002b4       0x16 C:\Users\journ\AppData\Local\Temp\ccYtMIHA.ltrans2.ltrans.o
                0x000002ca                . = ALIGN (0x2)
                0x000002ca                __trampolines_start = .
 *(.trampolines)
 .trampolines   0x000002ca       0xb4 linker stubs
 *(.trampolines*)
                0x0000037e                __trampolines_end = .
 *libprintf_flt.a:*(.progmem.data)
 *libc.a:*(.progmem.data)
 *(.progmem*)
 .progmem.something
                0x0000037e      0x35a C:\Users\journ\AppData\Local\Temp\ccYtMIHA.ltrans0.ltrans.o
 .progmem.something
                0x000006d8       0x61 C:\Users\journ\AppData\Local\Temp\ccYtMIHA.ltrans2.ltrans.o
                0x0000073a                . = ALIGN (0x2)
 *fill*         0x00000739        0x1 
 *(.jumptables)
 *(.jumptables*)
 *(.lowtext)
 *(.lowtext*)
                0x0000073a                __ctors_start = .
 *(.ctors)
 .ctors         0x0000073a        0x2 C:\Users\journ\AppData\Local\Temp\ccYtMIHA.ltrans1.ltrans.o
                0x0000073c                __ctors_end = .
                0x0000073c                __dtors_start = .
 *(.dtors)
                0x0000073c                __dtors_end = .
 SORT(*)(.ctors)
 SORT(*)(.dtors)
 *(.init0)
 .init0         0x0000073c        0x0 C:/Program Files (x86)/Atmel/Studio/7.0/Packs/atmel/XMEGAA_DFP/1.1.68/gcc/dev/atxmega128a4u/avrxmega7/crtatxmega128a4u.o
                0x0000073c                __init
 *(.init0)
 *(.init1)
 *(.init1)
 *(.init2)
 .init2         0x0000073c       0x18 C:/Program Files (x86)/Atmel/Studio/7.0/Packs/atmel/XMEGAA_DFP/1.1.68/gcc/dev/atxmega128a4u/avrxmega7/crtatxmega128a4u.o
 *(.init2)
 *(.init3)
 *(.init3)
 *(.init4)
 .init4         0x00000754       0x1c c:/program files (x86)/atmel/studio/7.0/toolchain/avr8/avr8-gnu-toolchain/bin/../lib/gcc/avr/5.4.0/avrxmega7\libgcc.a(_copy_data.o)
                0x00000754                __do_copy_data
 .init4         0x00000770       0x10 c:/program files (x86)/atmel/studio/7.0/toolchain/avr8/avr8-gnu-toolchain/bin/../lib/gcc/avr/5.4.0/avrxmega7\libgcc.a(_clear_bss.o)
                0x00000770                __do_clear_bss
 *(.init4)
 *(.init5)
 *(.init5)
 *(.init6)
 .init6         0x00000780       0x20 c:/program files (x86)/atmel/studio/7.0/toolchain/avr8/avr8-gnu-toolchain/bin/../lib/gcc/avr/5.4.0/avrxmega7\libgcc.a(_ctors.o)
                0x00000780                __do_global_ctors
 *(.init6)
 *(.init7)
 *(.init7)
 *(.init8)
 *(.init8)
 *(.init9)
 .init9         0x000007a0        0x8 C:/Program Files (x86)/Atmel/Studio/7.0/Packs/atmel/XMEGAA_DFP/1.1.68/gcc/dev/atxmega128a4u/avrxmega7/crtatxmega128a4u.o
 *(.init9)
 *(.text)
 .text          0x000007a8        0x4 C:/Program Files (x86)/Atmel/Studio/7.0/Packs/atmel/XMEGAA_DFP/1.1.68/gcc/dev/atxmega128a4u/avrxmega7/crtatxmega128a4u.o
                0x000007a8                __vector_38
                0x000007a8                __vector_104
                0x000007a8                __vector_22
                0x000007a8                __vector_63
                0x000007a8                __vector_67
                0x000007a8                __vector_1
                0x000007a8                __vector_119
                0x000007a8                __vector_32
                0x000007a8                __vector_75
                0x000007a8                __vector_71
                0x000007a8                __vector_34
                0x000007a8                __vector_62
                0x000007a8                __vector_77
                0x000007a8                __vector_102
                0x000007a8                __vector_24
                0x000007a8                __vector_12
                0x000007a8                __vector_55
                0x000007a8                __vector_69
                0x000007a8                __vector_81
                0x000007a8                __vector_90
                0x000007a8                __vector_46
                0x000007a8                __bad_interrupt
                0x000007a8                __vector_122
                0x000007a8                __vector_72
                0x000007a8                __vector_114
                0x000007a8                __vector_6
                0x000007a8                __vector_110
                0x000007a8                __vector_31
                0x000007a8                __vector_92
                0x000007a8                __vector_35
                0x000007a8                __vector_78
                0x000007a8                __vector_74
                0x000007a8                __vector_117
                0x000007a8                __vector_39
                0x000007a8                __vector_107
                0x000007a8                __vector_3
                0x000007a8                __vector_105
                0x000007a8                __vector_98
                0x000007a8                __vector_23
                0x000007a8                __vector_68
                0x000007a8                __vector_30
                0x000007a8                __vector_73
                0x000007a8                __vector_45
                0x000007a8                __vector_93
                0x000007a8                __vector_61
                0x000007a8                __vector_11
                0x000007a8                __vector_54
                0x000007a8                __vector_99
                0x000007a8                __vector_13
                0x000007a8                __vector_17
                0x000007a8                __vector_19
                0x000007a8                __vector_56
                0x000007a8                __vector_7
                0x000007a8                __vector_125
                0x000007a8                __vector_123
                0x000007a8                __vector_41
                0x000007a8                __vector_86
                0x000007a8                __vector_100
                0x000007a8                __vector_101
                0x000007a8                __vector_64
                0x000007a8                __vector_109
                0x000007a8                __vector_43
                0x000007a8                __vector_27
                0x000007a8                __vector_5
                0x000007a8                __vector_113
                0x000007a8                __vector_33
                0x000007a8                __vector_76
                0x000007a8                __vector_115
                0x000007a8                __vector_47
                0x000007a8                __vector_52
                0x000007a8                __vector_37
                0x000007a8                __vector_95
                0x000007a8                __vector_103
                0x000007a8                __vector_96
                0x000007a8                __vector_89
                0x000007a8                __vector_108
                0x000007a8                __vector_4
                0x000007a8                __vector_44
                0x000007a8                __vector_82
                0x000007a8                __vector_106
                0x000007a8                __vector_118
                0x000007a8                __vector_51
                0x000007a8                __vector_9
                0x000007a8                __vector_2
                0x000007a8                __vector_21
                0x000007a8                __vector_15
                0x000007a8                __vector_66
                0x000007a8                __vector_36
                0x000007a8                __vector_79
                0x000007a8                __vector_70
                0x000007a8                __vector_83
                0x000007a8                __vector_29
                0x000007a8                __vector_60
                0x000007a8                __vector_121
                0x000007a8                __vector_40
                0x000007a8                __vector_85
                0x000007a8                __vector_94
                0x000007a8                __vector_126
                0x000007a8                __vector_8
                0x000007a8                __vector_26
                0x000007a8                __vector_48
                0x000007a8                __vector_124
                0x000007a8                __vector_116
                0x000007a8                __vector_112
                0x000007a8                __vector_111
                0x000007a8                __vector_80
                0x000007a8                __vector_14
                0x000007a8                __vector_84
                0x000007a8                __vector_57
                0x000007a8                __vector_53
                0x000007a8                __vector_10
                0x000007a8                __vector_50
                0x000007a8                __vector_16
                0x000007a8                __vector_59
                0x000007a8                __vector_18
                0x000007a8                __vector_97
                0x000007a8                __vector_20
                0x000007a8                __vector_42
                0x000007a8                __vector_87
                0x000007a8                __vector_65
                0x000007a8                __vector_120
 .text          0x000007ac     0x15fa C:\Users\journ\AppData\Local\Temp\ccYtMIHA.ltrans0.ltrans.o
                0x00000988                _ZN9task_user3runEv
                0x00001020                _ZN22task_system_controller3runEv
                0x0000187a                _ZN21task_pendulum_encoder3runEv
                0x00001a6e                _ZN18task_motor_encoder3runEv
                0x00001bf4                _ZN18task_motor_command3runEv
                0x00001cb6                _ZN17task_limit_switch3runEv
 .text          0x00001da6      0x9a2 C:\Users\journ\AppData\Local\Temp\ccYtMIHA.ltrans1.ltrans.o
                0x00001eba                main
                0x0000229c                __vector_58
                0x00002358                __vector_91
                0x00002414                __vector_88
                0x000024d0                __vector_28
                0x0000258c                __vector_25
                0x00002648                _ZN8emstreamlsEh
 .text          0x00002748      0x92c C:\Users\journ\AppData\Local\Temp\ccYtMIHA.ltrans2.ltrans.o
                0x00002748                _ZN8emstream12clear_screenEv
                0x0000274a                _ZN8emstream12transmit_nowEv
                0x0000274c                _ZN8emstream14check_for_charEv
                0x00002750                _ZN8emstream7getcharEv
                0x00002756                _ZN8emstream13ready_to_sendEv
                0x0000275a                __cxa_pure_virtual
                0x0000275c                _ZN14frt_text_queue7getcharEv
                0x00002798                _ZN14frt_text_queue14check_for_charEv
                0x000027ae                _ZN14frt_text_queue7putcharEc
                0x00002808                _ZN8emstreamlsE15ser_manipulator
                0x00002896                _ZN8emstream4putsEPKc
                0x00002904                _ZN8emstreamlsEm
                0x00002988                _ZN8emstreamlsEj
                0x000029f0                _ZN8emstreamlsEi
                0x00002a42                _ZN8frt_task12print_statusER8emstream
                0x00002b62                _Z15hex_dump_memoryPhS_P8emstreambh
                0x00002cc0                _ZN10time_stamp10set_to_nowEv
                0x00002cf0                _ZlsR8emstreamR10time_stamp
                0x00002e12                _ZN8frt_task20print_status_in_listEP8emstream
                0x00002e4a                _ZN8frt_task19print_stack_in_listEP8emstream
                0x00002ee6                _ZN8frt_taskC2EPKchjP8emstream
                0x00003074                . = ALIGN (0x2)
 *(.text.*)
 .text.pvPortMalloc
                0x00003074      0x134 Source/lib/freertos/heap_2.o
                0x00003074                pvPortMalloc
 .text.vPortFree
                0x000031a8       0x66 Source/lib/freertos/heap_2.o
                0x000031a8                vPortFree
 .text.xPortGetFreeHeapSize
                0x0000320e        0xa Source/lib/freertos/heap_2.o
                0x0000320e                xPortGetFreeHeapSize
 .text.vListInitialise
                0x00003218       0x22 Source/lib/freertos/list.o
                0x00003218                vListInitialise
 .text.vListInitialiseItem
                0x0000323a        0x8 Source/lib/freertos/list.o
                0x0000323a                vListInitialiseItem
 .text.vListInsertEnd
                0x00003242       0x4e Source/lib/freertos/list.o
                0x00003242                vListInsertEnd
 .text.vListInsert
                0x00003290       0x96 Source/lib/freertos/list.o
                0x00003290                vListInsert
 .text.vListRemove
                0x00003326       0x4c Source/lib/freertos/list.o
                0x00003326                vListRemove
 .text.pxPortInitialiseStack
                0x00003372       0xec Source/lib/freertos/port.o
                0x00003372                pxPortInitialiseStack
 .text.xPortStartScheduler
                0x0000345e       0x7c Source/lib/freertos/port.o
                0x0000345e                xPortStartScheduler
 .text.vPortYield
                0x000034da       0xc2 Source/lib/freertos/port.o
                0x000034da                vPortYield
 .text.vPortYieldFromTick
                0x0000359c       0xc6 Source/lib/freertos/port.o
                0x0000359c                vPortYieldFromTick
 .text.__vector_49
                0x00003662        0x6 Source/lib/freertos/port.o
                0x00003662                __vector_49
 .text.prvCopyDataToQueue
                0x00003668       0x98 Source/lib/freertos/queue.o
 .text.prvCopyDataFromQueue
                0x00003700       0x34 Source/lib/freertos/queue.o
 .text.prvUnlockQueue
                0x00003734       0x94 Source/lib/freertos/queue.o
 .text.xQueueGenericReset
                0x000037c8       0x78 Source/lib/freertos/queue.o
                0x000037c8                xQueueGenericReset
 .text.xQueueGenericCreate
                0x00003840       0x5c Source/lib/freertos/queue.o
                0x00003840                xQueueGenericCreate
 .text.xQueueGenericSend
                0x0000389c      0x136 Source/lib/freertos/queue.o
                0x0000389c                xQueueGenericSend
 .text.xQueueGenericReceive
                0x000039d2      0x188 Source/lib/freertos/queue.o
                0x000039d2                xQueueGenericReceive
 .text.uxQueueMessagesWaiting
                0x00003b5a       0x10 Source/lib/freertos/queue.o
                0x00003b5a                uxQueueMessagesWaiting
 .text.prvIdleTask
                0x00003b6a       0x10 Source/lib/freertos/tasks.o
 .text.prvAddCurrentTaskToDelayedList
                0x00003b7a       0x9c Source/lib/freertos/tasks.o
 .text.xTaskGenericCreate
                0x00003c16      0x204 Source/lib/freertos/tasks.o
                0x00003c16                xTaskGenericCreate
 .text.uxTaskPriorityGet
                0x00003e1a       0x1c Source/lib/freertos/tasks.o
                0x00003e1a                uxTaskPriorityGet
 .text.vTaskStartScheduler
                0x00003e36       0x66 Source/lib/freertos/tasks.o
                0x00003e36                vTaskStartScheduler
 .text.vTaskSuspendAll
                0x00003e9c        0xc Source/lib/freertos/tasks.o
                0x00003e9c                vTaskSuspendAll
 .text.xTaskGetTickCount
                0x00003ea8       0x1c Source/lib/freertos/tasks.o
                0x00003ea8                xTaskGetTickCount
 .text.pcTaskGetTaskName
                0x00003ec4       0x10 Source/lib/freertos/tasks.o
                0x00003ec4                pcTaskGetTaskName
 .text.xTaskGetIdleTaskHandle
                0x00003ed4        0xa Source/lib/freertos/tasks.o
                0x00003ed4                xTaskGetIdleTaskHandle
 .text.vTaskIncrementTick
                0x00003ede      0x202 Source/lib/freertos/tasks.o
                0x00003ede                vTaskIncrementTick
 .text.xTaskResumeAll
                0x000040e0      0x104 Source/lib/freertos/tasks.o
                0x000040e0                xTaskResumeAll
 .text.vTaskDelayUntil
                0x000041e4       0xda Source/lib/freertos/tasks.o
                0x000041e4                vTaskDelayUntil
 .text.vTaskDelay
                0x000042be       0x5c Source/lib/freertos/tasks.o
                0x000042be                vTaskDelay
 .text.vTaskSwitchContext
                0x0000431a       0xba Source/lib/freertos/tasks.o
                0x0000431a                vTaskSwitchContext
 .text.vTaskPlaceOnEventList
                0x000043d4       0x54 Source/lib/freertos/tasks.o
                0x000043d4                vTaskPlaceOnEventList
 .text.xTaskRemoveFromEventList
                0x00004428       0x7e Source/lib/freertos/tasks.o
                0x00004428                xTaskRemoveFromEventList
 .text.vTaskSetTimeOutState
                0x000044a6       0x22 Source/lib/freertos/tasks.o
                0x000044a6                vTaskSetTimeOutState
 .text.xTaskCheckForTimeOut
                0x000044c8       0xda Source/lib/freertos/tasks.o
                0x000044c8                xTaskCheckForTimeOut
 .text.vTaskMissedYield
                0x000045a2        0x8 Source/lib/freertos/tasks.o
                0x000045a2                vTaskMissedYield
 .text.uxTaskGetStackHighWaterMark
                0x000045aa       0x32 Source/lib/freertos/tasks.o
                0x000045aa                uxTaskGetStackHighWaterMark
 .text.xTaskGetCurrentTaskHandle
                0x000045dc        0xa Source/lib/freertos/tasks.o
                0x000045dc                xTaskGetCurrentTaskHandle
 .text.vTaskPriorityInherit
                0x000045e6       0xaa Source/lib/freertos/tasks.o
                0x000045e6                vTaskPriorityInherit
 .text.vTaskPriorityDisinherit
                0x00004690       0x68 Source/lib/freertos/tasks.o
                0x00004690                vTaskPriorityDisinherit
 .text.libgcc.div
                0x000046f8       0x2e c:/program files (x86)/atmel/studio/7.0/toolchain/avr8/avr8-gnu-toolchain/bin/../lib/gcc/avr/5.4.0/avrxmega7\libgcc.a(_divmodsi4.o)
                0x000046f8                __divmodsi4
 .text.libgcc.div
                0x00004726       0x10 c:/program files (x86)/atmel/studio/7.0/toolchain/avr8/avr8-gnu-toolchain/bin/../lib/gcc/avr/5.4.0/avrxmega7\libgcc.a(_negsi2.o)
                0x00004726                __negsi2
 .text.libgcc.div
                0x00004736       0x44 c:/program files (x86)/atmel/studio/7.0/toolchain/avr8/avr8-gnu-toolchain/bin/../lib/gcc/avr/5.4.0/avrxmega7\libgcc.a(_udivmodsi4.o)
                0x00004736                __udivmodsi4
 .text.avr-libc
                0x0000477a       0x12 c:/program files (x86)/atmel/studio/7.0/toolchain/avr8/avr8-gnu-toolchain/bin/../lib/gcc/avr/5.4.0/../../../../avr/lib/avrxmega7\libc.a(memcpy.o)
                0x0000477a                memcpy
 .text.avr-libc
                0x0000478c        0xe c:/program files (x86)/atmel/studio/7.0/toolchain/avr8/avr8-gnu-toolchain/bin/../lib/gcc/avr/5.4.0/../../../../avr/lib/avrxmega7\libc.a(memset.o)
                0x0000478c                memset
 .text.avr-libc
                0x0000479a       0x1e c:/program files (x86)/atmel/studio/7.0/toolchain/avr8/avr8-gnu-toolchain/bin/../lib/gcc/avr/5.4.0/../../../../avr/lib/avrxmega7\libc.a(strncpy.o)
                0x0000479a                strncpy
 .text.avr-libc
                0x000047b8       0x16 c:/program files (x86)/atmel/studio/7.0/toolchain/avr8/avr8-gnu-toolchain/bin/../lib/gcc/avr/5.4.0/../../../../avr/lib/avrxmega7\libc.a(itoa_ncheck.o)
                0x000047b8                __itoa_ncheck
 .text.avr-libc
                0x000047ce       0x16 c:/program files (x86)/atmel/studio/7.0/toolchain/avr8/avr8-gnu-toolchain/bin/../lib/gcc/avr/5.4.0/../../../../avr/lib/avrxmega7\libc.a(ultoa.o)
                0x000047ce                ultoa
                0x000047ce                __ultoa
 .text.avr-libc
                0x000047e4       0x44 c:/program files (x86)/atmel/studio/7.0/toolchain/avr8/avr8-gnu-toolchain/bin/../lib/gcc/avr/5.4.0/../../../../avr/lib/avrxmega7\libc.a(ultoa_ncheck.o)
                0x000047e4                __ultoa_ncheck
                0x000047e6                __ultoa_common
 .text.avr-libc
                0x00004828       0x16 c:/program files (x86)/atmel/studio/7.0/toolchain/avr8/avr8-gnu-toolchain/bin/../lib/gcc/avr/5.4.0/../../../../avr/lib/avrxmega7\libc.a(utoa.o)
                0x00004828                __utoa
                0x00004828                utoa
 .text.avr-libc
                0x0000483e       0x34 c:/program files (x86)/atmel/studio/7.0/toolchain/avr8/avr8-gnu-toolchain/bin/../lib/gcc/avr/5.4.0/../../../../avr/lib/avrxmega7\libc.a(utoa_ncheck.o)
                0x0000483e                __utoa_ncheck
                0x00004840                __utoa_common
 .text.avr-libc
                0x00004872       0x20 c:/program files (x86)/atmel/studio/7.0/toolchain/avr8/avr8-gnu-toolchain/bin/../lib/gcc/avr/5.4.0/../../../../avr/lib/avrxmega7\libc.a(strrev.o)
                0x00004872                strrev
 .text.avr-libc.fplib
                0x00004892        0xe c:/program files (x86)/atmel/studio/7.0/toolchain/avr8/avr8-gnu-toolchain/bin/../lib/gcc/avr/5.4.0/../../../../avr/lib/avrxmega7\libm.a(addsf3.o)
                0x00004892                __subsf3
                0x00004894                __addsf3
 .text.avr-libc.fplib
                0x000048a0       0xcc c:/program files (x86)/atmel/studio/7.0/toolchain/avr8/avr8-gnu-toolchain/bin/../lib/gcc/avr/5.4.0/../../../../avr/lib/avrxmega7\libm.a(addsf3x.o)
                0x000048c2                __addsf3x
 .text.avr-libc.fplib
                0x0000496c        0xa c:/program files (x86)/atmel/studio/7.0/toolchain/avr8/avr8-gnu-toolchain/bin/../lib/gcc/avr/5.4.0/../../../../avr/lib/avrxmega7\libm.a(cmpsf2.o)
                0x0000496c                __nesf2
                0x0000496c                __eqsf2
                0x0000496c                __cmpsf2
                0x0000496c                __ltsf2
                0x0000496c                __lesf2
 .text.avr-libc.fplib
                0x00004976        0x8 c:/program files (x86)/atmel/studio/7.0/toolchain/avr8/avr8-gnu-toolchain/bin/../lib/gcc/avr/5.4.0/../../../../avr/lib/avrxmega7\libm.a(divsf3.o)
                0x00004976                __divsf3
 .text.avr-libc.fplib
                0x0000497e       0xdc c:/program files (x86)/atmel/studio/7.0/toolchain/avr8/avr8-gnu-toolchain/bin/../lib/gcc/avr/5.4.0/../../../../avr/lib/avrxmega7\libm.a(divsf3x.o)
                0x0000499e                __divsf3x
                0x000049a4                __divsf3_pse
 .text.avr-libc.fplib
                0x00004a5a        0xe c:/program files (x86)/atmel/studio/7.0/toolchain/avr8/avr8-gnu-toolchain/bin/../lib/gcc/avr/5.4.0/../../../../avr/lib/avrxmega7\libm.a(fixsfsi.o)
                0x00004a5a                __fixsfsi
 .text.avr-libc.fplib
                0x00004a68       0x5e c:/program files (x86)/atmel/studio/7.0/toolchain/avr8/avr8-gnu-toolchain/bin/../lib/gcc/avr/5.4.0/../../../../avr/lib/avrxmega7\libm.a(fixunssfsi.o)
                0x00004a68                __fixunssfsi
 .text.avr-libc.fplib
                0x00004ac6       0x7a c:/program files (x86)/atmel/studio/7.0/toolchain/avr8/avr8-gnu-toolchain/bin/../lib/gcc/avr/5.4.0/../../../../avr/lib/avrxmega7\libm.a(floatsisf.o)
                0x00004ac6                __floatunsisf
                0x00004aca                __floatsisf
 .text.avr-libc.fplib
                0x00004b40       0x48 c:/program files (x86)/atmel/studio/7.0/toolchain/avr8/avr8-gnu-toolchain/bin/../lib/gcc/avr/5.4.0/../../../../avr/lib/avrxmega7\libm.a(fp_cmp.o)
                0x00004b40                __fp_cmp
 .text.avr-libc.fplib
                0x00004b88        0xc c:/program files (x86)/atmel/studio/7.0/toolchain/avr8/avr8-gnu-toolchain/bin/../lib/gcc/avr/5.4.0/../../../../avr/lib/avrxmega7\libm.a(fp_inf.o)
                0x00004b88                __fp_inf
 .text.avr-libc.fplib
                0x00004b94        0x6 c:/program files (x86)/atmel/studio/7.0/toolchain/avr8/avr8-gnu-toolchain/bin/../lib/gcc/avr/5.4.0/../../../../avr/lib/avrxmega7\libm.a(fp_nan.o)
                0x00004b94                __fp_nan
 .text.avr-libc.fplib
                0x00004b9a        0xe c:/program files (x86)/atmel/studio/7.0/toolchain/avr8/avr8-gnu-toolchain/bin/../lib/gcc/avr/5.4.0/../../../../avr/lib/avrxmega7\libm.a(fp_pscA.o)
                0x00004b9a                __fp_pscA
 .text.avr-libc.fplib
                0x00004ba8        0xe c:/program files (x86)/atmel/studio/7.0/toolchain/avr8/avr8-gnu-toolchain/bin/../lib/gcc/avr/5.4.0/../../../../avr/lib/avrxmega7\libm.a(fp_pscB.o)
                0x00004ba8                __fp_pscB
 .text.avr-libc.fplib
                0x00004bb6       0x22 c:/program files (x86)/atmel/studio/7.0/toolchain/avr8/avr8-gnu-toolchain/bin/../lib/gcc/avr/5.4.0/../../../../avr/lib/avrxmega7\libm.a(fp_round.o)
                0x00004bb6                __fp_round
 .text.avr-libc.fplib
                0x00004bd8       0x44 c:/program files (x86)/atmel/studio/7.0/toolchain/avr8/avr8-gnu-toolchain/bin/../lib/gcc/avr/5.4.0/../../../../avr/lib/avrxmega7\libm.a(fp_split3.o)
                0x00004bd8                __fp_split3
                0x00004be8                __fp_splitA
 .text.avr-libc.fplib
                0x00004c1c        0xe c:/program files (x86)/atmel/studio/7.0/toolchain/avr8/avr8-gnu-toolchain/bin/../lib/gcc/avr/5.4.0/../../../../avr/lib/avrxmega7\libm.a(fp_zero.o)
                0x00004c1c                __fp_zero
                0x00004c1e                __fp_szero
 .text.avr-libc.fplib
                0x00004c2a        0xa c:/program files (x86)/atmel/studio/7.0/toolchain/avr8/avr8-gnu-toolchain/bin/../lib/gcc/avr/5.4.0/../../../../avr/lib/avrxmega7\libm.a(gesf2.o)
                0x00004c2a                __gesf2
                0x00004c2a                __gtsf2
 .text.avr-libc.fplib
                0x00004c34        0x8 c:/program files (x86)/atmel/studio/7.0/toolchain/avr8/avr8-gnu-toolchain/bin/../lib/gcc/avr/5.4.0/../../../../avr/lib/avrxmega7\libm.a(mulsf3.o)
                0x00004c34                __mulsf3
 .text.avr-libc.fplib
                0x00004c3c       0xd2 c:/program files (x86)/atmel/studio/7.0/toolchain/avr8/avr8-gnu-toolchain/bin/../lib/gcc/avr/5.4.0/../../../../avr/lib/avrxmega7\libm.a(mulsf3x.o)
                0x00004c5a                __mulsf3x
                0x00004c60                __mulsf3_pse
 .text.libgcc.mul
                0x00004d0e       0x20 c:/program files (x86)/atmel/studio/7.0/toolchain/avr8/avr8-gnu-toolchain/bin/../lib/gcc/avr/5.4.0/avrxmega7\libgcc.a(_mulsi3.o)
                0x00004d0e                __mulsi3
 .text.libgcc   0x00004d2e       0x12 c:/program files (x86)/atmel/studio/7.0/toolchain/avr8/avr8-gnu-toolchain/bin/../lib/gcc/avr/5.4.0/avrxmega7\libgcc.a(_tablejump2.o)
                0x00004d2e                __tablejump2__
 .text.libgcc.mul
                0x00004d40       0x16 c:/program files (x86)/atmel/studio/7.0/toolchain/avr8/avr8-gnu-toolchain/bin/../lib/gcc/avr/5.4.0/avrxmega7\libgcc.a(_muluhisi3.o)
                0x00004d40                __muluhisi3
 .text.libgcc.mul
                0x00004d56       0x1e c:/program files (x86)/atmel/studio/7.0/toolchain/avr8/avr8-gnu-toolchain/bin/../lib/gcc/avr/5.4.0/avrxmega7\libgcc.a(_umulhisi3.o)
                0x00004d56                __umulhisi3
                0x00004d74                . = ALIGN (0x2)
 *(.fini9)
 .fini9         0x00004d74        0x0 c:/program files (x86)/atmel/studio/7.0/toolchain/avr8/avr8-gnu-toolchain/bin/../lib/gcc/avr/5.4.0/avrxmega7\libgcc.a(_exit.o)
                0x00004d74                _exit
                0x00004d74                exit
 *(.fini9)
 *(.fini8)
 *(.fini8)
 *(.fini7)
 *(.fini7)
 *(.fini6)
 *(.fini6)
 *(.fini5)
 *(.fini5)
 *(.fini4)
 *(.fini4)
 *(.fini3)
 *(.fini3)
 *(.fini2)
 *(.fini2)
 *(.fini1)
 *(.fini1)
 *(.fini0)
 .fini0         0x00004d74        0x4 c:/program files (x86)/atmel/studio/7.0/toolchain/avr8/avr8-gnu-toolchain/bin/../lib/gcc/avr/5.4.0/avrxmega7\libgcc.a(_exit.o)
 *(.fini0)
                0x00004d78                _etext = .

.data           0x00802000       0xf6 load address 0x00004d78
                0x00802000                PROVIDE (__data_start, .)
 *(.data)
 *(.data*)
 .data.xFreeBytesRemaining
                0x00802000        0x2 Source/lib/freertos/heap_2.o
 .data.xNextTaskUnblockTime
                0x00802002        0x4 Source/lib/freertos/tasks.o
 *(.gnu.linkonce.d*)
 *(.rodata)
 .rodata        0x00802006       0x60 C:\Users\journ\AppData\Local\Temp\ccYtMIHA.ltrans1.ltrans.o
 .rodata        0x00802066        0x8 C:\Users\journ\AppData\Local\Temp\ccYtMIHA.ltrans2.ltrans.o
 *(.rodata*)
 .rodata.str1.1
                0x0080206e       0x30 C:\Users\journ\AppData\Local\Temp\ccYtMIHA.ltrans0.ltrans.o
 .rodata.str1.1
                0x0080209e       0x53 C:\Users\journ\AppData\Local\Temp\ccYtMIHA.ltrans1.ltrans.o
 .rodata.str1.1
                0x008020f1        0x5 Source/lib/freertos/tasks.o
 *(.gnu.linkonce.r*)
                0x008020f6                . = ALIGN (0x2)
                0x008020f6                _edata = .
                0x008020f6                PROVIDE (__data_end, .)

.bss            0x008020f6     0x1bab
                0x008020f6                PROVIDE (__bss_start, .)
 *(.bss)
 .bss           0x008020f6      0xaf5 C:\Users\journ\AppData\Local\Temp\ccYtMIHA.ltrans0.ltrans.o
 .bss           0x00802beb       0x48 C:\Users\journ\AppData\Local\Temp\ccYtMIHA.ltrans1.ltrans.o
                0x00802beb                reset
                0x00802bed                stop
                0x00802bef                go
                0x00802bf1                begin
                0x00802bf3                motor_command
                0x00802bf5                linear_offset
                0x00802bf7                pendulum_encoder_w_radians
                0x00802bf9                pendulum_encoder_radians
                0x00802bfb                pendulum_encoder
                0x00802bfd                linear_velocity
                0x00802bff                linear_position
                0x00802c01                rightLimitSwitch
                0x00802c03                leftLimitSwitch
                0x00802c05                print_ser_queue
 .bss           0x00802c33        0x2 C:\Users\journ\AppData\Local\Temp\ccYtMIHA.ltrans2.ltrans.o
                0x00802c33                last_created_task_pointer
 *(.bss*)
 .bss.xHeapHasBeenInitialised.4150
                0x00802c35        0x1 Source/lib/freertos/heap_2.o
 .bss.xEnd      0x00802c36        0x4 Source/lib/freertos/heap_2.o
 .bss.xStart    0x00802c3a        0x4 Source/lib/freertos/heap_2.o
 .bss.xHeap     0x00802c3e      0xfff Source/lib/freertos/heap_2.o
 .bss.uxTaskNumber
                0x00803c3d        0x1 Source/lib/freertos/tasks.o
 .bss.xNumOfOverflows
                0x00803c3e        0x1 Source/lib/freertos/tasks.o
 .bss.xMissedYield
                0x00803c3f        0x1 Source/lib/freertos/tasks.o
 .bss.uxMissedTicks
                0x00803c40        0x1 Source/lib/freertos/tasks.o
 .bss.uxSchedulerSuspended
                0x00803c41        0x1 Source/lib/freertos/tasks.o
 .bss.xSchedulerRunning
                0x00803c42        0x1 Source/lib/freertos/tasks.o
 .bss.uxTopReadyPriority
                0x00803c43        0x1 Source/lib/freertos/tasks.o
 .bss.uxTopUsedPriority
                0x00803c44        0x1 Source/lib/freertos/tasks.o
 .bss.xTickCount
                0x00803c45        0x4 Source/lib/freertos/tasks.o
 .bss.uxCurrentNumberOfTasks
                0x00803c49        0x1 Source/lib/freertos/tasks.o
 .bss.xIdleTaskHandle
                0x00803c4a        0x2 Source/lib/freertos/tasks.o
 .bss.xPendingReadyList
                0x00803c4c        0xb Source/lib/freertos/tasks.o
 .bss.pxOverflowDelayedTaskList
                0x00803c57        0x2 Source/lib/freertos/tasks.o
 .bss.pxDelayedTaskList
                0x00803c59        0x2 Source/lib/freertos/tasks.o
 .bss.xDelayedTaskList2
                0x00803c5b        0xb Source/lib/freertos/tasks.o
 .bss.xDelayedTaskList1
                0x00803c66        0xb Source/lib/freertos/tasks.o
 .bss.pxReadyTasksLists
                0x00803c71       0x2c Source/lib/freertos/tasks.o
 .bss.pxCurrentTCB
                0x00803c9d        0x2 Source/lib/freertos/tasks.o
                0x00803c9d                pxCurrentTCB
 *(COMMON)
 COMMON         0x00803c9f        0x2 Source/lib/freertos/port.o
                0x00803c9f                portStackTopForTask
                0x00803ca1                PROVIDE (__bss_end, .)
                0x00004d78                __data_load_start = LOADADDR (.data)
                0x00004e6e                __data_load_end = (__data_load_start + SIZEOF (.data))

.noinit         0x00803ca1        0x0
                [!provide]                PROVIDE (__noinit_start, .)
 *(.noinit*)
                [!provide]                PROVIDE (__noinit_end, .)
                0x00803ca1                _end = .
                [!provide]                PROVIDE (__heap_start, .)

.eeprom         0x00810000        0x0
 *(.eeprom*)
                0x00810000                __eeprom_end = .

.fuse
 *(.fuse)
 *(.lfuse)
 *(.hfuse)
 *(.efuse)

.lock
 *(.lock*)

.signature
 *(.signature*)

.user_signatures
 *(.user_signatures*)

.stab
 *(.stab)

.stabstr
 *(.stabstr)

.stab.excl
 *(.stab.excl)

.stab.exclstr
 *(.stab.exclstr)

.stab.index
 *(.stab.index)

.stab.indexstr
 *(.stab.indexstr)

.comment        0x00000000       0x30
 *(.comment)
 .comment       0x00000000       0x31 C:\Users\journ\AppData\Local\Temp\ccYtMIHA.ltrans0.ltrans.o
 .comment       0x00000000       0x31 C:\Users\journ\AppData\Local\Temp\ccYtMIHA.ltrans1.ltrans.o
 .comment       0x00000000       0x31 C:\Users\journ\AppData\Local\Temp\ccYtMIHA.ltrans2.ltrans.o
 .comment       0x00000000       0x30 Source/lib/freertos/heap_2.o
                                 0x31 (size before relaxing)
 .comment       0x00000030       0x31 Source/lib/freertos/list.o
 .comment       0x00000030       0x31 Source/lib/freertos/port.o
 .comment       0x00000030       0x31 Source/lib/freertos/queue.o
 .comment       0x00000030       0x31 Source/lib/freertos/tasks.o

.note.gnu.avr.deviceinfo
                0x00000000       0x40
 .note.gnu.avr.deviceinfo
                0x00000000       0x40 C:/Program Files (x86)/Atmel/Studio/7.0/Packs/atmel/XMEGAA_DFP/1.1.68/gcc/dev/atxmega128a4u/avrxmega7/crtatxmega128a4u.o

.note.gnu.build-id
 *(.note.gnu.build-id)

.debug
 *(.debug)

.line
 *(.line)

.debug_srcinfo
 *(.debug_srcinfo)

.debug_sfnames
 *(.debug_sfnames)

.debug_aranges  0x00000000      0x248
 *(.debug_aranges)
 .debug_aranges
                0x00000000       0x38 Source/lib/freertos/heap_2.o
 .debug_aranges
                0x00000038       0x40 Source/lib/freertos/list.o
 .debug_aranges
                0x00000078       0x48 Source/lib/freertos/port.o
 .debug_aranges
                0x000000c0       0x98 Source/lib/freertos/queue.o
 .debug_aranges
                0x00000158       0xf0 Source/lib/freertos/tasks.o

.debug_pubnames
 *(.debug_pubnames)

.debug_info     0x00000000     0x5177
 *(.debug_info .gnu.linkonce.wi.*)
 .debug_info    0x00000000     0x284f C:/Program Files (x86)/Atmel/Studio/7.0/Packs/atmel/XMEGAA_DFP/1.1.68/gcc/dev/atxmega128a4u/avrxmega7/crtatxmega128a4u.o
 .debug_info    0x0000284f      0x30f Source/lib/freertos/heap_2.o
 .debug_info    0x00002b5e      0x2c5 Source/lib/freertos/list.o
 .debug_info    0x00002e23      0x275 Source/lib/freertos/port.o
 .debug_info    0x00003098      0xdde Source/lib/freertos/queue.o
 .debug_info    0x00003e76     0x1301 Source/lib/freertos/tasks.o

.debug_abbrev   0x00000000     0x2eea
 *(.debug_abbrev)
 .debug_abbrev  0x00000000     0x262c C:/Program Files (x86)/Atmel/Studio/7.0/Packs/atmel/XMEGAA_DFP/1.1.68/gcc/dev/atxmega128a4u/avrxmega7/crtatxmega128a4u.o
 .debug_abbrev  0x0000262c      0x1a9 Source/lib/freertos/heap_2.o
 .debug_abbrev  0x000027d5       0xf6 Source/lib/freertos/list.o
 .debug_abbrev  0x000028cb      0x16b Source/lib/freertos/port.o
 .debug_abbrev  0x00002a36      0x1f2 Source/lib/freertos/queue.o
 .debug_abbrev  0x00002c28      0x2c2 Source/lib/freertos/tasks.o

.debug_line     0x00000000     0x1bad
 *(.debug_line .debug_line.* .debug_line_end)
 .debug_line    0x00000000      0x3b5 C:/Program Files (x86)/Atmel/Studio/7.0/Packs/atmel/XMEGAA_DFP/1.1.68/gcc/dev/atxmega128a4u/avrxmega7/crtatxmega128a4u.o
 .debug_line    0x000003b5      0x25f Source/lib/freertos/heap_2.o
 .debug_line    0x00000614      0x17b Source/lib/freertos/list.o
 .debug_line    0x0000078f      0x31d Source/lib/freertos/port.o
 .debug_line    0x00000aac      0x725 Source/lib/freertos/queue.o
 .debug_line    0x000011d1      0x9dc Source/lib/freertos/tasks.o

.debug_frame    0x00000000      0x700
 *(.debug_frame)
 .debug_frame   0x00000000       0x7c Source/lib/freertos/heap_2.o
 .debug_frame   0x0000007c       0x84 Source/lib/freertos/list.o
 .debug_frame   0x00000100       0x74 Source/lib/freertos/port.o
 .debug_frame   0x00000174      0x20c Source/lib/freertos/queue.o
 .debug_frame   0x00000380      0x380 Source/lib/freertos/tasks.o

.debug_str      0x00000000     0x292e
 *(.debug_str)
 .debug_str     0x00000000     0x1aa8 C:/Program Files (x86)/Atmel/Studio/7.0/Packs/atmel/XMEGAA_DFP/1.1.68/gcc/dev/atxmega128a4u/avrxmega7/crtatxmega128a4u.o
 .debug_str     0x00001aa8      0x2c8 Source/lib/freertos/heap_2.o
                                0x301 (size before relaxing)
 .debug_str     0x00001d70      0x13e Source/lib/freertos/list.o
                                0x2b2 (size before relaxing)
 .debug_str     0x00001eae      0x135 Source/lib/freertos/port.o
                                0x2bf (size before relaxing)
 .debug_str     0x00001fe3      0x41d Source/lib/freertos/queue.o
                                0x6b1 (size before relaxing)
 .debug_str     0x00002400      0x52e Source/lib/freertos/tasks.o
                                0x988 (size before relaxing)

.debug_loc      0x00000000     0x2548
 *(.debug_loc)
 .debug_loc     0x00000000      0x2b1 Source/lib/freertos/heap_2.o
 .debug_loc     0x000002b1      0x136 Source/lib/freertos/list.o
 .debug_loc     0x000003e7      0x29b Source/lib/freertos/port.o
 .debug_loc     0x00000682      0xd6d Source/lib/freertos/queue.o
 .debug_loc     0x000013ef     0x1159 Source/lib/freertos/tasks.o

.debug_macinfo
 *(.debug_macinfo)

.debug_weaknames
 *(.debug_weaknames)

.debug_funcnames
 *(.debug_funcnames)

.debug_typenames
 *(.debug_typenames)

.debug_varnames
 *(.debug_varnames)

.debug_pubtypes
 *(.debug_pubtypes)

.debug_ranges   0x00000000      0x228
 *(.debug_ranges)
 .debug_ranges  0x00000000       0x28 Source/lib/freertos/heap_2.o
 .debug_ranges  0x00000028       0x30 Source/lib/freertos/list.o
 .debug_ranges  0x00000058       0x38 Source/lib/freertos/port.o
 .debug_ranges  0x00000090       0x88 Source/lib/freertos/queue.o
 .debug_ranges  0x00000118      0x110 Source/lib/freertos/tasks.o

.debug_macro
 *(.debug_macro)
OUTPUT(FREERTOS_SHELL.elf elf32-avr)
LOAD linker stubs
