Archive member included to satisfy reference by file (symbol)

c:/program files (x86)/atmel/studio/7.0/toolchain/avr8/avr8-gnu-toolchain/bin/../lib/gcc/avr/5.4.0/../../../../avr/lib/avrxmega7\libm.a(addsf3.o)
                              Source/lib/frtcpp/time_stamp_to_float.o (__addsf3)
c:/program files (x86)/atmel/studio/7.0/toolchain/avr8/avr8-gnu-toolchain/bin/../lib/gcc/avr/5.4.0/../../../../avr/lib/avrxmega7\libm.a(addsf3x.o)
                              c:/program files (x86)/atmel/studio/7.0/toolchain/avr8/avr8-gnu-toolchain/bin/../lib/gcc/avr/5.4.0/../../../../avr/lib/avrxmega7\libm.a(addsf3.o) (__addsf3x)
c:/program files (x86)/atmel/studio/7.0/toolchain/avr8/avr8-gnu-toolchain/bin/../lib/gcc/avr/5.4.0/../../../../avr/lib/avrxmega7\libm.a(divsf3.o)
                              Source/lib/frtcpp/time_stamp_to_float.o (__divsf3)
c:/program files (x86)/atmel/studio/7.0/toolchain/avr8/avr8-gnu-toolchain/bin/../lib/gcc/avr/5.4.0/../../../../avr/lib/avrxmega7\libm.a(divsf3x.o)
                              c:/program files (x86)/atmel/studio/7.0/toolchain/avr8/avr8-gnu-toolchain/bin/../lib/gcc/avr/5.4.0/../../../../avr/lib/avrxmega7\libm.a(divsf3.o) (__divsf3x)
c:/program files (x86)/atmel/studio/7.0/toolchain/avr8/avr8-gnu-toolchain/bin/../lib/gcc/avr/5.4.0/../../../../avr/lib/avrxmega7\libm.a(floatsisf.o)
                              Source/lib/frtcpp/time_stamp_to_float.o (__floatunsisf)
c:/program files (x86)/atmel/studio/7.0/toolchain/avr8/avr8-gnu-toolchain/bin/../lib/gcc/avr/5.4.0/../../../../avr/lib/avrxmega7\libm.a(fp_inf.o)
                              c:/program files (x86)/atmel/studio/7.0/toolchain/avr8/avr8-gnu-toolchain/bin/../lib/gcc/avr/5.4.0/../../../../avr/lib/avrxmega7\libm.a(addsf3x.o) (__fp_inf)
c:/program files (x86)/atmel/studio/7.0/toolchain/avr8/avr8-gnu-toolchain/bin/../lib/gcc/avr/5.4.0/../../../../avr/lib/avrxmega7\libm.a(fp_nan.o)
                              c:/program files (x86)/atmel/studio/7.0/toolchain/avr8/avr8-gnu-toolchain/bin/../lib/gcc/avr/5.4.0/../../../../avr/lib/avrxmega7\libm.a(addsf3x.o) (__fp_nan)
c:/program files (x86)/atmel/studio/7.0/toolchain/avr8/avr8-gnu-toolchain/bin/../lib/gcc/avr/5.4.0/../../../../avr/lib/avrxmega7\libm.a(fp_pscA.o)
                              c:/program files (x86)/atmel/studio/7.0/toolchain/avr8/avr8-gnu-toolchain/bin/../lib/gcc/avr/5.4.0/../../../../avr/lib/avrxmega7\libm.a(addsf3x.o) (__fp_pscA)
c:/program files (x86)/atmel/studio/7.0/toolchain/avr8/avr8-gnu-toolchain/bin/../lib/gcc/avr/5.4.0/../../../../avr/lib/avrxmega7\libm.a(fp_pscB.o)
                              c:/program files (x86)/atmel/studio/7.0/toolchain/avr8/avr8-gnu-toolchain/bin/../lib/gcc/avr/5.4.0/../../../../avr/lib/avrxmega7\libm.a(addsf3x.o) (__fp_pscB)
c:/program files (x86)/atmel/studio/7.0/toolchain/avr8/avr8-gnu-toolchain/bin/../lib/gcc/avr/5.4.0/../../../../avr/lib/avrxmega7\libm.a(fp_round.o)
                              c:/program files (x86)/atmel/studio/7.0/toolchain/avr8/avr8-gnu-toolchain/bin/../lib/gcc/avr/5.4.0/../../../../avr/lib/avrxmega7\libm.a(addsf3.o) (__fp_round)
c:/program files (x86)/atmel/studio/7.0/toolchain/avr8/avr8-gnu-toolchain/bin/../lib/gcc/avr/5.4.0/../../../../avr/lib/avrxmega7\libm.a(fp_split3.o)
                              c:/program files (x86)/atmel/studio/7.0/toolchain/avr8/avr8-gnu-toolchain/bin/../lib/gcc/avr/5.4.0/../../../../avr/lib/avrxmega7\libm.a(addsf3x.o) (__fp_split3)
c:/program files (x86)/atmel/studio/7.0/toolchain/avr8/avr8-gnu-toolchain/bin/../lib/gcc/avr/5.4.0/../../../../avr/lib/avrxmega7\libm.a(fp_zero.o)
                              c:/program files (x86)/atmel/studio/7.0/toolchain/avr8/avr8-gnu-toolchain/bin/../lib/gcc/avr/5.4.0/../../../../avr/lib/avrxmega7\libm.a(addsf3x.o) (__fp_zero)
c:/program files (x86)/atmel/studio/7.0/toolchain/avr8/avr8-gnu-toolchain/bin/../lib/gcc/avr/5.4.0/avrxmega7\libgcc.a(_mulsi3.o)
                              Source/lib/frtcpp/time_stamp_get_us.o (__mulsi3)
c:/program files (x86)/atmel/studio/7.0/toolchain/avr8/avr8-gnu-toolchain/bin/../lib/gcc/avr/5.4.0/avrxmega7\libgcc.a(_udivmodsi4.o)
                              Source/task_limit_switch.o (__udivmodsi4)
c:/program files (x86)/atmel/studio/7.0/toolchain/avr8/avr8-gnu-toolchain/bin/../lib/gcc/avr/5.4.0/avrxmega7\libgcc.a(_divmodsi4.o)
                              Source/lib/frtcpp/time_stamp_lshift.o (__divmodsi4)
c:/program files (x86)/atmel/studio/7.0/toolchain/avr8/avr8-gnu-toolchain/bin/../lib/gcc/avr/5.4.0/avrxmega7\libgcc.a(_negsi2.o)
                              c:/program files (x86)/atmel/studio/7.0/toolchain/avr8/avr8-gnu-toolchain/bin/../lib/gcc/avr/5.4.0/avrxmega7\libgcc.a(_divmodsi4.o) (__negsi2)
c:/program files (x86)/atmel/studio/7.0/toolchain/avr8/avr8-gnu-toolchain/bin/../lib/gcc/avr/5.4.0/avrxmega7\libgcc.a(_exit.o)
                              C:/Program Files (x86)/Atmel/Studio/7.0/Packs/atmel/XMEGAA_DFP/1.1.68/gcc/dev/atxmega128a4u/avrxmega7/crtatxmega128a4u.o (exit)
[...]
Memory Configuration

Name             Origin             Length             Attributes
text             0x00000000         0x00100000         xr
data             0x00802000         0x0000ffa0         rw !x
eeprom           0x00810000         0x00010000         rw !x
fuse             0x00820000         0x00000006         rw !x
lock             0x00830000         0x00000400         rw !x
signature        0x00840000         0x00000400         rw !x
user_signatures  0x00850000         0x00000400         rw !x
*default*        0x00000000         0xffffffff

Linker script and memory map

LOAD C:/Program Files (x86)/Atmel/Studio/7.0/Packs/atmel/XMEGAA_DFP/1.1.68/gcc/dev/atxmega128a4u/avrxmega7/crtatxmega128a4u.o
LOAD Source/lib/freertos/croutine.o
LOAD Source/lqr.o
LOAD Source/task_limit_switch.o
LOAD Source/task_motor_command.o
LOAD Source/task_motor_encoder.o
LOAD Source/task_pendulum_encoder.o
LOAD Source/task_skeleton.o
LOAD Source/task_system_controller.o
LOAD Source/task_user.o
LOAD Source/lib/freertos/heap_2.o
LOAD Source/lib/freertos/list.o
LOAD Source/lib/freertos/port.o
LOAD Source/lib/freertos/queue.o
LOAD Source/lib/freertos/tasks.o
LOAD Source/lib/frtcpp/base_data_receiver.o
LOAD Source/lib/frtcpp/frt_task.o
LOAD Source/lib/frtcpp/frt_task_stackprt.o
LOAD Source/lib/frtcpp/frt_task_status.o
LOAD Source/lib/frtcpp/frt_text_queue.o
LOAD Source/lib/frtcpp/func_get_run_time_counter.o
LOAD Source/lib/frtcpp/time_stamp_equal.o
LOAD Source/lib/frtcpp/time_stamp_get_us.o
LOAD Source/lib/frtcpp/time_stamp_greater.o
LOAD Source/lib/frtcpp/time_stamp_greater_eq.o
LOAD Source/lib/frtcpp/time_stamp_less.o
LOAD Source/lib/frtcpp/time_stamp_less_eq.o
LOAD Source/lib/frtcpp/time_stamp_lshift.o
LOAD Source/lib/frtcpp/time_stamp_minus.o
LOAD Source/lib/frtcpp/time_stamp_minus_eq.o
LOAD Source/lib/frtcpp/time_stamp_not_equal.o
LOAD Source/lib/frtcpp/time_stamp_plus.o
LOAD Source/lib/frtcpp/time_stamp_plus_eq.o
LOAD Source/lib/frtcpp/time_stamp_tick_res_time.o
LOAD Source/lib/frtcpp/time_stamp_to_float.o
LOAD Source/lib/frtcpp/time_stamp_to_now.o
LOAD Source/lib/frtcpp/time_stamp_to_now_ISR.o
LOAD Source/lib/misc/hex_dump_memory.o
LOAD Source/lib/misc/mechutil.o
LOAD Source/lib/serial/base232.o
LOAD Source/lib/serial/emstream.o
LOAD Source/lib/serial/emstream_bool.o
LOAD Source/lib/serial/emstream_float.o
LOAD Source/lib/serial/emstream_hex_receive.o
LOAD Source/lib/serial/emstream_hex_send.o
LOAD Source/lib/serial/emstream_int16_t.o
LOAD Source/lib/serial/emstream_int32_t.o
LOAD Source/lib/serial/emstream_int8_t.o
LOAD Source/lib/serial/emstream_pointer.o
LOAD Source/lib/serial/emstream_uint16_t.o
LOAD Source/lib/serial/emstream_uint32_t.o
LOAD Source/lib/serial/emstream_uint64_t.o
LOAD Source/lib/serial/emstream_uint8_t.o
LOAD Source/lib/serial/rs232int.o
LOAD Source/main.o
START GROUP
LOAD c:/program files (x86)/atmel/studio/7.0/toolchain/avr8/avr8-gnu-toolchain/bin/../lib/gcc/avr/5.4.0/../../../../avr/lib/avrxmega7\libm.a
END GROUP
LOAD c:/program files (x86)/atmel/studio/7.0/toolchain/avr8/avr8-gnu-toolchain/bin/../lib/gcc/avr/5.4.0/avrxmega7\libgcc.a
LOAD c:/program files (x86)/atmel/studio/7.0/toolchain/avr8/avr8-gnu-toolchain/bin/../lib/gcc/avr/5.4.0/../../../../avr/lib/avrxmega7\libm.a
START GROUP
LOAD c:/program files (x86)/atmel/studio/7.0/toolchain/avr8/avr8-gnu-toolchain/bin/../lib/gcc/avr/5.4.0/avrxmega7\libgcc.a
LOAD c:/program files (x86)/atmel/studio/7.0/toolchain/avr8/avr8-gnu-toolchain/bin/../lib/gcc/avr/5.4.0/../../../../avr/lib/avrxmega7\libm.a
LOAD c:/program files (x86)/atmel/studio/7.0/toolchain/avr8/avr8-gnu-toolchain/bin/../lib/gcc/avr/5.4.0/../../../../avr/lib/avrxmega7\libc.a
LOAD C:/Program Files (x86)/Atmel/Studio/7.0/Packs/atmel/XMEGAA_DFP/1.1.68/gcc/dev/atxmega128a4u/avrxmega7\libatxmega128a4u.a
END GROUP
                0x00000000                __TEXT_REGION_ORIGIN__ = DEFINED (__TEXT_REGION_ORIGIN__)?__TEXT_REGION_ORIGIN__:0x0
                0x00802000                __DATA_REGION_ORIGIN__ = DEFINED (__DATA_REGION_ORIGIN__)?__DATA_REGION_ORIGIN__:0x802000
                0x00100000                __TEXT_REGION_LENGTH__ = DEFINED (__TEXT_REGION_LENGTH__)?__TEXT_REGION_LENGTH__:0x100000
                0x0000ffa0                __DATA_REGION_LENGTH__ = DEFINED (__DATA_REGION_LENGTH__)?__DATA_REGION_LENGTH__:0xffa0
                0x00010000                __EEPROM_REGION_LENGTH__ = DEFINED (__EEPROM_REGION_LENGTH__)?__EEPROM_REGION_LENGTH__:0x10000
                [0x00000006]                __FUSE_REGION_LENGTH__ = DEFINED (__FUSE_REGION_LENGTH__)?__FUSE_REGION_LENGTH__:0x400
                0x00000400                __LOCK_REGION_LENGTH__ = DEFINED (__LOCK_REGION_LENGTH__)?__LOCK_REGION_LENGTH__:0x400
                0x00000400                __SIGNATURE_REGION_LENGTH__ = DEFINED (__SIGNATURE_REGION_LENGTH__)?__SIGNATURE_REGION_LENGTH__:0x400
                0x00000400                __USER_SIGNATURE_REGION_LENGTH__ = DEFINED (__USER_SIGNATURE_REGION_LENGTH__)?__USER_SIGNATURE_REGION_LENGTH__:0x400

.hash
 *(.hash)

.dynsym
 *(.dynsym)

.dynstr
 *(.dynstr)

.gnu.version
 *(.gnu.version)

.gnu.version_d
 *(.gnu.version_d)

.gnu.version_r
 *(.gnu.version_r)

.rel.init
 *(.rel.init)

.rela.init
 *(.rela.init)

.rel.text
 *(.rel.text)
 *(.rel.text.*)
 *(.rel.gnu.linkonce.t*)

.rela.text
 *(.rela.text)
 *(.rela.text.*)
 *(.rela.gnu.linkonce.t*)

.rel.fini
 *(.rel.fini)

.rela.fini
 *(.rela.fini)

.rel.rodata
 *(.rel.rodata)
 *(.rel.rodata.*)
 *(.rel.gnu.linkonce.r*)

.rela.rodata
 *(.rela.rodata)
 *(.rela.rodata.*)
 *(.rela.gnu.linkonce.r*)

.rel.data
 *(.rel.data)
 *(.rel.data.*)
 *(.rel.gnu.linkonce.d*)

.rela.data
 *(.rela.data)
 *(.rela.data.*)
 *(.rela.gnu.linkonce.d*)

.rel.ctors
 *(.rel.ctors)

.rela.ctors
 *(.rela.ctors)

.rel.dtors
 *(.rel.dtors)

.rela.dtors
 *(.rela.dtors)

.rel.got
 *(.rel.got)

.rela.got
 *(.rela.got)

.rel.bss
 *(.rel.bss)

.rela.bss
 *(.rela.bss)

.rel.plt
 *(.rel.plt)

.rela.plt
 *(.rela.plt)

.text           0x00000000     0x3ac0
 *(.vectors)
 .vectors       0x00000000      0x1fc C:/Program Files (x86)/Atmel/Studio/7.0/Packs/atmel/XMEGAA_DFP/1.1.68/gcc/dev/atxmega128a4u/avrxmega7/crtatxmega128a4u.o
                0x00000000                __vector_default
                0x00000000                __vectors
 *(.vectors)
 *(.progmem.gcc*)
 .progmem.gcc_sw_table._ZN8emstreamlsE15ser_manipulator
                0x000001fc       0x16 Source/lib/serial/emstream.o
                0x00000212                . = ALIGN (0x2)
                0x00000212                __trampolines_start = .
 *(.trampolines)
 .trampolines   0x00000212       0x88 linker stubs
 *(.trampolines*)
                0x0000029a                __trampolines_end = .
 *libprintf_flt.a:*(.progmem.data)
 *libc.a:*(.progmem.data)
 *(.progmem*)
 .progmem.something
                0x0000029a      0x1ba Source/task_user.o
 .progmem.something
                0x00000454       0x4b Source/lib/frtcpp/frt_task.o
 .progmem.something
                0x0000049f       0x28 Source/lib/frtcpp/frt_task_stackprt.o
 .progmem.something
                0x000004c7       0x72 Source/lib/frtcpp/frt_task_status.o
 .progmem.something
                0x00000539       0x13 Source/lib/misc/hex_dump_memory.o
                0x0000054c                . = ALIGN (0x2)
 *(.jumptables)
 *(.jumptables*)
 *(.lowtext)
 .lowtext       0x0000054c        0x4 Source/lib/frtcpp/frt_task.o
                0x0000054c                _call_static_run_method
 *(.lowtext*)
                0x00000550                __ctors_start = .
 *(.ctors)
 .ctors         0x00000550        0x2 Source/main.o
                0x00000552                __ctors_end = .
                0x00000552                __dtors_start = .
 *(.dtors)
                0x00000552                __dtors_end = .
 SORT(*)(.ctors)
 SORT(*)(.dtors)
 *(.init0)
 .init0         0x00000552        0x0 C:/Program Files (x86)/Atmel/Studio/7.0/Packs/atmel/XMEGAA_DFP/1.1.68/gcc/dev/atxmega128a4u/avrxmega7/crtatxmega128a4u.o
                0x00000552                __init
 *(.init0)
 *(.init1)
 *(.init1)
 *(.init2)
 .init2         0x00000552       0x18 C:/Program Files (x86)/Atmel/Studio/7.0/Packs/atmel/XMEGAA_DFP/1.1.68/gcc/dev/atxmega128a4u/avrxmega7/crtatxmega128a4u.o
 *(.init2)
 *(.init3)
 *(.init3)
 *(.init4)
 .init4         0x0000056a       0x1c c:/program files (x86)/atmel/studio/7.0/toolchain/avr8/avr8-gnu-toolchain/bin/../lib/gcc/avr/5.4.0/avrxmega7\libgcc.a(_copy_data.o)
                0x0000056a                __do_copy_data
 .init4         0x00000586       0x10 c:/program files (x86)/atmel/studio/7.0/toolchain/avr8/avr8-gnu-toolchain/bin/../lib/gcc/avr/5.4.0/avrxmega7\libgcc.a(_clear_bss.o)
                0x00000586                __do_clear_bss
 *(.init4)
 *(.init5)
 *(.init5)
 *(.init6)
 .init6         0x00000596       0x20 c:/program files (x86)/atmel/studio/7.0/toolchain/avr8/avr8-gnu-toolchain/bin/../lib/gcc/avr/5.4.0/avrxmega7\libgcc.a(_ctors.o)
                0x00000596                __do_global_ctors
 *(.init6)
 *(.init7)
 *(.init7)
 *(.init8)
 *(.init8)
 *(.init9)
 .init9         0x000005b6        0x8 C:/Program Files (x86)/Atmel/Studio/7.0/Packs/atmel/XMEGAA_DFP/1.1.68/gcc/dev/atxmega128a4u/avrxmega7/crtatxmega128a4u.o
 *(.init9)
 *(.text)
 .text          0x000005be        0x4 C:/Program Files (x86)/Atmel/Studio/7.0/Packs/atmel/XMEGAA_DFP/1.1.68/gcc/dev/atxmega128a4u/avrxmega7/crtatxmega128a4u.o
                0x000005be                __vector_38
                0x000005be                __vector_104
                0x000005be                __vector_22
                0x000005be                __vector_63
                0x000005be                __vector_67
                0x000005be                __vector_1
                0x000005be                __vector_119
                0x000005be                __vector_32
                0x000005be                __vector_75
                0x000005be                __vector_71
                0x000005be                __vector_34
                0x000005be                __vector_62
                0x000005be                __vector_77
                0x000005be                __vector_102
                0x000005be                __vector_24
                0x000005be                __vector_12
                0x000005be                __vector_55
                0x000005be                __vector_69
                0x000005be                __vector_81
                0x000005be                __vector_90
                0x000005be                __vector_46
                0x000005be                __bad_interrupt
                0x000005be                __vector_122
                0x000005be                __vector_72
                0x000005be                __vector_114
                0x000005be                __vector_6
                0x000005be                __vector_110
                0x000005be                __vector_31
                0x000005be                __vector_92
                0x000005be                __vector_35
                0x000005be                __vector_78
                0x000005be                __vector_74
                0x000005be                __vector_117
                0x000005be                __vector_39
                0x000005be                __vector_107
                0x000005be                __vector_3
                0x000005be                __vector_105
                0x000005be                __vector_98
                0x000005be                __vector_23
                0x000005be                __vector_68
                0x000005be                __vector_30
                0x000005be                __vector_73
                0x000005be                __vector_45
                0x000005be                __vector_93
                0x000005be                __vector_61
                0x000005be                __vector_11
                0x000005be                __vector_54
                0x000005be                __vector_99
                0x000005be                __vector_13
                0x000005be                __vector_17
                0x000005be                __vector_19
                0x000005be                __vector_56
                0x000005be                __vector_7
                0x000005be                __vector_125
                0x000005be                __vector_123
                0x000005be                __vector_41
                0x000005be                __vector_86
                0x000005be                __vector_100
                0x000005be                __vector_101
                0x000005be                __vector_64
                0x000005be                __vector_109
                0x000005be                __vector_43
                0x000005be                __vector_27
                0x000005be                __vector_5
                0x000005be                __vector_113
                0x000005be                __vector_33
                0x000005be                __vector_76
                0x000005be                __vector_115
                0x000005be                __vector_47
                0x000005be                __vector_52
                0x000005be                __vector_37
                0x000005be                __vector_95
                0x000005be                __vector_103
                0x000005be                __vector_96
                0x000005be                __vector_89
                0x000005be                __vector_108
                0x000005be                __vector_4
                0x000005be                __vector_44
                0x000005be                __vector_82
                0x000005be                __vector_106
                0x000005be                __vector_118
                0x000005be                __vector_51
                0x000005be                __vector_9
                0x000005be                __vector_2
                0x000005be                __vector_21
                0x000005be                __vector_15
                0x000005be                __vector_66
                0x000005be                __vector_36
                0x000005be                __vector_79
                0x000005be                __vector_70
                0x000005be                __vector_83
                0x000005be                __vector_29
                0x000005be                __vector_60
                0x000005be                __vector_121
                0x000005be                __vector_40
                0x000005be                __vector_85
                0x000005be                __vector_94
                0x000005be                __vector_126
                0x000005be                __vector_8
                0x000005be                __vector_26
                0x000005be                __vector_48
                0x000005be                __vector_124
                0x000005be                __vector_116
                0x000005be                __vector_112
                0x000005be                __vector_111
                0x000005be                __vector_80
                0x000005be                __vector_14
                0x000005be                __vector_84
                0x000005be                __vector_57
                0x000005be                __vector_53
                0x000005be                __vector_10
                0x000005be                __vector_50
                0x000005be                __vector_16
                0x000005be                __vector_59
                0x000005be                __vector_18
                0x000005be                __vector_97
                0x000005be                __vector_20
                0x000005be                __vector_42
                0x000005be                __vector_87
                0x000005be                __vector_65
                0x000005be                __vector_120
                0x000005c2                . = ALIGN (0x2)
 *(.text.*)
 .text._ZN17task_limit_switch3runEv
                0x000005c2       0x84 Source/task_limit_switch.o
                0x000005c2                _ZN17task_limit_switch3runEv
 .text._ZN17task_limit_switchC2EPKchjP8emstream
                0x00000646       0x20 Source/task_limit_switch.o
                0x00000646                _ZN17task_limit_switchC1EPKchjP8emstream
                0x00000646                _ZN17task_limit_switchC2EPKchjP8emstream
 .text._ZN18task_motor_command3runEv
                0x00000666       0x84 Source/task_motor_command.o
                0x00000666                _ZN18task_motor_command3runEv
 .text._ZN18task_motor_commandC2EPKchjP8emstream
                0x000006ea       0x20 Source/task_motor_command.o
                0x000006ea                _ZN18task_motor_commandC1EPKchjP8emstream
                0x000006ea                _ZN18task_motor_commandC2EPKchjP8emstream
 .text._ZN18task_motor_encoder3runEv
                0x0000070a       0x84 Source/task_motor_encoder.o
                0x0000070a                _ZN18task_motor_encoder3runEv
 .text._ZN18task_motor_encoderC2EPKchjP8emstream
                0x0000078e       0x20 Source/task_motor_encoder.o
                0x0000078e                _ZN18task_motor_encoderC2EPKchjP8emstream
                0x0000078e                _ZN18task_motor_encoderC1EPKchjP8emstream
 .text._ZN21task_pendulum_encoder3runEv
                0x000007ae       0x84 Source/task_pendulum_encoder.o
                0x000007ae                _ZN21task_pendulum_encoder3runEv
 .text._ZN21task_pendulum_encoderC2EPKchjP8emstream
                0x00000832       0x20 Source/task_pendulum_encoder.o
                0x00000832                _ZN21task_pendulum_encoderC2EPKchjP8emstream
                0x00000832                _ZN21task_pendulum_encoderC1EPKchjP8emstream
 .text._ZN22task_system_controller3runEv
                0x00000852       0x84 Source/task_system_controller.o
                0x00000852                _ZN22task_system_controller3runEv
 .text._ZN22task_system_controllerC2EPKchjP8emstream
                0x000008d6       0x20 Source/task_system_controller.o
                0x000008d6                _ZN22task_system_controllerC1EPKchjP8emstream
                0x000008d6                _ZN22task_system_controllerC2EPKchjP8emstream
 .text._ZN9task_userC2EPKchjP8emstream
                0x000008f6       0x20 Source/task_user.o
                0x000008f6                _ZN9task_userC1EPKchjP8emstream
                0x000008f6                _ZN9task_userC2EPKchjP8emstream
 .text._ZN9task_user18print_help_messageEv
                0x00000916      0x150 Source/task_user.o
                0x00000916                _ZN9task_user18print_help_messageEv
 .text._ZN9task_user11show_statusEv
                0x00000a66      0x116 Source/task_user.o
                0x00000a66                _ZN9task_user11show_statusEv
 .text._ZN9task_user3runEv
                0x00000b7c      0x25a Source/task_user.o
                0x00000b7c                _ZN9task_user3runEv
 .text.pvPortMalloc
                0x00000dd6      0x134 Source/lib/freertos/heap_2.o
                0x00000dd6                pvPortMalloc
 .text.vPortFree
                0x00000f0a       0x66 Source/lib/freertos/heap_2.o
                0x00000f0a                vPortFree
 .text.xPortGetFreeHeapSize
                0x00000f70        0xa Source/lib/freertos/heap_2.o
                0x00000f70                xPortGetFreeHeapSize
 .text.vListInitialise
                0x00000f7a       0x22 Source/lib/freertos/list.o
                0x00000f7a                vListInitialise
 .text.vListInitialiseItem
                0x00000f9c        0x8 Source/lib/freertos/list.o
                0x00000f9c                vListInitialiseItem
 .text.vListInsertEnd
                0x00000fa4       0x4e Source/lib/freertos/list.o
                0x00000fa4                vListInsertEnd
 .text.vListInsert
                0x00000ff2       0x96 Source/lib/freertos/list.o
                0x00000ff2                vListInsert
 .text.vListRemove
                0x00001088       0x4c Source/lib/freertos/list.o
                0x00001088                vListRemove
 .text.pxPortInitialiseStack
                0x000010d4       0xec Source/lib/freertos/port.o
                0x000010d4                pxPortInitialiseStack
 .text.xPortStartScheduler
                0x000011c0       0x7c Source/lib/freertos/port.o
                0x000011c0                xPortStartScheduler
 .text.vPortYield
                0x0000123c       0xc2 Source/lib/freertos/port.o
                0x0000123c                vPortYield
 .text.vPortYieldFromTick
                0x000012fe       0xc6 Source/lib/freertos/port.o
                0x000012fe                vPortYieldFromTick
 .text.__vector_49
                0x000013c4        0x6 Source/lib/freertos/port.o
                0x000013c4                __vector_49
 .text.prvCopyDataToQueue
                0x000013ca       0x98 Source/lib/freertos/queue.o
 .text.prvCopyDataFromQueue
                0x00001462       0x34 Source/lib/freertos/queue.o
 .text.prvUnlockQueue
                0x00001496       0x94 Source/lib/freertos/queue.o
 .text.xQueueGenericReset
                0x0000152a       0x78 Source/lib/freertos/queue.o
                0x0000152a                xQueueGenericReset
 .text.xQueueGenericCreate
                0x000015a2       0x5c Source/lib/freertos/queue.o
                0x000015a2                xQueueGenericCreate
 .text.xQueueGenericSend
                0x000015fe      0x136 Source/lib/freertos/queue.o
                0x000015fe                xQueueGenericSend
 .text.xQueueGenericReceive
                0x00001734      0x188 Source/lib/freertos/queue.o
                0x00001734                xQueueGenericReceive
 .text.uxQueueMessagesWaiting
                0x000018bc       0x10 Source/lib/freertos/queue.o
                0x000018bc                uxQueueMessagesWaiting
 .text.prvIdleTask
                0x000018cc       0x10 Source/lib/freertos/tasks.o
 .text.prvAddCurrentTaskToDelayedList
                0x000018dc       0x9c Source/lib/freertos/tasks.o
 .text.xTaskGenericCreate
                0x00001978      0x204 Source/lib/freertos/tasks.o
                0x00001978                xTaskGenericCreate
 .text.uxTaskPriorityGet
                0x00001b7c       0x1c Source/lib/freertos/tasks.o
                0x00001b7c                uxTaskPriorityGet
 .text.vTaskStartScheduler
                0x00001b98       0x66 Source/lib/freertos/tasks.o
                0x00001b98                vTaskStartScheduler
 .text.vTaskSuspendAll
                0x00001bfe        0xc Source/lib/freertos/tasks.o
                0x00001bfe                vTaskSuspendAll
 .text.xTaskGetTickCount
                0x00001c0a       0x1c Source/lib/freertos/tasks.o
                0x00001c0a                xTaskGetTickCount
 .text.pcTaskGetTaskName
                0x00001c26       0x10 Source/lib/freertos/tasks.o
                0x00001c26                pcTaskGetTaskName
 .text.xTaskGetIdleTaskHandle
                0x00001c36        0xa Source/lib/freertos/tasks.o
                0x00001c36                xTaskGetIdleTaskHandle
 .text.vTaskIncrementTick
                0x00001c40      0x202 Source/lib/freertos/tasks.o
                0x00001c40                vTaskIncrementTick
 .text.xTaskResumeAll
                0x00001e42      0x104 Source/lib/freertos/tasks.o
                0x00001e42                xTaskResumeAll
 .text.vTaskDelayUntil
                0x00001f46       0xda Source/lib/freertos/tasks.o
                0x00001f46                vTaskDelayUntil
 .text.vTaskDelay
                0x00002020       0x5c Source/lib/freertos/tasks.o
                0x00002020                vTaskDelay
 .text.vTaskSwitchContext
                0x0000207c       0xba Source/lib/freertos/tasks.o
                0x0000207c                vTaskSwitchContext
 .text.vTaskPlaceOnEventList
                0x00002136       0x54 Source/lib/freertos/tasks.o
                0x00002136                vTaskPlaceOnEventList
 .text.xTaskRemoveFromEventList
                0x0000218a       0x7e Source/lib/freertos/tasks.o
                0x0000218a                xTaskRemoveFromEventList
 .text.vTaskSetTimeOutState
                0x00002208       0x22 Source/lib/freertos/tasks.o
                0x00002208                vTaskSetTimeOutState
 .text.xTaskCheckForTimeOut
                0x0000222a       0xda Source/lib/freertos/tasks.o
                0x0000222a                xTaskCheckForTimeOut
 .text.vTaskMissedYield
                0x00002304        0x8 Source/lib/freertos/tasks.o
                0x00002304                vTaskMissedYield
 .text.uxTaskGetStackHighWaterMark
                0x0000230c       0x32 Source/lib/freertos/tasks.o
                0x0000230c                uxTaskGetStackHighWaterMark
 .text.xTaskGetCurrentTaskHandle
                0x0000233e        0xa Source/lib/freertos/tasks.o
                0x0000233e                xTaskGetCurrentTaskHandle
 .text.vTaskPriorityInherit
                0x00002348       0xaa Source/lib/freertos/tasks.o
                0x00002348                vTaskPriorityInherit
 .text.vTaskPriorityDisinherit
                0x000023f2       0x68 Source/lib/freertos/tasks.o
                0x000023f2                vTaskPriorityDisinherit
 .text._ZN8frt_task22_call_users_run_methodEPS_
                0x0000245a       0x1e Source/lib/frtcpp/frt_task.o
                0x0000245a                _ZN8frt_task22_call_users_run_methodEPS_
 .text._ZN8frt_task13transition_toEh
                0x00002478        0x8 Source/lib/frtcpp/frt_task.o
                0x00002478                _ZN8frt_task13transition_toEh
 .text._ZN8frt_taskC2EPKchjP8emstream
                0x00002480      0x18e Source/lib/frtcpp/frt_task.o
                0x00002480                _ZN8frt_taskC1EPKchjP8emstream
                0x00002480                _ZN8frt_taskC2EPKchjP8emstream
 .text._ZN8frt_task19print_stack_in_listEP8emstream
                0x0000260e       0x9c Source/lib/frtcpp/frt_task_stackprt.o
                0x0000260e                _ZN8frt_task19print_stack_in_listEP8emstream
 .text._Z17print_task_stacksP8emstream
                0x000026aa       0x80 Source/lib/frtcpp/frt_task_stackprt.o
                0x000026aa                _Z17print_task_stacksP8emstream
 .text._ZN8frt_task12print_statusER8emstream
                0x0000272a      0x120 Source/lib/frtcpp/frt_task_status.o
                0x0000272a                _ZN8frt_task12print_statusER8emstream
 .text._ZlsR8emstreamR8frt_task
                0x0000284a       0x20 Source/lib/frtcpp/frt_task_status.o
                0x0000284a                _ZlsR8emstreamR8frt_task
 .text._ZN8frt_task20print_status_in_listEP8emstream
                0x0000286a       0x32 Source/lib/frtcpp/frt_task_status.o
                0x0000286a                _ZN8frt_task20print_status_in_listEP8emstream
 .text._Z15print_task_listP8emstream
                0x0000289c      0x122 Source/lib/frtcpp/frt_task_status.o
                0x0000289c                _Z15print_task_listP8emstream
 .text._ZN14frt_text_queue7getcharEv
                0x000029be       0x3c Source/lib/frtcpp/frt_text_queue.o
                0x000029be                _ZN14frt_text_queue7getcharEv
 .text._ZN14frt_text_queue14check_for_charEv
                0x000029fa       0x16 Source/lib/frtcpp/frt_text_queue.o
                0x000029fa                _ZN14frt_text_queue14check_for_charEv
 .text._ZN14frt_text_queue7putcharEc
                0x00002a10       0x3c Source/lib/frtcpp/frt_text_queue.o
                0x00002a10                _ZN14frt_text_queue7putcharEc
 .text._ZN14frt_text_queueC2EjP8emstreamm
                0x00002a4c       0x5e Source/lib/frtcpp/frt_text_queue.o
                0x00002a4c                _ZN14frt_text_queueC2EjP8emstreamm
                0x00002a4c                _ZN14frt_text_queueC1EjP8emstreamm
 .text._ZN10time_stamp12get_microsecEv
                0x00002aaa       0x80 Source/lib/frtcpp/time_stamp_get_us.o
                0x00002aaa                _ZN10time_stamp12get_microsecEv
 .text._ZlsR8emstreamR10time_stamp
                0x00002b2a       0xb8 Source/lib/frtcpp/time_stamp_lshift.o
                0x00002b2a                _ZlsR8emstreamR10time_stamp
 .text._ZN10time_stamp10set_to_nowEv
                0x00002be2       0x30 Source/lib/frtcpp/time_stamp_to_now.o
                0x00002be2                _ZN10time_stamp10set_to_nowEv
 .text._Z15hex_dump_memoryPhS_P8emstreambh
                0x00002c12      0x162 Source/lib/misc/hex_dump_memory.o
                0x00002c12                _Z15hex_dump_memoryPhS_P8emstreambh
 .text._Znwj    0x00002d74        0x6 Source/lib/misc/mechutil.o
                0x00002d74                _Znwj
 .text._Znaj    0x00002d7a        0x6 Source/lib/misc/mechutil.o
                0x00002d7a                _Znaj
 .text.__cxa_pure_virtual
                0x00002d80        0x2 Source/lib/misc/mechutil.o
                0x00002d80                __cxa_pure_virtual
 .text._ZN7base232C2EjP12USART_struct
                0x00002d82      0x12c Source/lib/serial/base232.o
                0x00002d82                _ZN7base232C1EjP12USART_struct
                0x00002d82                _ZN7base232C2EjP12USART_struct
 .text._ZN8emstream13ready_to_sendEv
                0x00002eae        0x4 Source/lib/serial/emstream.o
                0x00002eae                _ZN8emstream13ready_to_sendEv
 .text._ZN8emstream7getcharEv
                0x00002eb2        0x6 Source/lib/serial/emstream.o
                0x00002eb2                _ZN8emstream7getcharEv
 .text._ZN8emstream14check_for_charEv
                0x00002eb8        0x4 Source/lib/serial/emstream.o
                0x00002eb8                _ZN8emstream14check_for_charEv
 .text._ZN8emstream12transmit_nowEv
                0x00002ebc        0x2 Source/lib/serial/emstream.o
                0x00002ebc                _ZN8emstream12transmit_nowEv
 .text._ZN8emstream12clear_screenEv
                0x00002ebe        0x2 Source/lib/serial/emstream.o
                0x00002ebe                _ZN8emstream12clear_screenEv
 .text._ZN8emstreamC2Ev
                0x00002ec0       0x1c Source/lib/serial/emstream.o
                0x00002ec0                _ZN8emstreamC2Ev
                0x00002ec0                _ZN8emstreamC1Ev
 .text._ZN8emstream4putsEPKc
                0x00002edc       0x6e Source/lib/serial/emstream.o
                0x00002edc                _ZN8emstream4putsEPKc
 .text._ZN8emstreamlsE15ser_manipulator
                0x00002f4a       0x8e Source/lib/serial/emstream.o
                0x00002f4a                _ZN8emstreamlsE15ser_manipulator
 .text._ZN8emstreamlsEj
                0x00002fd8       0x68 Source/lib/serial/emstream_uint16_t.o
                0x00002fd8                _ZN8emstreamlsEj
 .text._ZN8emstreamlsEm
                0x00003040       0x84 Source/lib/serial/emstream_uint32_t.o
                0x00003040                _ZN8emstreamlsEm
 .text._ZN8emstreamlsEh
                0x000030c4      0x100 Source/lib/serial/emstream_uint8_t.o
                0x000030c4                _ZN8emstreamlsEh
 .text._ZN5rs2327putcharEc
                0x000031c4       0x48 Source/lib/serial/rs232int.o
                0x000031c4                _ZN5rs2327putcharEc
 .text._ZN5rs2327getcharEv
                0x0000320c       0x4c Source/lib/serial/rs232int.o
                0x0000320c                _ZN5rs2327getcharEv
 .text._ZN5rs23214check_for_charEv
                0x00003258       0x26 Source/lib/serial/rs232int.o
                0x00003258                _ZN5rs23214check_for_charEv
 .text._ZN5rs23212clear_screenEv
                0x0000327e       0x12 Source/lib/serial/rs232int.o
                0x0000327e                _ZN5rs23212clear_screenEv
 .text._ZN5rs232C2EjP12USART_struct
                0x00003290      0x100 Source/lib/serial/rs232int.o
                0x00003290                _ZN5rs232C2EjP12USART_struct
                0x00003290                _ZN5rs232C1EjP12USART_struct
 .text.__vector_25
                0x00003390       0xbc Source/lib/serial/rs232int.o
                0x00003390                __vector_25
 .text.__vector_28
                0x0000344c       0xbc Source/lib/serial/rs232int.o
                0x0000344c                __vector_28
 .text.__vector_88
                0x00003508       0xbc Source/lib/serial/rs232int.o
                0x00003508                __vector_88
 .text.__vector_91
                0x000035c4       0xbc Source/lib/serial/rs232int.o
                0x000035c4                __vector_91
 .text.__vector_58
                0x00003680       0xbc Source/lib/serial/rs232int.o
                0x00003680                __vector_58
 .text._Z8CCPWritePVhh
                0x0000373c       0x2a Source/main.o
                0x0000373c                _Z8CCPWritePVhh
 .text.main     0x00003766      0x14a Source/main.o
                0x00003766                main
 .text._GLOBAL__sub_I_counter
                0x000038b0       0x22 Source/main.o
 .text.libgcc.mul
                0x000038d2       0x20 c:/program files (x86)/atmel/studio/7.0/toolchain/avr8/avr8-gnu-toolchain/bin/../lib/gcc/avr/5.4.0/avrxmega7\libgcc.a(_mulsi3.o)
                0x000038d2                __mulsi3
 .text.libgcc.div
                0x000038f2       0x44 c:/program files (x86)/atmel/studio/7.0/toolchain/avr8/avr8-gnu-toolchain/bin/../lib/gcc/avr/5.4.0/avrxmega7\libgcc.a(_udivmodsi4.o)
                0x000038f2                __udivmodsi4
 .text.libgcc.div
                0x00003936       0x2e c:/program files (x86)/atmel/studio/7.0/toolchain/avr8/avr8-gnu-toolchain/bin/../lib/gcc/avr/5.4.0/avrxmega7\libgcc.a(_divmodsi4.o)
                0x00003936                __divmodsi4
 .text.libgcc.div
                0x00003964       0x10 c:/program files (x86)/atmel/studio/7.0/toolchain/avr8/avr8-gnu-toolchain/bin/../lib/gcc/avr/5.4.0/avrxmega7\libgcc.a(_negsi2.o)
                0x00003964                __negsi2
 .text.libgcc   0x00003974       0x12 c:/program files (x86)/atmel/studio/7.0/toolchain/avr8/avr8-gnu-toolchain/bin/../lib/gcc/avr/5.4.0/avrxmega7\libgcc.a(_tablejump2.o)
                0x00003974                __tablejump2__
 .text.libgcc.mul
                0x00003986       0x16 c:/program files (x86)/atmel/studio/7.0/toolchain/avr8/avr8-gnu-toolchain/bin/../lib/gcc/avr/5.4.0/avrxmega7\libgcc.a(_muluhisi3.o)
                0x00003986                __muluhisi3
 .text.libgcc.mul
                0x0000399c       0x1e c:/program files (x86)/atmel/studio/7.0/toolchain/avr8/avr8-gnu-toolchain/bin/../lib/gcc/avr/5.4.0/avrxmega7\libgcc.a(_umulhisi3.o)
                0x0000399c                __umulhisi3
 .text.avr-libc
                0x000039ba       0x12 c:/program files (x86)/atmel/studio/7.0/toolchain/avr8/avr8-gnu-toolchain/bin/../lib/gcc/avr/5.4.0/../../../../avr/lib/avrxmega7\libc.a(memcpy.o)
                0x000039ba                memcpy
 .text.avr-libc
                0x000039cc        0xe c:/program files (x86)/atmel/studio/7.0/toolchain/avr8/avr8-gnu-toolchain/bin/../lib/gcc/avr/5.4.0/../../../../avr/lib/avrxmega7\libc.a(memset.o)
                0x000039cc                memset
 .text.avr-libc
                0x000039da       0x1e c:/program files (x86)/atmel/studio/7.0/toolchain/avr8/avr8-gnu-toolchain/bin/../lib/gcc/avr/5.4.0/../../../../avr/lib/avrxmega7\libc.a(strncpy.o)
                0x000039da                strncpy
 .text.avr-libc
                0x000039f8       0x16 c:/program files (x86)/atmel/studio/7.0/toolchain/avr8/avr8-gnu-toolchain/bin/../lib/gcc/avr/5.4.0/../../../../avr/lib/avrxmega7\libc.a(ultoa.o)
                0x000039f8                ultoa
                0x000039f8                __ultoa
 .text.avr-libc
                0x00003a0e       0x44 c:/program files (x86)/atmel/studio/7.0/toolchain/avr8/avr8-gnu-toolchain/bin/../lib/gcc/avr/5.4.0/../../../../avr/lib/avrxmega7\libc.a(ultoa_ncheck.o)
                0x00003a0e                __ultoa_ncheck
                0x00003a10                __ultoa_common
 .text.avr-libc
                0x00003a52       0x16 c:/program files (x86)/atmel/studio/7.0/toolchain/avr8/avr8-gnu-toolchain/bin/../lib/gcc/avr/5.4.0/../../../../avr/lib/avrxmega7\libc.a(utoa.o)
                0x00003a52                __utoa
                0x00003a52                utoa
 .text.avr-libc
                0x00003a68       0x34 c:/program files (x86)/atmel/studio/7.0/toolchain/avr8/avr8-gnu-toolchain/bin/../lib/gcc/avr/5.4.0/../../../../avr/lib/avrxmega7\libc.a(utoa_ncheck.o)
                0x00003a68                __utoa_ncheck
                0x00003a6a                __utoa_common
 .text.avr-libc
                0x00003a9c       0x20 c:/program files (x86)/atmel/studio/7.0/toolchain/avr8/avr8-gnu-toolchain/bin/../lib/gcc/avr/5.4.0/../../../../avr/lib/avrxmega7\libc.a(strrev.o)
                0x00003a9c                strrev
                0x00003abc                . = ALIGN (0x2)
 *(.fini9)
 .fini9         0x00003abc        0x0 c:/program files (x86)/atmel/studio/7.0/toolchain/avr8/avr8-gnu-toolchain/bin/../lib/gcc/avr/5.4.0/avrxmega7\libgcc.a(_exit.o)
                0x00003abc                _exit
                0x00003abc                exit
 *(.fini9)
 *(.fini8)
 *(.fini8)
 *(.fini7)
 *(.fini7)
 *(.fini6)
 *(.fini6)
 *(.fini5)
 *(.fini5)
 *(.fini4)
 *(.fini4)
 *(.fini3)
 *(.fini3)
 *(.fini2)
 *(.fini2)
 *(.fini1)
 *(.fini1)
 *(.fini0)
 .fini0         0x00003abc        0x4 c:/program files (x86)/atmel/studio/7.0/toolchain/avr8/avr8-gnu-toolchain/bin/../lib/gcc/avr/5.4.0/avrxmega7\libgcc.a(_exit.o)
 *(.fini0)
                0x00003ac0                _etext = .

.data           0x00802000       0xe8 load address 0x00003ac0
                0x00802000                PROVIDE (__data_start, .)
 *(.data)
 *(.data*)
 .data.xFreeBytesRemaining
                0x00802000        0x2 Source/lib/freertos/heap_2.o
 .data.xNextTaskUnblockTime
                0x00802002        0x4 Source/lib/freertos/tasks.o
 *(.gnu.linkonce.d*)
 *(.rodata)
 *(.rodata*)
 .rodata.str1.1
                0x00802006       0x18 Source/task_limit_switch.o
 .rodata._ZTV17task_limit_switch
                0x0080201e        0x8 Source/task_limit_switch.o
                0x0080201e                _ZTV17task_limit_switch
 .rodata.str1.1
                0x00802026       0x18 Source/task_motor_command.o
 .rodata._ZTV18task_motor_command
                0x00802026        0x8 Source/task_motor_command.o
                0x00802026                _ZTV18task_motor_command
 .rodata.str1.1
                0x0080202e       0x18 Source/task_motor_encoder.o
 .rodata._ZTV18task_motor_encoder
                0x0080202e        0x8 Source/task_motor_encoder.o
                0x0080202e                _ZTV18task_motor_encoder
 .rodata.str1.1
                0x00802036       0x18 Source/task_pendulum_encoder.o
 .rodata._ZTV21task_pendulum_encoder
                0x00802036        0x8 Source/task_pendulum_encoder.o
                0x00802036                _ZTV21task_pendulum_encoder
 .rodata.str1.1
                0x0080203e       0x18 Source/task_system_controller.o
 .rodata._ZTV22task_system_controller
                0x0080203e        0x8 Source/task_system_controller.o
                0x0080203e                _ZTV22task_system_controller
 .rodata._ZTV9task_user
                0x00802046        0x8 Source/task_user.o
                0x00802046                _ZTV9task_user
 .rodata.str1.1
                0x0080204e        0x5 Source/lib/freertos/tasks.o
 .rodata._ZTV8frt_task
                0x00802053        0x8 Source/lib/frtcpp/frt_task_status.o
                0x00802053                _ZTV8frt_task
 .rodata._ZTV14frt_text_queue
                0x0080205b       0x10 Source/lib/frtcpp/frt_text_queue.o
                0x0080205b                _ZTV14frt_text_queue
 .rodata._ZTV8emstream
                0x0080206b       0x10 Source/lib/serial/emstream.o
                0x0080206b                _ZTV8emstream
 .rodata._ZTV5rs232
                0x0080207b       0x10 Source/lib/serial/rs232int.o
                0x0080207b                _ZTV5rs232
 .rodata.str1.1
                0x0080208b       0x5c Source/main.o
 *(.gnu.linkonce.r*)
                0x008020e8                . = ALIGN (0x2)
 *fill*         0x008020e7        0x1 
                0x008020e8                _edata = .
                0x008020e8                PROVIDE (__data_end, .)

.bss            0x008020e8     0x109c
                0x008020e8                PROVIDE (__bss_start, .)
 *(.bss)
 *(.bss*)
 .bss.xHeapHasBeenInitialised.4150
                0x008020e8        0x1 Source/lib/freertos/heap_2.o
 .bss.xEnd      0x008020e9        0x4 Source/lib/freertos/heap_2.o
 .bss.xStart    0x008020ed        0x4 Source/lib/freertos/heap_2.o
 .bss.xHeap     0x008020f1      0xfff Source/lib/freertos/heap_2.o
 .bss.uxTaskNumber
                0x008030f0        0x1 Source/lib/freertos/tasks.o
 .bss.xNumOfOverflows
                0x008030f1        0x1 Source/lib/freertos/tasks.o
 .bss.xMissedYield
                0x008030f2        0x1 Source/lib/freertos/tasks.o
 .bss.uxMissedTicks
                0x008030f3        0x1 Source/lib/freertos/tasks.o
 .bss.uxSchedulerSuspended
                0x008030f4        0x1 Source/lib/freertos/tasks.o
 .bss.xSchedulerRunning
                0x008030f5        0x1 Source/lib/freertos/tasks.o
 .bss.uxTopReadyPriority
                0x008030f6        0x1 Source/lib/freertos/tasks.o
 .bss.uxTopUsedPriority
                0x008030f7        0x1 Source/lib/freertos/tasks.o
 .bss.xTickCount
                0x008030f8        0x4 Source/lib/freertos/tasks.o
 .bss.uxCurrentNumberOfTasks
                0x008030fc        0x1 Source/lib/freertos/tasks.o
 .bss.xIdleTaskHandle
                0x008030fd        0x2 Source/lib/freertos/tasks.o
 .bss.xPendingReadyList
                0x008030ff        0xb Source/lib/freertos/tasks.o
 .bss.pxOverflowDelayedTaskList
                0x0080310a        0x2 Source/lib/freertos/tasks.o
 .bss.pxDelayedTaskList
                0x0080310c        0x2 Source/lib/freertos/tasks.o
 .bss.xDelayedTaskList2
                0x0080310e        0xb Source/lib/freertos/tasks.o
 .bss.xDelayedTaskList1
                0x00803119        0xb Source/lib/freertos/tasks.o
 .bss.pxReadyTasksLists
                0x00803124       0x2c Source/lib/freertos/tasks.o
 .bss.pxCurrentTCB
                0x00803150        0x2 Source/lib/freertos/tasks.o
                0x00803150                pxCurrentTCB
 .bss.last_created_task_pointer
                0x00803152        0x2 Source/lib/frtcpp/frt_task.o
                0x00803152                last_created_task_pointer
 .bss.rcvE0_write_index
                0x00803154        0x2 Source/lib/serial/rs232int.o
                0x00803154                rcvE0_write_index
 .bss.rcvD1_write_index
                0x00803156        0x2 Source/lib/serial/rs232int.o
                0x00803156                rcvD1_write_index
 .bss.rcvD0_write_index
                0x00803158        0x2 Source/lib/serial/rs232int.o
                0x00803158                rcvD0_write_index
 .bss.rcvC1_write_index
                0x0080315a        0x2 Source/lib/serial/rs232int.o
                0x0080315a                rcvC1_write_index
 .bss.rcvC0_write_index
                0x0080315c        0x2 Source/lib/serial/rs232int.o
                0x0080315c                rcvC0_write_index
 .bss.rcvE0_read_index
                0x0080315e        0x2 Source/lib/serial/rs232int.o
                0x0080315e                rcvE0_read_index
 .bss.rcvD1_read_index
                0x00803160        0x2 Source/lib/serial/rs232int.o
                0x00803160                rcvD1_read_index
 .bss.rcvD0_read_index
                0x00803162        0x2 Source/lib/serial/rs232int.o
                0x00803162                rcvD0_read_index
 .bss.rcvC1_read_index
                0x00803164        0x2 Source/lib/serial/rs232int.o
                0x00803164                rcvC1_read_index
 .bss.rcvC0_read_index
                0x00803166        0x2 Source/lib/serial/rs232int.o
                0x00803166                rcvC0_read_index
 .bss.rcvE0_buffer
                0x00803168        0x2 Source/lib/serial/rs232int.o
                0x00803168                rcvE0_buffer
 .bss.rcvD1_buffer
                0x0080316a        0x2 Source/lib/serial/rs232int.o
                0x0080316a                rcvD1_buffer
 .bss.rcvD0_buffer
                0x0080316c        0x2 Source/lib/serial/rs232int.o
                0x0080316c                rcvD0_buffer
 .bss.rcvC1_buffer
                0x0080316e        0x2 Source/lib/serial/rs232int.o
                0x0080316e                rcvC1_buffer
 .bss.rcvC0_buffer
                0x00803170        0x2 Source/lib/serial/rs232int.o
                0x00803170                rcvC0_buffer
 .bss.print_ser_queue
                0x00803172       0x10 Source/main.o
                0x00803172                print_ser_queue
 *(COMMON)
 COMMON         0x00803182        0x2 Source/lib/freertos/port.o
                0x00803182                portStackTopForTask
                0x00803184                PROVIDE (__bss_end, .)
                0x00003ac0                __data_load_start = LOADADDR (.data)
                0x00003ba8                __data_load_end = (__data_load_start + SIZEOF (.data))

.noinit         0x00803184        0x0
                [!provide]                PROVIDE (__noinit_start, .)
 *(.noinit*)
                [!provide]                PROVIDE (__noinit_end, .)
                0x00803184                _end = .
                [!provide]                PROVIDE (__heap_start, .)

.eeprom         0x00810000        0x0
 *(.eeprom*)
                0x00810000                __eeprom_end = .

.fuse
 *(.fuse)
 *(.lfuse)
 *(.hfuse)
 *(.efuse)

.lock
 *(.lock*)

.signature
 *(.signature*)

.user_signatures
 *(.user_signatures*)

.stab
 *(.stab)

.stabstr
 *(.stabstr)

.stab.excl
 *(.stab.excl)

.stab.exclstr
 *(.stab.exclstr)

.stab.index
 *(.stab.index)

.stab.indexstr
 *(.stab.indexstr)

.comment        0x00000000       0x30
 *(.comment)
 .comment       0x00000000       0x30 Source/task_limit_switch.o
                                 0x31 (size before relaxing)
 .comment       0x00000030       0x31 Source/task_motor_command.o
 .comment       0x00000030       0x31 Source/task_motor_encoder.o
 .comment       0x00000030       0x31 Source/task_pendulum_encoder.o
 .comment       0x00000030       0x31 Source/task_system_controller.o
 .comment       0x00000030       0x31 Source/task_user.o
 .comment       0x00000030       0x31 Source/lib/freertos/heap_2.o
 .comment       0x00000030       0x31 Source/lib/freertos/list.o
 .comment       0x00000030       0x31 Source/lib/freertos/port.o
 .comment       0x00000030       0x31 Source/lib/freertos/queue.o
 .comment       0x00000030       0x31 Source/lib/freertos/tasks.o
 .comment       0x00000030       0x31 Source/lib/frtcpp/frt_task.o
 .comment       0x00000030       0x31 Source/lib/frtcpp/frt_task_stackprt.o
 .comment       0x00000030       0x31 Source/lib/frtcpp/frt_task_status.o
 .comment       0x00000030       0x31 Source/lib/frtcpp/frt_text_queue.o
 .comment       0x00000030       0x31 Source/lib/frtcpp/time_stamp_get_us.o
 .comment       0x00000030       0x31 Source/lib/frtcpp/time_stamp_lshift.o
 .comment       0x00000030       0x31 Source/lib/frtcpp/time_stamp_to_now.o
 .comment       0x00000030       0x31 Source/lib/misc/hex_dump_memory.o
 .comment       0x00000030       0x31 Source/lib/misc/mechutil.o
 .comment       0x00000030       0x31 Source/lib/serial/base232.o
 .comment       0x00000030       0x31 Source/lib/serial/emstream.o
 .comment       0x00000030       0x31 Source/lib/serial/emstream_uint16_t.o
 .comment       0x00000030       0x31 Source/lib/serial/emstream_uint32_t.o
 .comment       0x00000030       0x31 Source/lib/serial/emstream_uint8_t.o
 .comment       0x00000030       0x31 Source/lib/serial/rs232int.o
 .comment       0x00000030       0x31 Source/main.o

.note.gnu.avr.deviceinfo
                0x00000000       0x40
 .note.gnu.avr.deviceinfo
                0x00000000       0x40 C:/Program Files (x86)/Atmel/Studio/7.0/Packs/atmel/XMEGAA_DFP/1.1.68/gcc/dev/atxmega128a4u/avrxmega7/crtatxmega128a4u.o

.note.gnu.build-id
 *(.note.gnu.build-id)

.debug
 *(.debug)

.line
 *(.line)

.debug_srcinfo
 *(.debug_srcinfo)

.debug_sfnames
 *(.debug_sfnames)

.debug_aranges  0x00000000      0x688
 *(.debug_aranges)
 .debug_aranges
                0x00000000       0x28 Source/task_limit_switch.o
 .debug_aranges
                0x00000028       0x28 Source/task_motor_command.o
 .debug_aranges
                0x00000050       0x28 Source/task_motor_encoder.o
 .debug_aranges
                0x00000078       0x28 Source/task_pendulum_encoder.o
 .debug_aranges
                0x000000a0       0x28 Source/task_system_controller.o
 .debug_aranges
                0x000000c8       0x38 Source/task_user.o
 .debug_aranges
                0x00000100       0x38 Source/lib/freertos/heap_2.o
 .debug_aranges
                0x00000138       0x40 Source/lib/freertos/list.o
 .debug_aranges
                0x00000178       0x48 Source/lib/freertos/port.o
 .debug_aranges
                0x000001c0       0x98 Source/lib/freertos/queue.o
 .debug_aranges
                0x00000258       0xf0 Source/lib/freertos/tasks.o
 .debug_aranges
                0x00000348       0x40 Source/lib/frtcpp/frt_task.o
 .debug_aranges
                0x00000388       0x28 Source/lib/frtcpp/frt_task_stackprt.o
 .debug_aranges
                0x000003b0       0x38 Source/lib/frtcpp/frt_task_status.o
 .debug_aranges
                0x000003e8       0x38 Source/lib/frtcpp/frt_text_queue.o
 .debug_aranges
                0x00000420       0x20 Source/lib/frtcpp/time_stamp_get_us.o
 .debug_aranges
                0x00000440       0x20 Source/lib/frtcpp/time_stamp_lshift.o
 .debug_aranges
                0x00000460       0x20 Source/lib/frtcpp/time_stamp_to_now.o
 .debug_aranges
                0x00000480       0x20 Source/lib/misc/hex_dump_memory.o
 .debug_aranges
                0x000004a0       0x60 Source/lib/misc/mechutil.o
 .debug_aranges
                0x00000500       0x30 Source/lib/serial/base232.o
 .debug_aranges
                0x00000530       0x60 Source/lib/serial/emstream.o
 .debug_aranges
                0x00000590       0x20 Source/lib/serial/emstream_uint16_t.o
 .debug_aranges
                0x000005b0       0x20 Source/lib/serial/emstream_uint32_t.o
 .debug_aranges
                0x000005d0       0x20 Source/lib/serial/emstream_uint8_t.o
 .debug_aranges
                0x000005f0       0x68 Source/lib/serial/rs232int.o
 .debug_aranges
                0x00000658       0x30 Source/main.o

.debug_pubnames
 *(.debug_pubnames)

.debug_info     0x00000000     0xeca4
 *(.debug_info .gnu.linkonce.wi.*)
 .debug_info    0x00000000     0x284f C:/Program Files (x86)/Atmel/Studio/7.0/Packs/atmel/XMEGAA_DFP/1.1.68/gcc/dev/atxmega128a4u/avrxmega7/crtatxmega128a4u.o
 .debug_info    0x0000284f      0x4b1 Source/task_limit_switch.o
 .debug_info    0x00002d00      0x4b1 Source/task_motor_command.o
 .debug_info    0x000031b1      0x4b1 Source/task_motor_encoder.o
 .debug_info    0x00003662      0x4b1 Source/task_pendulum_encoder.o
 .debug_info    0x00003b13      0x4b1 Source/task_system_controller.o
 .debug_info    0x00003fc4     0x1a79 Source/task_user.o
 .debug_info    0x00005a3d      0x30f Source/lib/freertos/heap_2.o
 .debug_info    0x00005d4c      0x2c5 Source/lib/freertos/list.o
 .debug_info    0x00006011      0x275 Source/lib/freertos/port.o
 .debug_info    0x00006286      0xdde Source/lib/freertos/queue.o
 .debug_info    0x00007064     0x1301 Source/lib/freertos/tasks.o
 .debug_info    0x00008365      0x9eb Source/lib/frtcpp/frt_task.o
 .debug_info    0x00008d50      0x640 Source/lib/frtcpp/frt_task_stackprt.o
 .debug_info    0x00009390     0x10e6 Source/lib/frtcpp/frt_task_status.o
 .debug_info    0x0000a476      0x410 Source/lib/frtcpp/frt_text_queue.o
 .debug_info    0x0000a886      0x3ab Source/lib/frtcpp/time_stamp_get_us.o
 .debug_info    0x0000ac31      0x5ae Source/lib/frtcpp/time_stamp_lshift.o
 .debug_info    0x0000b1df      0x9a8 Source/lib/frtcpp/time_stamp_to_now.o
 .debug_info    0x0000bb87      0x515 Source/lib/misc/hex_dump_memory.o
 .debug_info    0x0000c09c      0x29c Source/lib/misc/mechutil.o
 .debug_info    0x0000c338      0x482 Source/lib/serial/base232.o
 .debug_info    0x0000c7ba      0xa2f Source/lib/serial/emstream.o
 .debug_info    0x0000d1e9      0x2b8 Source/lib/serial/emstream_uint16_t.o
 .debug_info    0x0000d4a1      0x2e0 Source/lib/serial/emstream_uint32_t.o
 .debug_info    0x0000d781      0x2d8 Source/lib/serial/emstream_uint8_t.o
 .debug_info    0x0000da59      0x8db Source/lib/serial/rs232int.o
 .debug_info    0x0000e334      0x970 Source/main.o

.debug_abbrev   0x00000000     0x5eae
 *(.debug_abbrev)
 .debug_abbrev  0x00000000     0x262c C:/Program Files (x86)/Atmel/Studio/7.0/Packs/atmel/XMEGAA_DFP/1.1.68/gcc/dev/atxmega128a4u/avrxmega7/crtatxmega128a4u.o
 .debug_abbrev  0x0000262c      0x241 Source/task_limit_switch.o
 .debug_abbrev  0x0000286d      0x241 Source/task_motor_command.o
 .debug_abbrev  0x00002aae      0x241 Source/task_motor_encoder.o
 .debug_abbrev  0x00002cef      0x241 Source/task_pendulum_encoder.o
 .debug_abbrev  0x00002f30      0x241 Source/task_system_controller.o
 .debug_abbrev  0x00003171      0x389 Source/task_user.o
 .debug_abbrev  0x000034fa      0x1a9 Source/lib/freertos/heap_2.o
 .debug_abbrev  0x000036a3       0xf6 Source/lib/freertos/list.o
 .debug_abbrev  0x00003799      0x16b Source/lib/freertos/port.o
 .debug_abbrev  0x00003904      0x1f2 Source/lib/freertos/queue.o
 .debug_abbrev  0x00003af6      0x2c2 Source/lib/freertos/tasks.o
 .debug_abbrev  0x00003db8      0x301 Source/lib/frtcpp/frt_task.o
 .debug_abbrev  0x000040b9      0x1fe Source/lib/frtcpp/frt_task_stackprt.o
 .debug_abbrev  0x000042b7      0x354 Source/lib/frtcpp/frt_task_status.o
 .debug_abbrev  0x0000460b      0x1ec Source/lib/frtcpp/frt_text_queue.o
 .debug_abbrev  0x000047f7      0x109 Source/lib/frtcpp/time_stamp_get_us.o
 .debug_abbrev  0x00004900      0x234 Source/lib/frtcpp/time_stamp_lshift.o
 .debug_abbrev  0x00004b34      0x19c Source/lib/frtcpp/time_stamp_to_now.o
 .debug_abbrev  0x00004cd0      0x180 Source/lib/misc/hex_dump_memory.o
 .debug_abbrev  0x00004e50      0x12e Source/lib/misc/mechutil.o
 .debug_abbrev  0x00004f7e      0x182 Source/lib/serial/base232.o
 .debug_abbrev  0x00005100      0x344 Source/lib/serial/emstream.o
 .debug_abbrev  0x00005444      0x1b7 Source/lib/serial/emstream_uint16_t.o
 .debug_abbrev  0x000055fb      0x1b7 Source/lib/serial/emstream_uint32_t.o
 .debug_abbrev  0x000057b2      0x1a6 Source/lib/serial/emstream_uint8_t.o
 .debug_abbrev  0x00005958      0x29f Source/lib/serial/rs232int.o
 .debug_abbrev  0x00005bf7      0x2b7 Source/main.o

.debug_line     0x00000000     0x4d03
 *(.debug_line .debug_line.* .debug_line_end)
 .debug_line    0x00000000      0x3b5 C:/Program Files (x86)/Atmel/Studio/7.0/Packs/atmel/XMEGAA_DFP/1.1.68/gcc/dev/atxmega128a4u/avrxmega7/crtatxmega128a4u.o
 .debug_line    0x000003b5      0x20b Source/task_limit_switch.o
 .debug_line    0x000005c0      0x20d Source/task_motor_command.o
 .debug_line    0x000007cd      0x20d Source/task_motor_encoder.o
 .debug_line    0x000009da      0x213 Source/task_pendulum_encoder.o
 .debug_line    0x00000bed      0x215 Source/task_system_controller.o
 .debug_line    0x00000e02      0x57c Source/task_user.o
 .debug_line    0x0000137e      0x25f Source/lib/freertos/heap_2.o
 .debug_line    0x000015dd      0x17b Source/lib/freertos/list.o
 .debug_line    0x00001758      0x31d Source/lib/freertos/port.o
 .debug_line    0x00001a75      0x725 Source/lib/freertos/queue.o
 .debug_line    0x0000219a      0x9dc Source/lib/freertos/tasks.o
 .debug_line    0x00002b76      0x367 Source/lib/frtcpp/frt_task.o
 .debug_line    0x00002edd      0x210 Source/lib/frtcpp/frt_task_stackprt.o
 .debug_line    0x000030ed      0x39f Source/lib/frtcpp/frt_task_status.o
 .debug_line    0x0000348c      0x17d Source/lib/frtcpp/frt_text_queue.o
 .debug_line    0x00003609       0xfc Source/lib/frtcpp/time_stamp_get_us.o
 .debug_line    0x00003705      0x167 Source/lib/frtcpp/time_stamp_lshift.o
 .debug_line    0x0000386c      0x179 Source/lib/frtcpp/time_stamp_to_now.o
 .debug_line    0x000039e5      0x24d Source/lib/misc/hex_dump_memory.o
 .debug_line    0x00003c32      0x1c9 Source/lib/misc/mechutil.o
 .debug_line    0x00003dfb      0x230 Source/lib/serial/base232.o
 .debug_line    0x0000402b      0x2b4 Source/lib/serial/emstream.o
 .debug_line    0x000042df      0x10e Source/lib/serial/emstream_uint16_t.o
 .debug_line    0x000043ed      0x10e Source/lib/serial/emstream_uint32_t.o
 .debug_line    0x000044fb      0x185 Source/lib/serial/emstream_uint8_t.o
 .debug_line    0x00004680      0x3f5 Source/lib/serial/rs232int.o
 .debug_line    0x00004a75      0x28e Source/main.o

.debug_frame    0x00000000     0x1238
 *(.debug_frame)
 .debug_frame   0x00000000       0x58 Source/task_limit_switch.o
 .debug_frame   0x00000058       0x58 Source/task_motor_command.o
 .debug_frame   0x000000b0       0x58 Source/task_motor_encoder.o
 .debug_frame   0x00000108       0x58 Source/task_pendulum_encoder.o
 .debug_frame   0x00000160       0x58 Source/task_system_controller.o
 .debug_frame   0x000001b8       0xc4 Source/task_user.o
 .debug_frame   0x0000027c       0x7c Source/lib/freertos/heap_2.o
 .debug_frame   0x000002f8       0x84 Source/lib/freertos/list.o
 .debug_frame   0x0000037c       0x74 Source/lib/freertos/port.o
 .debug_frame   0x000003f0      0x20c Source/lib/freertos/queue.o
 .debug_frame   0x000005fc      0x380 Source/lib/freertos/tasks.o
 .debug_frame   0x0000097c       0xbc Source/lib/frtcpp/frt_task.o
 .debug_frame   0x00000a38       0x70 Source/lib/frtcpp/frt_task_stackprt.o
 .debug_frame   0x00000aa8       0xc4 Source/lib/frtcpp/frt_task_status.o
 .debug_frame   0x00000b6c       0xbc Source/lib/frtcpp/frt_text_queue.o
 .debug_frame   0x00000c28       0x44 Source/lib/frtcpp/time_stamp_get_us.o
 .debug_frame   0x00000c6c       0x54 Source/lib/frtcpp/time_stamp_lshift.o
 .debug_frame   0x00000cc0       0x30 Source/lib/frtcpp/time_stamp_to_now.o
 .debug_frame   0x00000cf0       0x70 Source/lib/misc/hex_dump_memory.o
 .debug_frame   0x00000d60       0xa4 Source/lib/misc/mechutil.o
 .debug_frame   0x00000e04       0x50 Source/lib/serial/base232.o
 .debug_frame   0x00000e54       0xc4 Source/lib/serial/emstream.o
 .debug_frame   0x00000f18       0x44 Source/lib/serial/emstream_uint16_t.o
 .debug_frame   0x00000f5c       0x50 Source/lib/serial/emstream_uint32_t.o
 .debug_frame   0x00000fac       0x54 Source/lib/serial/emstream_uint8_t.o
 .debug_frame   0x00001000      0x1b4 Source/lib/serial/rs232int.o
 .debug_frame   0x000011b4       0x84 Source/main.o

.debug_str      0x00000000     0x4b74
 *(.debug_str)
 .debug_str     0x00000000     0x1aa8 C:/Program Files (x86)/Atmel/Studio/7.0/Packs/atmel/XMEGAA_DFP/1.1.68/gcc/dev/atxmega128a4u/avrxmega7/crtatxmega128a4u.o
 .debug_str     0x00001aa8      0x3af Source/task_limit_switch.o
                                0x447 (size before relaxing)
 .debug_str     0x00001e57       0xc5 Source/task_motor_command.o
                                0x44d (size before relaxing)
 .debug_str     0x00001f1c       0xc5 Source/task_motor_encoder.o
                                0x44d (size before relaxing)
 .debug_str     0x00001fe1       0xd7 Source/task_pendulum_encoder.o
                                0x45f (size before relaxing)
 .debug_str     0x000020b8       0xdd Source/task_system_controller.o
                                0x465 (size before relaxing)
 .debug_str     0x00002195      0x82a Source/task_user.o
                                0xb62 (size before relaxing)
 .debug_str     0x000029bf      0x21c Source/lib/freertos/heap_2.o
                                0x310 (size before relaxing)
 .debug_str     0x00002bdb      0x131 Source/lib/freertos/list.o
                                0x2c1 (size before relaxing)
 .debug_str     0x00002d0c      0x11f Source/lib/freertos/port.o
                                0x2ce (size before relaxing)
 .debug_str     0x00002e2b      0x41d Source/lib/freertos/queue.o
                                0x6c0 (size before relaxing)
 .debug_str     0x00003248      0x501 Source/lib/freertos/tasks.o
                                0x997 (size before relaxing)
 .debug_str     0x00003749      0x130 Source/lib/frtcpp/frt_task.o
                                0x504 (size before relaxing)
 .debug_str     0x00003879       0xe2 Source/lib/frtcpp/frt_task_stackprt.o
                                0x42c (size before relaxing)
 .debug_str     0x0000395b      0x40d Source/lib/frtcpp/frt_task_status.o
                                0x9a4 (size before relaxing)
 .debug_str     0x00003d68      0x148 Source/lib/frtcpp/frt_text_queue.o
                                0x416 (size before relaxing)
 .debug_str     0x00003eb0       0x2b Source/lib/frtcpp/time_stamp_get_us.o
                                0x4de (size before relaxing)
 .debug_str     0x00003edb       0x5f Source/lib/frtcpp/time_stamp_lshift.o
                                0x5a3 (size before relaxing)
 .debug_str     0x00003f3a       0x2b Source/lib/frtcpp/time_stamp_to_now.o
                                0x7c1 (size before relaxing)
 .debug_str     0x00003f65       0x8a Source/lib/misc/hex_dump_memory.o
                                0x372 (size before relaxing)
 .debug_str     0x00003fef       0xe2 Source/lib/misc/mechutil.o
                                0x2ad (size before relaxing)
 .debug_str     0x000040d1      0x1f7 Source/lib/serial/base232.o
                                0x3e9 (size before relaxing)
 .debug_str     0x000042c8      0x427 Source/lib/serial/emstream.o
                                0x79d (size before relaxing)
 .debug_str     0x000046ef       0x67 Source/lib/serial/emstream_uint16_t.o
                                0x27b (size before relaxing)
 .debug_str     0x00004756       0x42 Source/lib/serial/emstream_uint32_t.o
                                0x27e (size before relaxing)
 .debug_str     0x00004798       0x3a Source/lib/serial/emstream_uint8_t.o
                                0x268 (size before relaxing)
 .debug_str     0x000047d2      0x293 Source/lib/serial/rs232int.o
                                0x6ad (size before relaxing)
 .debug_str     0x00004a65      0x10f Source/main.o
                                0x5bb (size before relaxing)

.debug_loc      0x00000000     0x593e
 *(.debug_loc)
 .debug_loc     0x00000000      0x1c2 Source/task_limit_switch.o
 .debug_loc     0x000001c2      0x1c2 Source/task_motor_command.o
 .debug_loc     0x00000384      0x1c2 Source/task_motor_encoder.o
 .debug_loc     0x00000546      0x1c2 Source/task_pendulum_encoder.o
 .debug_loc     0x00000708      0x1c2 Source/task_system_controller.o
 .debug_loc     0x000008ca      0x602 Source/task_user.o
 .debug_loc     0x00000ecc      0x2b1 Source/lib/freertos/heap_2.o
 .debug_loc     0x0000117d      0x136 Source/lib/freertos/list.o
 .debug_loc     0x000012b3      0x29b Source/lib/freertos/port.o
 .debug_loc     0x0000154e      0xd6d Source/lib/freertos/queue.o
 .debug_loc     0x000022bb     0x1159 Source/lib/freertos/tasks.o
 .debug_loc     0x00003414      0x434 Source/lib/frtcpp/frt_task.o
 .debug_loc     0x00003848      0x240 Source/lib/frtcpp/frt_task_stackprt.o
 .debug_loc     0x00003a88      0x56e Source/lib/frtcpp/frt_task_status.o
 .debug_loc     0x00003ff6      0x2fe Source/lib/frtcpp/frt_text_queue.o
 .debug_loc     0x000042f4       0x63 Source/lib/frtcpp/time_stamp_get_us.o
 .debug_loc     0x00004357      0x19d Source/lib/frtcpp/time_stamp_lshift.o
 .debug_loc     0x000044f4       0x67 Source/lib/frtcpp/time_stamp_to_now.o
 .debug_loc     0x0000455b      0x3e2 Source/lib/misc/hex_dump_memory.o
 .debug_loc     0x0000493d       0xe6 Source/lib/misc/mechutil.o
 .debug_loc     0x00004a23      0x143 Source/lib/serial/base232.o
 .debug_loc     0x00004b66      0x305 Source/lib/serial/emstream.o
 .debug_loc     0x00004e6b      0x12f Source/lib/serial/emstream_uint16_t.o
 .debug_loc     0x00004f9a      0x171 Source/lib/serial/emstream_uint32_t.o
 .debug_loc     0x0000510b      0x1cf Source/lib/serial/emstream_uint8_t.o
 .debug_loc     0x000052da      0x4f2 Source/lib/serial/rs232int.o
 .debug_loc     0x000057cc      0x172 Source/main.o

.debug_macinfo
 *(.debug_macinfo)

.debug_weaknames
 *(.debug_weaknames)

.debug_funcnames
 *(.debug_funcnames)

.debug_typenames
 *(.debug_typenames)

.debug_varnames
 *(.debug_varnames)

.debug_pubtypes
 *(.debug_pubtypes)

.debug_ranges   0x00000000      0x538
 *(.debug_ranges)
 .debug_ranges  0x00000000       0x18 Source/task_limit_switch.o
 .debug_ranges  0x00000018       0x18 Source/task_motor_command.o
 .debug_ranges  0x00000030       0x18 Source/task_motor_encoder.o
 .debug_ranges  0x00000048       0x18 Source/task_pendulum_encoder.o
 .debug_ranges  0x00000060       0x18 Source/task_system_controller.o
 .debug_ranges  0x00000078       0x28 Source/task_user.o
 .debug_ranges  0x000000a0       0x28 Source/lib/freertos/heap_2.o
 .debug_ranges  0x000000c8       0x30 Source/lib/freertos/list.o
 .debug_ranges  0x000000f8       0x38 Source/lib/freertos/port.o
 .debug_ranges  0x00000130       0x88 Source/lib/freertos/queue.o
 .debug_ranges  0x000001b8      0x110 Source/lib/freertos/tasks.o
 .debug_ranges  0x000002c8       0x30 Source/lib/frtcpp/frt_task.o
 .debug_ranges  0x000002f8       0x18 Source/lib/frtcpp/frt_task_stackprt.o
 .debug_ranges  0x00000310       0x28 Source/lib/frtcpp/frt_task_status.o
 .debug_ranges  0x00000338       0x28 Source/lib/frtcpp/frt_text_queue.o
 .debug_ranges  0x00000360       0x10 Source/lib/frtcpp/time_stamp_get_us.o
 .debug_ranges  0x00000370       0x10 Source/lib/frtcpp/time_stamp_lshift.o
 .debug_ranges  0x00000380       0x10 Source/lib/frtcpp/time_stamp_to_now.o
 .debug_ranges  0x00000390       0x10 Source/lib/misc/hex_dump_memory.o
 .debug_ranges  0x000003a0       0x50 Source/lib/misc/mechutil.o
 .debug_ranges  0x000003f0       0x20 Source/lib/serial/base232.o
 .debug_ranges  0x00000410       0x68 Source/lib/serial/emstream.o
 .debug_ranges  0x00000478       0x10 Source/lib/serial/emstream_uint16_t.o
 .debug_ranges  0x00000488       0x10 Source/lib/serial/emstream_uint32_t.o
 .debug_ranges  0x00000498       0x10 Source/lib/serial/emstream_uint8_t.o
 .debug_ranges  0x000004a8       0x70 Source/lib/serial/rs232int.o
 .debug_ranges  0x00000518       0x20 Source/main.o

.debug_macro
 *(.debug_macro)
OUTPUT(FREERTOS_SHELL.elf elf32-avr)
LOAD linker stubs
