Archive member included to satisfy reference by file (symbol)

c:/program files (x86)/atmel/studio/7.0/toolchain/avr8/avr8-gnu-toolchain/bin/../lib/gcc/avr/5.4.0/../../../../avr/lib/avrxmega6\libm.a(addsf3.o)
                              Source/main.o (__subsf3)
c:/program files (x86)/atmel/studio/7.0/toolchain/avr8/avr8-gnu-toolchain/bin/../lib/gcc/avr/5.4.0/../../../../avr/lib/avrxmega6\libm.a(addsf3x.o)
                              c:/program files (x86)/atmel/studio/7.0/toolchain/avr8/avr8-gnu-toolchain/bin/../lib/gcc/avr/5.4.0/../../../../avr/lib/avrxmega6\libm.a(addsf3.o) (__addsf3x)
c:/program files (x86)/atmel/studio/7.0/toolchain/avr8/avr8-gnu-toolchain/bin/../lib/gcc/avr/5.4.0/../../../../avr/lib/avrxmega6\libm.a(cos.o)
                              Source/main.o (cos)
c:/program files (x86)/atmel/studio/7.0/toolchain/avr8/avr8-gnu-toolchain/bin/../lib/gcc/avr/5.4.0/../../../../avr/lib/avrxmega6\libm.a(divsf3.o)
                              Source/lib/frtcpp/time_stamp_to_float.o (__divsf3)
c:/program files (x86)/atmel/studio/7.0/toolchain/avr8/avr8-gnu-toolchain/bin/../lib/gcc/avr/5.4.0/../../../../avr/lib/avrxmega6\libm.a(divsf3x.o)
                              c:/program files (x86)/atmel/studio/7.0/toolchain/avr8/avr8-gnu-toolchain/bin/../lib/gcc/avr/5.4.0/../../../../avr/lib/avrxmega6\libm.a(divsf3.o) (__divsf3x)
c:/program files (x86)/atmel/studio/7.0/toolchain/avr8/avr8-gnu-toolchain/bin/../lib/gcc/avr/5.4.0/../../../../avr/lib/avrxmega6\libm.a(fixunssfsi.o)
                              Source/main.o (__fixunssfsi)
c:/program files (x86)/atmel/studio/7.0/toolchain/avr8/avr8-gnu-toolchain/bin/../lib/gcc/avr/5.4.0/../../../../avr/lib/avrxmega6\libm.a(floatsisf.o)
                              Source/lib/frtcpp/time_stamp_to_float.o (__floatunsisf)
c:/program files (x86)/atmel/studio/7.0/toolchain/avr8/avr8-gnu-toolchain/bin/../lib/gcc/avr/5.4.0/../../../../avr/lib/avrxmega6\libm.a(fp_inf.o)
                              c:/program files (x86)/atmel/studio/7.0/toolchain/avr8/avr8-gnu-toolchain/bin/../lib/gcc/avr/5.4.0/../../../../avr/lib/avrxmega6\libm.a(addsf3x.o) (__fp_inf)
c:/program files (x86)/atmel/studio/7.0/toolchain/avr8/avr8-gnu-toolchain/bin/../lib/gcc/avr/5.4.0/../../../../avr/lib/avrxmega6\libm.a(fp_nan.o)
                              c:/program files (x86)/atmel/studio/7.0/toolchain/avr8/avr8-gnu-toolchain/bin/../lib/gcc/avr/5.4.0/../../../../avr/lib/avrxmega6\libm.a(addsf3x.o) (__fp_nan)
c:/program files (x86)/atmel/studio/7.0/toolchain/avr8/avr8-gnu-toolchain/bin/../lib/gcc/avr/5.4.0/../../../../avr/lib/avrxmega6\libm.a(fp_pscA.o)
                              c:/program files (x86)/atmel/studio/7.0/toolchain/avr8/avr8-gnu-toolchain/bin/../lib/gcc/avr/5.4.0/../../../../avr/lib/avrxmega6\libm.a(addsf3x.o) (__fp_pscA)
c:/program files (x86)/atmel/studio/7.0/toolchain/avr8/avr8-gnu-toolchain/bin/../lib/gcc/avr/5.4.0/../../../../avr/lib/avrxmega6\libm.a(fp_pscB.o)
                              c:/program files (x86)/atmel/studio/7.0/toolchain/avr8/avr8-gnu-toolchain/bin/../lib/gcc/avr/5.4.0/../../../../avr/lib/avrxmega6\libm.a(addsf3x.o) (__fp_pscB)
c:/program files (x86)/atmel/studio/7.0/toolchain/avr8/avr8-gnu-toolchain/bin/../lib/gcc/avr/5.4.0/../../../../avr/lib/avrxmega6\libm.a(fp_rempio2.o)
                              c:/program files (x86)/atmel/studio/7.0/toolchain/avr8/avr8-gnu-toolchain/bin/../lib/gcc/avr/5.4.0/../../../../avr/lib/avrxmega6\libm.a(cos.o) (__fp_rempio2)
c:/program files (x86)/atmel/studio/7.0/toolchain/avr8/avr8-gnu-toolchain/bin/../lib/gcc/avr/5.4.0/../../../../avr/lib/avrxmega6\libm.a(fp_round.o)
                              c:/program files (x86)/atmel/studio/7.0/toolchain/avr8/avr8-gnu-toolchain/bin/../lib/gcc/avr/5.4.0/../../../../avr/lib/avrxmega6\libm.a(addsf3.o) (__fp_round)
c:/program files (x86)/atmel/studio/7.0/toolchain/avr8/avr8-gnu-toolchain/bin/../lib/gcc/avr/5.4.0/../../../../avr/lib/avrxmega6\libm.a(fp_sinus.o)
                              c:/program files (x86)/atmel/studio/7.0/toolchain/avr8/avr8-gnu-toolchain/bin/../lib/gcc/avr/5.4.0/../../../../avr/lib/avrxmega6\libm.a(cos.o) (__fp_sinus)
c:/program files (x86)/atmel/studio/7.0/toolchain/avr8/avr8-gnu-toolchain/bin/../lib/gcc/avr/5.4.0/../../../../avr/lib/avrxmega6\libm.a(fp_split3.o)
                              c:/program files (x86)/atmel/studio/7.0/toolchain/avr8/avr8-gnu-toolchain/bin/../lib/gcc/avr/5.4.0/../../../../avr/lib/avrxmega6\libm.a(addsf3x.o) (__fp_split3)
c:/program files (x86)/atmel/studio/7.0/toolchain/avr8/avr8-gnu-toolchain/bin/../lib/gcc/avr/5.4.0/../../../../avr/lib/avrxmega6\libm.a(fp_zero.o)
                              c:/program files (x86)/atmel/studio/7.0/toolchain/avr8/avr8-gnu-toolchain/bin/../lib/gcc/avr/5.4.0/../../../../avr/lib/avrxmega6\libm.a(addsf3x.o) (__fp_zero)
c:/program files (x86)/atmel/studio/7.0/toolchain/avr8/avr8-gnu-toolchain/bin/../lib/gcc/avr/5.4.0/../../../../avr/lib/avrxmega6\libm.a(mulsf3.o)
[...]
Memory Configuration

Name             Origin             Length             Attributes
text             0x00000000         0x00100000         xr
data             0x00802000         0x0000ffa0         rw !x
eeprom           0x00810000         0x00010000         rw !x
fuse             0x00820000         0x00000006         rw !x
lock             0x00830000         0x00000400         rw !x
signature        0x00840000         0x00000400         rw !x
user_signatures  0x00850000         0x00000400         rw !x
*default*        0x00000000         0xffffffff

Linker script and memory map

LOAD C:/Program Files (x86)/Atmel/Studio/7.0/Packs/atmel/XMEGAA_DFP/1.1.68/gcc/dev/atxmega256a3bu/avrxmega6/crtatxmega256a3bu.o
LOAD Source/lib/freertos/croutine.o
LOAD Source/task_LED.o
LOAD Source/task_user.o
LOAD Source/lib/freertos/heap_2.o
LOAD Source/lib/freertos/list.o
LOAD Source/lib/freertos/port.o
LOAD Source/lib/freertos/queue.o
LOAD Source/lib/freertos/tasks.o
LOAD Source/lib/frtcpp/base_data_receiver.o
LOAD Source/lib/frtcpp/frt_task.o
LOAD Source/lib/frtcpp/frt_task_stackprt.o
LOAD Source/lib/frtcpp/frt_task_status.o
LOAD Source/lib/frtcpp/frt_text_queue.o
LOAD Source/lib/frtcpp/func_get_run_time_counter.o
LOAD Source/lib/frtcpp/time_stamp_equal.o
LOAD Source/lib/frtcpp/time_stamp_get_us.o
LOAD Source/lib/frtcpp/time_stamp_greater.o
LOAD Source/lib/frtcpp/time_stamp_greater_eq.o
LOAD Source/lib/frtcpp/time_stamp_less.o
LOAD Source/lib/frtcpp/time_stamp_less_eq.o
LOAD Source/lib/frtcpp/time_stamp_lshift.o
LOAD Source/lib/frtcpp/time_stamp_minus.o
LOAD Source/lib/frtcpp/time_stamp_minus_eq.o
LOAD Source/lib/frtcpp/time_stamp_not_equal.o
LOAD Source/lib/frtcpp/time_stamp_plus.o
LOAD Source/lib/frtcpp/time_stamp_plus_eq.o
LOAD Source/lib/frtcpp/time_stamp_tick_res_time.o
LOAD Source/lib/frtcpp/time_stamp_to_float.o
LOAD Source/lib/frtcpp/time_stamp_to_now.o
LOAD Source/lib/frtcpp/time_stamp_to_now_ISR.o
LOAD Source/lib/misc/hex_dump_memory.o
LOAD Source/lib/misc/mechutil.o
LOAD Source/lib/serial/base232.o
LOAD Source/lib/serial/emstream.o
LOAD Source/lib/serial/emstream_bool.o
LOAD Source/lib/serial/emstream_float.o
LOAD Source/lib/serial/emstream_hex_receive.o
LOAD Source/lib/serial/emstream_hex_send.o
LOAD Source/lib/serial/emstream_int16_t.o
LOAD Source/lib/serial/emstream_int32_t.o
LOAD Source/lib/serial/emstream_int8_t.o
LOAD Source/lib/serial/emstream_pointer.o
LOAD Source/lib/serial/emstream_uint16_t.o
LOAD Source/lib/serial/emstream_uint32_t.o
LOAD Source/lib/serial/emstream_uint64_t.o
LOAD Source/lib/serial/emstream_uint8_t.o
LOAD Source/lib/serial/rs232int.o
LOAD Source/main.o
START GROUP
LOAD c:/program files (x86)/atmel/studio/7.0/toolchain/avr8/avr8-gnu-toolchain/bin/../lib/gcc/avr/5.4.0/../../../../avr/lib/avrxmega6\libm.a
END GROUP
LOAD c:/program files (x86)/atmel/studio/7.0/toolchain/avr8/avr8-gnu-toolchain/bin/../lib/gcc/avr/5.4.0/avrxmega6\libgcc.a
LOAD c:/program files (x86)/atmel/studio/7.0/toolchain/avr8/avr8-gnu-toolchain/bin/../lib/gcc/avr/5.4.0/../../../../avr/lib/avrxmega6\libm.a
START GROUP
LOAD c:/program files (x86)/atmel/studio/7.0/toolchain/avr8/avr8-gnu-toolchain/bin/../lib/gcc/avr/5.4.0/avrxmega6\libgcc.a
LOAD c:/program files (x86)/atmel/studio/7.0/toolchain/avr8/avr8-gnu-toolchain/bin/../lib/gcc/avr/5.4.0/../../../../avr/lib/avrxmega6\libm.a
LOAD c:/program files (x86)/atmel/studio/7.0/toolchain/avr8/avr8-gnu-toolchain/bin/../lib/gcc/avr/5.4.0/../../../../avr/lib/avrxmega6\libc.a
LOAD C:/Program Files (x86)/Atmel/Studio/7.0/Packs/atmel/XMEGAA_DFP/1.1.68/gcc/dev/atxmega256a3bu/avrxmega6\libatxmega256a3bu.a
END GROUP
                0x00100000                __TEXT_REGION_LENGTH__ = DEFINED (__TEXT_REGION_LENGTH__)?__TEXT_REGION_LENGTH__:0x100000
                0x0000ffa0                __DATA_REGION_LENGTH__ = DEFINED (__DATA_REGION_LENGTH__)?__DATA_REGION_LENGTH__:0xffa0
                0x00010000                __EEPROM_REGION_LENGTH__ = DEFINED (__EEPROM_REGION_LENGTH__)?__EEPROM_REGION_LENGTH__:0x10000
                [0x00000006]                __FUSE_REGION_LENGTH__ = DEFINED (__FUSE_REGION_LENGTH__)?__FUSE_REGION_LENGTH__:0x400
                0x00000400                __LOCK_REGION_LENGTH__ = DEFINED (__LOCK_REGION_LENGTH__)?__LOCK_REGION_LENGTH__:0x400
                0x00000400                __SIGNATURE_REGION_LENGTH__ = DEFINED (__SIGNATURE_REGION_LENGTH__)?__SIGNATURE_REGION_LENGTH__:0x400
                0x00000400                __USER_SIGNATURE_REGION_LENGTH__ = DEFINED (__USER_SIGNATURE_REGION_LENGTH__)?__USER_SIGNATURE_REGION_LENGTH__:0x400

.hash
 *(.hash)

.dynsym
 *(.dynsym)

.dynstr
 *(.dynstr)

.gnu.version
 *(.gnu.version)

.gnu.version_d
 *(.gnu.version_d)

.gnu.version_r
 *(.gnu.version_r)

.rel.init
 *(.rel.init)

.rela.init
 *(.rela.init)

.rel.text
 *(.rel.text)
 *(.rel.text.*)
 *(.rel.gnu.linkonce.t*)

.rela.text
 *(.rela.text)
 *(.rela.text.*)
 *(.rela.gnu.linkonce.t*)

.rel.fini
 *(.rel.fini)

.rela.fini
 *(.rela.fini)

.rel.rodata
 *(.rel.rodata)
 *(.rel.rodata.*)
 *(.rel.gnu.linkonce.r*)

.rela.rodata
 *(.rela.rodata)
 *(.rela.rodata.*)
 *(.rela.gnu.linkonce.r*)

.rel.data
 *(.rel.data)
 *(.rel.data.*)
 *(.rel.gnu.linkonce.d*)

.rela.data
 *(.rela.data)
 *(.rela.data.*)
 *(.rela.gnu.linkonce.d*)

.rel.ctors
 *(.rel.ctors)

.rela.ctors
 *(.rela.ctors)

.rel.dtors
 *(.rel.dtors)

.rela.dtors
 *(.rela.dtors)

.rel.got
 *(.rel.got)

.rela.got
 *(.rela.got)

.rel.bss
 *(.rel.bss)

.rela.bss
 *(.rela.bss)

.rel.plt
 *(.rel.plt)

.rela.plt
 *(.rela.plt)

.text           0x00000000     0x4af8
 *(.vectors)
 .vectors       0x00000000      0x1fc C:/Program Files (x86)/Atmel/Studio/7.0/Packs/atmel/XMEGAA_DFP/1.1.68/gcc/dev/atxmega256a3bu/avrxmega6/crtatxmega256a3bu.o
                0x00000000                __vector_default
                0x00000000                __vectors
 *(.vectors)
 *(.progmem.gcc*)
 .progmem.gcc_sw_table._ZN8emstreamlsE15ser_manipulator
                0x000001fc       0x16 Source/lib/serial/emstream.o
 .progmem.gcc_fplib
                0x00000212       0x1e c:/program files (x86)/atmel/studio/7.0/toolchain/avr8/avr8-gnu-toolchain/bin/../lib/gcc/avr/5.4.0/../../../../avr/lib/avrxmega6\libm.a(fp_sinus.o)
                0x00000230                . = ALIGN (0x2)
                0x00000230                __trampolines_start = .
 *(.trampolines)
 .trampolines   0x00000230       0xf8 linker stubs
 *(.trampolines*)
                0x00000328                __trampolines_end = .
 *libprintf_flt.a:*(.progmem.data)
 *libc.a:*(.progmem.data)
 *(.progmem*)
 .progmem.something
                0x00000328      0x1ba Source/task_user.o
 .progmem.something
                0x000004e2       0x4b Source/lib/frtcpp/frt_task.o
 .progmem.something
                0x0000052d       0x28 Source/lib/frtcpp/frt_task_stackprt.o
 .progmem.something
                0x00000555       0x72 Source/lib/frtcpp/frt_task_status.o
 .progmem.something
                0x000005c7       0x13 Source/lib/misc/hex_dump_memory.o
                0x000005da                . = ALIGN (0x2)
 *(.jumptables)
 *(.jumptables*)
 *(.lowtext)
 .lowtext       0x000005da        0x4 Source/lib/frtcpp/frt_task.o
                0x000005da                _call_static_run_method
 *(.lowtext*)
                0x000005de                __ctors_start = .
 *(.ctors)
 .ctors         0x000005de        0x2 Source/main.o
                0x000005e0                __ctors_end = .
                0x000005e0                __dtors_start = .
 *(.dtors)
                0x000005e0                __dtors_end = .
 SORT(*)(.ctors)
 SORT(*)(.dtors)
 *(.init0)
 .init0         0x000005e0        0x0 C:/Program Files (x86)/Atmel/Studio/7.0/Packs/atmel/XMEGAA_DFP/1.1.68/gcc/dev/atxmega256a3bu/avrxmega6/crtatxmega256a3bu.o
                0x000005e0                __init
 *(.init0)
 *(.init1)
 *(.init1)
 *(.init2)
 .init2         0x000005e0       0x10 C:/Program Files (x86)/Atmel/Studio/7.0/Packs/atmel/XMEGAA_DFP/1.1.68/gcc/dev/atxmega256a3bu/avrxmega6/crtatxmega256a3bu.o
 *(.init2)
 *(.init3)
 *(.init3)
 *(.init4)
 .init4         0x000005f0       0x1a c:/program files (x86)/atmel/studio/7.0/toolchain/avr8/avr8-gnu-toolchain/bin/../lib/gcc/avr/5.4.0/avrxmega6\libgcc.a(_copy_data.o)
                0x000005f0                __do_copy_data
 .init4         0x0000060a       0x10 c:/program files (x86)/atmel/studio/7.0/toolchain/avr8/avr8-gnu-toolchain/bin/../lib/gcc/avr/5.4.0/avrxmega6\libgcc.a(_clear_bss.o)
                0x0000060a                __do_clear_bss
 *(.init4)
 *(.init5)
 *(.init5)
 *(.init6)
 .init6         0x0000061a       0x20 c:/program files (x86)/atmel/studio/7.0/toolchain/avr8/avr8-gnu-toolchain/bin/../lib/gcc/avr/5.4.0/avrxmega6\libgcc.a(_ctors.o)
                0x0000061a                __do_global_ctors
 *(.init6)
 *(.init7)
 *(.init7)
 *(.init8)
 *(.init8)
 *(.init9)
 .init9         0x0000063a        0x8 C:/Program Files (x86)/Atmel/Studio/7.0/Packs/atmel/XMEGAA_DFP/1.1.68/gcc/dev/atxmega256a3bu/avrxmega6/crtatxmega256a3bu.o
 *(.init9)
 *(.text)
 .text          0x00000642        0x4 C:/Program Files (x86)/Atmel/Studio/7.0/Packs/atmel/XMEGAA_DFP/1.1.68/gcc/dev/atxmega256a3bu/avrxmega6/crtatxmega256a3bu.o
                0x00000642                __vector_38
                0x00000642                __vector_104
                0x00000642                __vector_22
                0x00000642                __vector_63
                0x00000642                __vector_67
                0x00000642                __vector_1
                0x00000642                __vector_32
                0x00000642                __vector_75
                0x00000642                __vector_71
                0x00000642                __vector_34
                0x00000642                __vector_62
                0x00000642                __vector_77
                0x00000642                __vector_102
                0x00000642                __vector_24
                0x00000642                __vector_12
                0x00000642                __vector_69
                0x00000642                __vector_81
                0x00000642                __vector_90
                0x00000642                __vector_46
                0x00000642                __bad_interrupt
                0x00000642                __vector_122
                0x00000642                __vector_72
                0x00000642                __vector_114
                0x00000642                __vector_6
                0x00000642                __vector_110
                0x00000642                __vector_31
                0x00000642                __vector_92
                0x00000642                __vector_35
                0x00000642                __vector_78
                0x00000642                __vector_74
                0x00000642                __vector_117
                0x00000642                __vector_39
                0x00000642                __vector_107
                0x00000642                __vector_3
                0x00000642                __vector_105
                0x00000642                __vector_98
                0x00000642                __vector_23
                0x00000642                __vector_68
                0x00000642                __vector_30
                0x00000642                __vector_73
                0x00000642                __vector_45
                0x00000642                __vector_93
                0x00000642                __vector_61
                0x00000642                __vector_11
                0x00000642                __vector_54
                0x00000642                __vector_99
                0x00000642                __vector_13
                0x00000642                __vector_17
                0x00000642                __vector_19
                0x00000642                __vector_56
                0x00000642                __vector_7
                0x00000642                __vector_125
                0x00000642                __vector_49
                0x00000642                __vector_123
                0x00000642                __vector_41
                0x00000642                __vector_86
                0x00000642                __vector_100
                0x00000642                __vector_101
                0x00000642                __vector_64
                0x00000642                __vector_109
                0x00000642                __vector_43
                0x00000642                __vector_27
                0x00000642                __vector_5
                0x00000642                __vector_113
                0x00000642                __vector_33
                0x00000642                __vector_76
                0x00000642                __vector_115
                0x00000642                __vector_47
                0x00000642                __vector_52
                0x00000642                __vector_37
                0x00000642                __vector_95
                0x00000642                __vector_103
                0x00000642                __vector_96
                0x00000642                __vector_89
                0x00000642                __vector_108
                0x00000642                __vector_4
                0x00000642                __vector_44
                0x00000642                __vector_82
                0x00000642                __vector_106
                0x00000642                __vector_118
                0x00000642                __vector_51
                0x00000642                __vector_9
                0x00000642                __vector_2
                0x00000642                __vector_21
                0x00000642                __vector_15
                0x00000642                __vector_66
                0x00000642                __vector_36
                0x00000642                __vector_79
                0x00000642                __vector_70
                0x00000642                __vector_83
                0x00000642                __vector_29
                0x00000642                __vector_60
                0x00000642                __vector_121
                0x00000642                __vector_40
                0x00000642                __vector_85
                0x00000642                __vector_94
                0x00000642                __vector_126
                0x00000642                __vector_8
                0x00000642                __vector_26
                0x00000642                __vector_48
                0x00000642                __vector_124
                0x00000642                __vector_116
                0x00000642                __vector_112
                0x00000642                __vector_111
                0x00000642                __vector_80
                0x00000642                __vector_84
                0x00000642                __vector_57
                0x00000642                __vector_53
                0x00000642                __vector_10
                0x00000642                __vector_50
                0x00000642                __vector_16
                0x00000642                __vector_59
                0x00000642                __vector_18
                0x00000642                __vector_97
                0x00000642                __vector_20
                0x00000642                __vector_42
                0x00000642                __vector_87
                0x00000642                __vector_65
                0x00000642                __vector_120
                0x00000646                . = ALIGN (0x2)
 *(.text.*)
 .text._ZN8task_LED3runEv
                0x00000646       0xa8 Source/task_LED.o
                0x00000646                _ZN8task_LED3runEv
 .text._ZN8task_LEDC2EPKchjP8emstream
                0x000006ee       0x20 Source/task_LED.o
                0x000006ee                _ZN8task_LEDC2EPKchjP8emstream
                0x000006ee                _ZN8task_LEDC1EPKchjP8emstream
 .text._ZN9task_userC2EPKchjP8emstream
                0x0000070e       0x20 Source/task_user.o
                0x0000070e                _ZN9task_userC1EPKchjP8emstream
                0x0000070e                _ZN9task_userC2EPKchjP8emstream
 .text._ZN9task_user18print_help_messageEv
                0x0000072e      0x150 Source/task_user.o
                0x0000072e                _ZN9task_user18print_help_messageEv
 .text._ZN9task_user11show_statusEv
                0x0000087e      0x116 Source/task_user.o
                0x0000087e                _ZN9task_user11show_statusEv
 .text._ZN9task_user3runEv
                0x00000994      0x25a Source/task_user.o
                0x00000994                _ZN9task_user3runEv
 .text.pvPortMalloc
                0x00000bee      0x134 Source/lib/freertos/heap_2.o
                0x00000bee                pvPortMalloc
 .text.vPortFree
                0x00000d22       0x66 Source/lib/freertos/heap_2.o
                0x00000d22                vPortFree
 .text.xPortGetFreeHeapSize
                0x00000d88        0xa Source/lib/freertos/heap_2.o
                0x00000d88                xPortGetFreeHeapSize
 .text.vListInitialise
                0x00000d92       0x22 Source/lib/freertos/list.o
                0x00000d92                vListInitialise
 .text.vListInitialiseItem
                0x00000db4        0x8 Source/lib/freertos/list.o
                0x00000db4                vListInitialiseItem
 .text.vListInsertEnd
                0x00000dbc       0x4e Source/lib/freertos/list.o
                0x00000dbc                vListInsertEnd
 .text.vListInsert
                0x00000e0a       0x96 Source/lib/freertos/list.o
                0x00000e0a                vListInsert
 .text.vListRemove
                0x00000ea0       0x4c Source/lib/freertos/list.o
                0x00000ea0                vListRemove
 .text.pxPortInitialiseStack
                0x00000eec       0xec Source/lib/freertos/port.o
                0x00000eec                pxPortInitialiseStack
 .text.xPortStartScheduler
                0x00000fd8       0x80 Source/lib/freertos/port.o
                0x00000fd8                xPortStartScheduler
 .text.vPortYield
                0x00001058       0xc2 Source/lib/freertos/port.o
                0x00001058                vPortYield
 .text.vPortYieldFromTick
                0x0000111a       0xc6 Source/lib/freertos/port.o
                0x0000111a                vPortYieldFromTick
 .text.__vector_55
                0x000011e0        0x6 Source/lib/freertos/port.o
                0x000011e0                __vector_55
 .text.prvCopyDataToQueue
                0x000011e6       0x98 Source/lib/freertos/queue.o
 .text.prvCopyDataFromQueue
                0x0000127e       0x34 Source/lib/freertos/queue.o
 .text.prvUnlockQueue
                0x000012b2       0x94 Source/lib/freertos/queue.o
 .text.xQueueGenericReset
                0x00001346       0x78 Source/lib/freertos/queue.o
                0x00001346                xQueueGenericReset
 .text.xQueueGenericCreate
                0x000013be       0x5c Source/lib/freertos/queue.o
                0x000013be                xQueueGenericCreate
 .text.xQueueGenericSend
                0x0000141a      0x136 Source/lib/freertos/queue.o
                0x0000141a                xQueueGenericSend
 .text.xQueueGenericSendFromISR
                0x00001550       0x58 Source/lib/freertos/queue.o
                0x00001550                xQueueGenericSendFromISR
 .text.xQueueGenericReceive
                0x000015a8      0x188 Source/lib/freertos/queue.o
                0x000015a8                xQueueGenericReceive
 .text.xQueueReceiveFromISR
                0x00001730       0x5a Source/lib/freertos/queue.o
                0x00001730                xQueueReceiveFromISR
 .text.uxQueueMessagesWaiting
                0x0000178a       0x10 Source/lib/freertos/queue.o
                0x0000178a                uxQueueMessagesWaiting
 .text.uxQueueMessagesWaitingFromISR
                0x0000179a        0x6 Source/lib/freertos/queue.o
                0x0000179a                uxQueueMessagesWaitingFromISR
 .text.prvIdleTask
                0x000017a0       0x10 Source/lib/freertos/tasks.o
 .text.prvAddCurrentTaskToDelayedList
                0x000017b0       0x9c Source/lib/freertos/tasks.o
 .text.xTaskGenericCreate
                0x0000184c      0x204 Source/lib/freertos/tasks.o
                0x0000184c                xTaskGenericCreate
 .text.uxTaskPriorityGet
                0x00001a50       0x1c Source/lib/freertos/tasks.o
                0x00001a50                uxTaskPriorityGet
 .text.vTaskStartScheduler
                0x00001a6c       0x66 Source/lib/freertos/tasks.o
                0x00001a6c                vTaskStartScheduler
 .text.vTaskSuspendAll
                0x00001ad2        0xc Source/lib/freertos/tasks.o
                0x00001ad2                vTaskSuspendAll
 .text.xTaskGetTickCount
                0x00001ade       0x1c Source/lib/freertos/tasks.o
                0x00001ade                xTaskGetTickCount
 .text.pcTaskGetTaskName
                0x00001afa       0x10 Source/lib/freertos/tasks.o
                0x00001afa                pcTaskGetTaskName
 .text.xTaskGetIdleTaskHandle
                0x00001b0a        0xa Source/lib/freertos/tasks.o
                0x00001b0a                xTaskGetIdleTaskHandle
 .text.vTaskIncrementTick
                0x00001b14      0x202 Source/lib/freertos/tasks.o
                0x00001b14                vTaskIncrementTick
 .text.xTaskResumeAll
                0x00001d16      0x104 Source/lib/freertos/tasks.o
                0x00001d16                xTaskResumeAll
 .text.vTaskDelayUntil
                0x00001e1a       0xda Source/lib/freertos/tasks.o
                0x00001e1a                vTaskDelayUntil
 .text.vTaskDelay
                0x00001ef4       0x5c Source/lib/freertos/tasks.o
                0x00001ef4                vTaskDelay
 .text.vTaskSwitchContext
                0x00001f50       0xba Source/lib/freertos/tasks.o
                0x00001f50                vTaskSwitchContext
 .text.vTaskPlaceOnEventList
                0x0000200a       0x54 Source/lib/freertos/tasks.o
                0x0000200a                vTaskPlaceOnEventList
 .text.xTaskRemoveFromEventList
                0x0000205e       0x7e Source/lib/freertos/tasks.o
                0x0000205e                xTaskRemoveFromEventList
 .text.vTaskSetTimeOutState
                0x000020dc       0x22 Source/lib/freertos/tasks.o
                0x000020dc                vTaskSetTimeOutState
 .text.xTaskCheckForTimeOut
                0x000020fe       0xda Source/lib/freertos/tasks.o
                0x000020fe                xTaskCheckForTimeOut
 .text.vTaskMissedYield
                0x000021d8        0x8 Source/lib/freertos/tasks.o
                0x000021d8                vTaskMissedYield
 .text.uxTaskGetStackHighWaterMark
                0x000021e0       0x32 Source/lib/freertos/tasks.o
                0x000021e0                uxTaskGetStackHighWaterMark
 .text.xTaskGetCurrentTaskHandle
                0x00002212        0xa Source/lib/freertos/tasks.o
                0x00002212                xTaskGetCurrentTaskHandle
 .text.vTaskPriorityInherit
                0x0000221c       0xaa Source/lib/freertos/tasks.o
                0x0000221c                vTaskPriorityInherit
 .text.vTaskPriorityDisinherit
                0x000022c6       0x68 Source/lib/freertos/tasks.o
                0x000022c6                vTaskPriorityDisinherit
 .text._ZN8frt_task22_call_users_run_methodEPS_
                0x0000232e       0x1e Source/lib/frtcpp/frt_task.o
                0x0000232e                _ZN8frt_task22_call_users_run_methodEPS_
 .text._ZN8frt_task13transition_toEh
                0x0000234c        0x8 Source/lib/frtcpp/frt_task.o
                0x0000234c                _ZN8frt_task13transition_toEh
 .text._ZN8frt_taskC2EPKchjP8emstream
                0x00002354      0x18e Source/lib/frtcpp/frt_task.o
                0x00002354                _ZN8frt_taskC1EPKchjP8emstream
                0x00002354                _ZN8frt_taskC2EPKchjP8emstream
 .text._ZN8frt_task19print_stack_in_listEP8emstream
                0x000024e2       0x9c Source/lib/frtcpp/frt_task_stackprt.o
                0x000024e2                _ZN8frt_task19print_stack_in_listEP8emstream
 .text._Z17print_task_stacksP8emstream
                0x0000257e       0x80 Source/lib/frtcpp/frt_task_stackprt.o
                0x0000257e                _Z17print_task_stacksP8emstream
 .text._ZN8frt_task12print_statusER8emstream
                0x000025fe      0x120 Source/lib/frtcpp/frt_task_status.o
                0x000025fe                _ZN8frt_task12print_statusER8emstream
 .text._ZlsR8emstreamR8frt_task
                0x0000271e       0x20 Source/lib/frtcpp/frt_task_status.o
                0x0000271e                _ZlsR8emstreamR8frt_task
 .text._ZN8frt_task20print_status_in_listEP8emstream
                0x0000273e       0x32 Source/lib/frtcpp/frt_task_status.o
                0x0000273e                _ZN8frt_task20print_status_in_listEP8emstream
 .text._Z15print_task_listP8emstream
                0x00002770      0x122 Source/lib/frtcpp/frt_task_status.o
                0x00002770                _Z15print_task_listP8emstream
 .text._ZN14frt_text_queue7getcharEv
                0x00002892       0x3c Source/lib/frtcpp/frt_text_queue.o
                0x00002892                _ZN14frt_text_queue7getcharEv
 .text._ZN14frt_text_queue14check_for_charEv
                0x000028ce       0x16 Source/lib/frtcpp/frt_text_queue.o
                0x000028ce                _ZN14frt_text_queue14check_for_charEv
 .text._ZN14frt_text_queue7putcharEc
                0x000028e4       0x3c Source/lib/frtcpp/frt_text_queue.o
                0x000028e4                _ZN14frt_text_queue7putcharEc
 .text._ZN14frt_text_queueC2EjP8emstreamm
                0x00002920       0x5e Source/lib/frtcpp/frt_text_queue.o
                0x00002920                _ZN14frt_text_queueC2EjP8emstreamm
                0x00002920                _ZN14frt_text_queueC1EjP8emstreamm
 .text._ZN10time_stamp12get_microsecEv
                0x0000297e       0x80 Source/lib/frtcpp/time_stamp_get_us.o
                0x0000297e                _ZN10time_stamp12get_microsecEv
 .text._ZlsR8emstreamR10time_stamp
                0x000029fe       0xb8 Source/lib/frtcpp/time_stamp_lshift.o
                0x000029fe                _ZlsR8emstreamR10time_stamp
 .text._ZN10time_stamp10set_to_nowEv
                0x00002ab6       0x30 Source/lib/frtcpp/time_stamp_to_now.o
                0x00002ab6                _ZN10time_stamp10set_to_nowEv
 .text._Z15hex_dump_memoryPhS_P8emstreambh
                0x00002ae6      0x162 Source/lib/misc/hex_dump_memory.o
                0x00002ae6                _Z15hex_dump_memoryPhS_P8emstreambh
 .text._Znwj    0x00002c48        0x6 Source/lib/misc/mechutil.o
                0x00002c48                _Znwj
 .text._Znaj    0x00002c4e        0x6 Source/lib/misc/mechutil.o
                0x00002c4e                _Znaj
 .text.__cxa_pure_virtual
                0x00002c54        0x2 Source/lib/misc/mechutil.o
                0x00002c54                __cxa_pure_virtual
 .text._ZN7base232C2EjP12USART_struct
                0x00002c56      0x146 Source/lib/serial/base232.o
                0x00002c56                _ZN7base232C1EjP12USART_struct
                0x00002c56                _ZN7base232C2EjP12USART_struct
 .text._ZN8emstream13ready_to_sendEv
                0x00002d9c        0x4 Source/lib/serial/emstream.o
                0x00002d9c                _ZN8emstream13ready_to_sendEv
 .text._ZN8emstream7getcharEv
                0x00002da0        0x6 Source/lib/serial/emstream.o
                0x00002da0                _ZN8emstream7getcharEv
 .text._ZN8emstream14check_for_charEv
                0x00002da6        0x4 Source/lib/serial/emstream.o
                0x00002da6                _ZN8emstream14check_for_charEv
 .text._ZN8emstream12transmit_nowEv
                0x00002daa        0x2 Source/lib/serial/emstream.o
                0x00002daa                _ZN8emstream12transmit_nowEv
 .text._ZN8emstream12clear_screenEv
                0x00002dac        0x2 Source/lib/serial/emstream.o
                0x00002dac                _ZN8emstream12clear_screenEv
 .text._ZN8emstreamC2Ev
                0x00002dae       0x1c Source/lib/serial/emstream.o
                0x00002dae                _ZN8emstreamC2Ev
                0x00002dae                _ZN8emstreamC1Ev
 .text._ZN8emstream4putsEPKc
                0x00002dca       0x6e Source/lib/serial/emstream.o
                0x00002dca                _ZN8emstream4putsEPKc
 .text._ZN8emstreamlsE15ser_manipulator
                0x00002e38       0x8e Source/lib/serial/emstream.o
                0x00002e38                _ZN8emstreamlsE15ser_manipulator
 .text._ZN8emstreamlsEj
                0x00002ec6       0x68 Source/lib/serial/emstream_uint16_t.o
                0x00002ec6                _ZN8emstreamlsEj
 .text._ZN8emstreamlsEm
                0x00002f2e       0x84 Source/lib/serial/emstream_uint32_t.o
                0x00002f2e                _ZN8emstreamlsEm
 .text._ZN8emstreamlsEh
                0x00002fb2      0x100 Source/lib/serial/emstream_uint8_t.o
                0x00002fb2                _ZN8emstreamlsEh
 .text._ZN5rs2327putcharEc
                0x000030b2       0x48 Source/lib/serial/rs232int.o
                0x000030b2                _ZN5rs2327putcharEc
 .text._ZN5rs2327getcharEv
                0x000030fa       0x4c Source/lib/serial/rs232int.o
                0x000030fa                _ZN5rs2327getcharEv
 .text._ZN5rs23214check_for_charEv
                0x00003146       0x26 Source/lib/serial/rs232int.o
                0x00003146                _ZN5rs23214check_for_charEv
 .text._ZN5rs23212clear_screenEv
                0x0000316c       0x12 Source/lib/serial/rs232int.o
                0x0000316c                _ZN5rs23212clear_screenEv
 .text._ZN5rs232C2EjP12USART_struct
                0x0000317e      0x122 Source/lib/serial/rs232int.o
                0x0000317e                _ZN5rs232C2EjP12USART_struct
                0x0000317e                _ZN5rs232C1EjP12USART_struct
 .text.__vector_25
                0x000032a0       0xb0 Source/lib/serial/rs232int.o
                0x000032a0                __vector_25
 .text.__vector_28
                0x00003350       0xb0 Source/lib/serial/rs232int.o
                0x00003350                __vector_28
 .text.__vector_88
                0x00003400       0xb0 Source/lib/serial/rs232int.o
                0x00003400                __vector_88
 .text.__vector_91
                0x000034b0       0xb0 Source/lib/serial/rs232int.o
                0x000034b0                __vector_91
 .text.__vector_58
                0x00003560       0xb0 Source/lib/serial/rs232int.o
                0x00003560                __vector_58
 .text.__vector_119
                0x00003610       0xb0 Source/lib/serial/rs232int.o
                0x00003610                __vector_119
 .text._ZN9frt_queueIjE16ISR_num_items_inEv
                0x000036c0        0xe Source/main.o
                0x000036c0                _ZN9frt_queueIjE16ISR_num_items_inEv
 .text._ZN9frt_queueIjE13ISR_not_emptyEv
                0x000036ce       0x16 Source/main.o
                0x000036ce                _ZN9frt_queueIjE13ISR_not_emptyEv
 .text._ZN9frt_queueIjE12ISR_is_emptyEv
                0x000036e4       0x14 Source/main.o
                0x000036e4                _ZN9frt_queueIjE12ISR_is_emptyEv
 .text._ZN9frt_queueIiE16ISR_num_items_inEv
                0x000036f8        0xe Source/main.o
                0x000036f8                _ZN9frt_queueIiE16ISR_num_items_inEv
 .text._ZN9frt_queueIiE13ISR_not_emptyEv
                0x00003706       0x16 Source/main.o
                0x00003706                _ZN9frt_queueIiE13ISR_not_emptyEv
 .text._ZN9frt_queueIiE12ISR_is_emptyEv
                0x0000371c       0x14 Source/main.o
                0x0000371c                _ZN9frt_queueIiE12ISR_is_emptyEv
 .text._ZN9frt_queueIjE12num_items_inEv
                0x00003730        0xe Source/main.o
                0x00003730                _ZN9frt_queueIjE12num_items_inEv
 .text._ZN9frt_queueIjE9not_emptyEv
                0x0000373e       0x16 Source/main.o
                0x0000373e                _ZN9frt_queueIjE9not_emptyEv
 .text._ZN9frt_queueIjE8is_emptyEv
                0x00003754       0x14 Source/main.o
                0x00003754                _ZN9frt_queueIjE8is_emptyEv
 .text._ZN9frt_queueIiE12num_items_inEv
                0x00003768        0xe Source/main.o
                0x00003768                _ZN9frt_queueIiE12num_items_inEv
 .text._ZN9frt_queueIiE9not_emptyEv
                0x00003776       0x16 Source/main.o
                0x00003776                _ZN9frt_queueIiE9not_emptyEv
 .text._ZN9frt_queueIiE8is_emptyEv
                0x0000378c       0x14 Source/main.o
                0x0000378c                _ZN9frt_queueIiE8is_emptyEv
 .text._ZN9frt_queueIjE10get_a_copyERj
                0x000037a0       0x18 Source/main.o
                0x000037a0                _ZN9frt_queueIjE10get_a_copyERj
 .text._ZN9frt_queueIjE10get_a_copyEv
                0x000037b8       0x36 Source/main.o
                0x000037b8                _ZN9frt_queueIjE10get_a_copyEv
 .text._ZN9frt_queueIjE3getEPj
                0x000037ee       0x18 Source/main.o
                0x000037ee                _ZN9frt_queueIjE3getEPj
 .text._ZN9frt_queueIjE3getEv
                0x00003806       0x36 Source/main.o
                0x00003806                _ZN9frt_queueIjE3getEv
 .text._ZN9frt_queueIiE10get_a_copyERi
                0x0000383c       0x18 Source/main.o
                0x0000383c                _ZN9frt_queueIiE10get_a_copyERi
 .text._ZN9frt_queueIiE10get_a_copyEv
                0x00003854       0x36 Source/main.o
                0x00003854                _ZN9frt_queueIiE10get_a_copyEv
 .text._ZN9frt_queueIiE3getEPi
                0x0000388a       0x18 Source/main.o
                0x0000388a                _ZN9frt_queueIiE3getEPi
 .text._ZN9frt_queueIiE3getEv
                0x000038a2       0x36 Source/main.o
                0x000038a2                _ZN9frt_queueIiE3getEv
 .text._ZN9frt_queueIjE7ISR_getEPj
                0x000038d8       0x22 Source/main.o
                0x000038d8                _ZN9frt_queueIjE7ISR_getEPj
 .text._ZN9frt_queueIjE7ISR_getEv
                0x000038fa       0x30 Source/main.o
                0x000038fa                _ZN9frt_queueIjE7ISR_getEv
 .text._ZN9frt_queueIiE7ISR_getEPi
                0x0000392a       0x22 Source/main.o
                0x0000392a                _ZN9frt_queueIiE7ISR_getEPi
 .text._ZN9frt_queueIiE7ISR_getEv
                0x0000394c       0x30 Source/main.o
                0x0000394c                _ZN9frt_queueIiE7ISR_getEv
 .text._ZN9frt_queueIjE11ISR_butt_inERKj
                0x0000397c       0x30 Source/main.o
                0x0000397c                _ZN9frt_queueIjE11ISR_butt_inERKj
 .text._ZN9frt_queueIjE7ISR_putERKj
                0x000039ac       0x30 Source/main.o
                0x000039ac                _ZN9frt_queueIjE7ISR_putERKj
 .text._ZN9frt_queueIiE11ISR_butt_inERKi
                0x000039dc       0x30 Source/main.o
                0x000039dc                _ZN9frt_queueIiE11ISR_butt_inERKi
 .text._ZN9frt_queueIiE7ISR_putERKi
                0x00003a0c       0x30 Source/main.o
                0x00003a0c                _ZN9frt_queueIiE7ISR_putERKi
 .text._ZN9frt_queueIjE7butt_inERKj
                0x00003a3c       0x24 Source/main.o
                0x00003a3c                _ZN9frt_queueIjE7butt_inERKj
 .text._ZN9frt_queueIjE3putERKj
                0x00003a60       0x24 Source/main.o
                0x00003a60                _ZN9frt_queueIjE3putERKj
 .text._ZN9frt_queueIiE7butt_inERKi
                0x00003a84       0x24 Source/main.o
                0x00003a84                _ZN9frt_queueIiE7butt_inERKi
 .text._ZN9frt_queueIiE3putERKi
                0x00003aa8       0x24 Source/main.o
                0x00003aa8                _ZN9frt_queueIiE3putERKi
 .text._Z8CCPWritePVhh
                0x00003acc       0x2a Source/main.o
                0x00003acc                _Z8CCPWritePVhh
 .text.main     0x00003af6      0x2cc Source/main.o
                0x00003af6                main
 .text.__vector_14
                0x00003dc2      0x514 Source/main.o
                0x00003dc2                __vector_14
 .text._GLOBAL__sub_I_counter
                0x000042d6       0xfa Source/main.o
 .text.avr-libc.fplib
                0x000043d0        0xe c:/program files (x86)/atmel/studio/7.0/toolchain/avr8/avr8-gnu-toolchain/bin/../lib/gcc/avr/5.4.0/../../../../avr/lib/avrxmega6\libm.a(addsf3.o)
                0x000043d0                __subsf3
                0x000043d2                __addsf3
 .text.avr-libc.fplib
                0x000043de       0xcc c:/program files (x86)/atmel/studio/7.0/toolchain/avr8/avr8-gnu-toolchain/bin/../lib/gcc/avr/5.4.0/../../../../avr/lib/avrxmega6\libm.a(addsf3x.o)
                0x00004400                __addsf3x
 .text.avr-libc.fplib
                0x000044aa        0xa c:/program files (x86)/atmel/studio/7.0/toolchain/avr8/avr8-gnu-toolchain/bin/../lib/gcc/avr/5.4.0/../../../../avr/lib/avrxmega6\libm.a(cos.o)
                0x000044aa                cos
 .text.avr-libc.fplib
                0x000044b4        0x8 c:/program files (x86)/atmel/studio/7.0/toolchain/avr8/avr8-gnu-toolchain/bin/../lib/gcc/avr/5.4.0/../../../../avr/lib/avrxmega6\libm.a(divsf3.o)
                0x000044b4                __divsf3
 .text.avr-libc.fplib
                0x000044bc       0xdc c:/program files (x86)/atmel/studio/7.0/toolchain/avr8/avr8-gnu-toolchain/bin/../lib/gcc/avr/5.4.0/../../../../avr/lib/avrxmega6\libm.a(divsf3x.o)
                0x000044dc                __divsf3x
                0x000044e2                __divsf3_pse
 .text.avr-libc.fplib
                0x00004598       0x5e c:/program files (x86)/atmel/studio/7.0/toolchain/avr8/avr8-gnu-toolchain/bin/../lib/gcc/avr/5.4.0/../../../../avr/lib/avrxmega6\libm.a(fixunssfsi.o)
                0x00004598                __fixunssfsi
 .text.avr-libc.fplib
                0x000045f6       0x7a c:/program files (x86)/atmel/studio/7.0/toolchain/avr8/avr8-gnu-toolchain/bin/../lib/gcc/avr/5.4.0/../../../../avr/lib/avrxmega6\libm.a(floatsisf.o)
                0x000045f6                __floatunsisf
                0x000045fa                __floatsisf
 .text.avr-libc.fplib
                0x00004670        0xc c:/program files (x86)/atmel/studio/7.0/toolchain/avr8/avr8-gnu-toolchain/bin/../lib/gcc/avr/5.4.0/../../../../avr/lib/avrxmega6\libm.a(fp_inf.o)
                0x00004670                __fp_inf
 .text.avr-libc.fplib
                0x0000467c        0x6 c:/program files (x86)/atmel/studio/7.0/toolchain/avr8/avr8-gnu-toolchain/bin/../lib/gcc/avr/5.4.0/../../../../avr/lib/avrxmega6\libm.a(fp_nan.o)
                0x0000467c                __fp_nan
 .text.avr-libc.fplib
                0x00004682        0xe c:/program files (x86)/atmel/studio/7.0/toolchain/avr8/avr8-gnu-toolchain/bin/../lib/gcc/avr/5.4.0/../../../../avr/lib/avrxmega6\libm.a(fp_pscA.o)
                0x00004682                __fp_pscA
 .text.avr-libc.fplib
                0x00004690        0xe c:/program files (x86)/atmel/studio/7.0/toolchain/avr8/avr8-gnu-toolchain/bin/../lib/gcc/avr/5.4.0/../../../../avr/lib/avrxmega6\libm.a(fp_pscB.o)
                0x00004690                __fp_pscB
 .text.avr-libc.fplib
                0x0000469e       0x56 c:/program files (x86)/atmel/studio/7.0/toolchain/avr8/avr8-gnu-toolchain/bin/../lib/gcc/avr/5.4.0/../../../../avr/lib/avrxmega6\libm.a(fp_rempio2.o)
                0x000046a2                __fp_rempio2
 .text.avr-libc.fplib
                0x000046f4       0x22 c:/program files (x86)/atmel/studio/7.0/toolchain/avr8/avr8-gnu-toolchain/bin/../lib/gcc/avr/5.4.0/../../../../avr/lib/avrxmega6\libm.a(fp_round.o)
                0x000046f4                __fp_round
 .text.avr-libc.fplib
                0x00004716       0x28 c:/program files (x86)/atmel/studio/7.0/toolchain/avr8/avr8-gnu-toolchain/bin/../lib/gcc/avr/5.4.0/../../../../avr/lib/avrxmega6\libm.a(fp_sinus.o)
                0x00004716                __fp_sinus
 .text.avr-libc.fplib
                0x0000473e       0x44 c:/program files (x86)/atmel/studio/7.0/toolchain/avr8/avr8-gnu-toolchain/bin/../lib/gcc/avr/5.4.0/../../../../avr/lib/avrxmega6\libm.a(fp_split3.o)
                0x0000473e                __fp_split3
                0x0000474e                __fp_splitA
 .text.avr-libc.fplib
                0x00004782        0xe c:/program files (x86)/atmel/studio/7.0/toolchain/avr8/avr8-gnu-toolchain/bin/../lib/gcc/avr/5.4.0/../../../../avr/lib/avrxmega6\libm.a(fp_zero.o)
                0x00004782                __fp_zero
                0x00004784                __fp_szero
 .text.avr-libc.fplib
                0x00004790        0x8 c:/program files (x86)/atmel/studio/7.0/toolchain/avr8/avr8-gnu-toolchain/bin/../lib/gcc/avr/5.4.0/../../../../avr/lib/avrxmega6\libm.a(mulsf3.o)
                0x00004790                __mulsf3
 .text.avr-libc.fplib
                0x00004798       0xd2 c:/program files (x86)/atmel/studio/7.0/toolchain/avr8/avr8-gnu-toolchain/bin/../lib/gcc/avr/5.4.0/../../../../avr/lib/avrxmega6\libm.a(mulsf3x.o)
                0x000047b6                __mulsf3x
                0x000047bc                __mulsf3_pse
 .text.avr-libc.fplib
                0x0000486a       0x10 c:/program files (x86)/atmel/studio/7.0/toolchain/avr8/avr8-gnu-toolchain/bin/../lib/gcc/avr/5.4.0/../../../../avr/lib/avrxmega6\libm.a(sin.o)
                0x0000486a                sin
 .text.avr-libc.fplib
                0x0000487a       0x1c c:/program files (x86)/atmel/studio/7.0/toolchain/avr8/avr8-gnu-toolchain/bin/../lib/gcc/avr/5.4.0/../../../../avr/lib/avrxmega6\libm.a(fp_mpack.o)
                0x0000487a                __fp_mpack
                0x0000487e                __fp_mpack_finite
 .text.avr-libc.fplib
                0x00004896       0x28 c:/program files (x86)/atmel/studio/7.0/toolchain/avr8/avr8-gnu-toolchain/bin/../lib/gcc/avr/5.4.0/../../../../avr/lib/avrxmega6\libm.a(fp_powsodd.o)
                0x00004896                __fp_powsodd
 .text.avr-libc.fplib
                0x000048be       0x4e c:/program files (x86)/atmel/studio/7.0/toolchain/avr8/avr8-gnu-toolchain/bin/../lib/gcc/avr/5.4.0/../../../../avr/lib/avrxmega6\libm.a(fp_powser.o)
                0x000048be                __fp_powser
 .text.libgcc.mul
                0x0000490c       0x20 c:/program files (x86)/atmel/studio/7.0/toolchain/avr8/avr8-gnu-toolchain/bin/../lib/gcc/avr/5.4.0/avrxmega6\libgcc.a(_mulsi3.o)
                0x0000490c                __mulsi3
 .text.libgcc.div
                0x0000492c       0x44 c:/program files (x86)/atmel/studio/7.0/toolchain/avr8/avr8-gnu-toolchain/bin/../lib/gcc/avr/5.4.0/avrxmega6\libgcc.a(_udivmodsi4.o)
                0x0000492c                __udivmodsi4
 .text.libgcc.div
                0x00004970       0x2e c:/program files (x86)/atmel/studio/7.0/toolchain/avr8/avr8-gnu-toolchain/bin/../lib/gcc/avr/5.4.0/avrxmega6\libgcc.a(_divmodsi4.o)
                0x00004970                __divmodsi4
 .text.libgcc.div
                0x0000499e       0x10 c:/program files (x86)/atmel/studio/7.0/toolchain/avr8/avr8-gnu-toolchain/bin/../lib/gcc/avr/5.4.0/avrxmega6\libgcc.a(_negsi2.o)
                0x0000499e                __negsi2
 .text.libgcc   0x000049ae       0x10 c:/program files (x86)/atmel/studio/7.0/toolchain/avr8/avr8-gnu-toolchain/bin/../lib/gcc/avr/5.4.0/avrxmega6\libgcc.a(_tablejump2.o)
                0x000049ae                __tablejump2__
 .text.libgcc.mul
                0x000049be       0x1e c:/program files (x86)/atmel/studio/7.0/toolchain/avr8/avr8-gnu-toolchain/bin/../lib/gcc/avr/5.4.0/avrxmega6\libgcc.a(_umulhisi3.o)
                0x000049be                __umulhisi3
 .text.libgcc.mul
                0x000049dc       0x16 c:/program files (x86)/atmel/studio/7.0/toolchain/avr8/avr8-gnu-toolchain/bin/../lib/gcc/avr/5.4.0/avrxmega6\libgcc.a(_muluhisi3.o)
                0x000049dc                __muluhisi3
 .text.avr-libc
                0x000049f2       0x12 c:/program files (x86)/atmel/studio/7.0/toolchain/avr8/avr8-gnu-toolchain/bin/../lib/gcc/avr/5.4.0/../../../../avr/lib/avrxmega6\libc.a(memcpy.o)
                0x000049f2                memcpy
 .text.avr-libc
                0x00004a04        0xe c:/program files (x86)/atmel/studio/7.0/toolchain/avr8/avr8-gnu-toolchain/bin/../lib/gcc/avr/5.4.0/../../../../avr/lib/avrxmega6\libc.a(memset.o)
                0x00004a04                memset
 .text.avr-libc
                0x00004a12       0x1e c:/program files (x86)/atmel/studio/7.0/toolchain/avr8/avr8-gnu-toolchain/bin/../lib/gcc/avr/5.4.0/../../../../avr/lib/avrxmega6\libc.a(strncpy.o)
                0x00004a12                strncpy
 .text.avr-libc
                0x00004a30       0x16 c:/program files (x86)/atmel/studio/7.0/toolchain/avr8/avr8-gnu-toolchain/bin/../lib/gcc/avr/5.4.0/../../../../avr/lib/avrxmega6\libc.a(ultoa.o)
                0x00004a30                ultoa
                0x00004a30                __ultoa
 .text.avr-libc
                0x00004a46       0x44 c:/program files (x86)/atmel/studio/7.0/toolchain/avr8/avr8-gnu-toolchain/bin/../lib/gcc/avr/5.4.0/../../../../avr/lib/avrxmega6\libc.a(ultoa_ncheck.o)
                0x00004a46                __ultoa_ncheck
                0x00004a48                __ultoa_common
 .text.avr-libc
                0x00004a8a       0x16 c:/program files (x86)/atmel/studio/7.0/toolchain/avr8/avr8-gnu-toolchain/bin/../lib/gcc/avr/5.4.0/../../../../avr/lib/avrxmega6\libc.a(utoa.o)
                0x00004a8a                __utoa
                0x00004a8a                utoa
 .text.avr-libc
                0x00004aa0       0x34 c:/program files (x86)/atmel/studio/7.0/toolchain/avr8/avr8-gnu-toolchain/bin/../lib/gcc/avr/5.4.0/../../../../avr/lib/avrxmega6\libc.a(utoa_ncheck.o)
                0x00004aa0                __utoa_ncheck
                0x00004aa2                __utoa_common
 .text.avr-libc
                0x00004ad4       0x20 c:/program files (x86)/atmel/studio/7.0/toolchain/avr8/avr8-gnu-toolchain/bin/../lib/gcc/avr/5.4.0/../../../../avr/lib/avrxmega6\libc.a(strrev.o)
                0x00004ad4                strrev
                0x00004af4                . = ALIGN (0x2)
 *(.fini9)
 .fini9         0x00004af4        0x0 c:/program files (x86)/atmel/studio/7.0/toolchain/avr8/avr8-gnu-toolchain/bin/../lib/gcc/avr/5.4.0/avrxmega6\libgcc.a(_exit.o)
                0x00004af4                _exit
                0x00004af4                exit
 *(.fini9)
 *(.fini8)
 *(.fini8)
 *(.fini7)
 *(.fini7)
 *(.fini6)
 *(.fini6)
 *(.fini5)
 *(.fini5)
 *(.fini4)
 *(.fini4)
 *(.fini3)
 *(.fini3)
 *(.fini2)
 *(.fini2)
 *(.fini1)
 *(.fini1)
 *(.fini0)
 .fini0         0x00004af4        0x4 c:/program files (x86)/atmel/studio/7.0/toolchain/avr8/avr8-gnu-toolchain/bin/../lib/gcc/avr/5.4.0/avrxmega6\libgcc.a(_exit.o)
 *(.fini0)
                0x00004af8                _etext = .

.data           0x00802000       0xe0 load address 0x00004af8
                0x00802000                PROVIDE (__data_start, .)
 *(.data)
 *(.data*)
 .data.xFreeBytesRemaining
                0x00802000        0x2 Source/lib/freertos/heap_2.o
 .data.xNextTaskUnblockTime
                0x00802002        0x4 Source/lib/freertos/tasks.o
 .data.delta_angle
                0x00802006        0x2 Source/main.o
                0x00802006                delta_angle
 .data.effort   0x00802008        0x2 Source/main.o
                0x00802008                effort
 *(.rodata)
 *(.rodata*)
 .rodata.str1.1
                0x0080200a        0xd Source/task_LED.o
 .rodata._ZTV8task_LED
                0x00802017        0x8 Source/task_LED.o
                0x00802017                _ZTV8task_LED
 .rodata._ZTV9task_user
                0x0080201f        0x8 Source/task_user.o
                0x0080201f                _ZTV9task_user
 .rodata.str1.1
                0x00802027        0x5 Source/lib/freertos/tasks.o
 .rodata._ZTV8frt_task
                0x0080202c        0x8 Source/lib/frtcpp/frt_task_status.o
                0x0080202c                _ZTV8frt_task
 .rodata._ZTV14frt_text_queue
                0x00802034       0x10 Source/lib/frtcpp/frt_text_queue.o
                0x00802034                _ZTV14frt_text_queue
 .rodata._ZTV8emstream
                0x00802044       0x10 Source/lib/serial/emstream.o
                0x00802044                _ZTV8emstream
 .rodata._ZTV5rs232
                0x00802054       0x10 Source/lib/serial/rs232int.o
                0x00802054                _ZTV5rs232
 .rodata.str1.1
                0x00802064       0x33 Source/main.o
 .rodata._ZTV9frt_queueIjE
                0x00802097       0x24 Source/main.o
                0x00802097                _ZTV9frt_queueIjE
 .rodata._ZTV9frt_queueIiE
                0x008020bb       0x24 Source/main.o
                0x008020bb                _ZTV9frt_queueIiE
 *(.gnu.linkonce.d*)
                0x008020e0                . = ALIGN (0x2)
 *fill*         0x008020df        0x1 
                0x008020e0                _edata = .
                0x008020e0                PROVIDE (__data_end, .)

.bss            0x008020e0     0x218d
                0x008020e0                PROVIDE (__bss_start, .)
 *(.bss)
 *(.bss*)
 .bss.xHeapHasBeenInitialised.4146
                0x008020e0        0x1 Source/lib/freertos/heap_2.o
 .bss.xEnd      0x008020e1        0x4 Source/lib/freertos/heap_2.o
 .bss.xStart    0x008020e5        0x4 Source/lib/freertos/heap_2.o
 .bss.xHeap     0x008020e9     0x1fff Source/lib/freertos/heap_2.o
 .bss.uxTaskNumber
                0x008040e8        0x1 Source/lib/freertos/tasks.o
 .bss.xNumOfOverflows
                0x008040e9        0x1 Source/lib/freertos/tasks.o
 .bss.xMissedYield
                0x008040ea        0x1 Source/lib/freertos/tasks.o
 .bss.uxMissedTicks
                0x008040eb        0x1 Source/lib/freertos/tasks.o
 .bss.uxSchedulerSuspended
                0x008040ec        0x1 Source/lib/freertos/tasks.o
 .bss.xSchedulerRunning
                0x008040ed        0x1 Source/lib/freertos/tasks.o
 .bss.uxTopReadyPriority
                0x008040ee        0x1 Source/lib/freertos/tasks.o
 .bss.uxTopUsedPriority
                0x008040ef        0x1 Source/lib/freertos/tasks.o
 .bss.xTickCount
                0x008040f0        0x4 Source/lib/freertos/tasks.o
 .bss.uxCurrentNumberOfTasks
                0x008040f4        0x1 Source/lib/freertos/tasks.o
 .bss.xIdleTaskHandle
                0x008040f5        0x2 Source/lib/freertos/tasks.o
 .bss.xPendingReadyList
                0x008040f7        0xb Source/lib/freertos/tasks.o
 .bss.pxOverflowDelayedTaskList
                0x00804102        0x2 Source/lib/freertos/tasks.o
 .bss.pxDelayedTaskList
                0x00804104        0x2 Source/lib/freertos/tasks.o
 .bss.xDelayedTaskList2
                0x00804106        0xb Source/lib/freertos/tasks.o
 .bss.xDelayedTaskList1
                0x00804111        0xb Source/lib/freertos/tasks.o
 .bss.pxReadyTasksLists
                0x0080411c       0x2c Source/lib/freertos/tasks.o
 .bss.pxCurrentTCB
                0x00804148        0x2 Source/lib/freertos/tasks.o
                0x00804148                pxCurrentTCB
 .bss.last_created_task_pointer
                0x0080414a        0x2 Source/lib/frtcpp/frt_task.o
                0x0080414a                last_created_task_pointer
 .bss.rcvF0_write_index
                0x0080414c        0x2 Source/lib/serial/rs232int.o
                0x0080414c                rcvF0_write_index
 .bss.rcvE0_write_index
                0x0080414e        0x2 Source/lib/serial/rs232int.o
                0x0080414e                rcvE0_write_index
 .bss.rcvD1_write_index
                0x00804150        0x2 Source/lib/serial/rs232int.o
                0x00804150                rcvD1_write_index
 .bss.rcvD0_write_index
                0x00804152        0x2 Source/lib/serial/rs232int.o
                0x00804152                rcvD0_write_index
 .bss.rcvC1_write_index
                0x00804154        0x2 Source/lib/serial/rs232int.o
                0x00804154                rcvC1_write_index
 .bss.rcvC0_write_index
                0x00804156        0x2 Source/lib/serial/rs232int.o
                0x00804156                rcvC0_write_index
 .bss.rcvF0_read_index
                0x00804158        0x2 Source/lib/serial/rs232int.o
                0x00804158                rcvF0_read_index
 .bss.rcvE0_read_index
                0x0080415a        0x2 Source/lib/serial/rs232int.o
                0x0080415a                rcvE0_read_index
 .bss.rcvD1_read_index
                0x0080415c        0x2 Source/lib/serial/rs232int.o
                0x0080415c                rcvD1_read_index
 .bss.rcvD0_read_index
                0x0080415e        0x2 Source/lib/serial/rs232int.o
                0x0080415e                rcvD0_read_index
 .bss.rcvC1_read_index
                0x00804160        0x2 Source/lib/serial/rs232int.o
                0x00804160                rcvC1_read_index
 .bss.rcvC0_read_index
                0x00804162        0x2 Source/lib/serial/rs232int.o
                0x00804162                rcvC0_read_index
 .bss.rcvF0_buffer
                0x00804164        0x2 Source/lib/serial/rs232int.o
                0x00804164                rcvF0_buffer
 .bss.rcvE0_buffer
                0x00804166        0x2 Source/lib/serial/rs232int.o
                0x00804166                rcvE0_buffer
 .bss.rcvD1_buffer
                0x00804168        0x2 Source/lib/serial/rs232int.o
                0x00804168                rcvD1_buffer
 .bss.rcvD0_buffer
                0x0080416a        0x2 Source/lib/serial/rs232int.o
                0x0080416a                rcvD0_buffer
 .bss.rcvC1_buffer
                0x0080416c        0x2 Source/lib/serial/rs232int.o
                0x0080416c                rcvC1_buffer
 .bss.rcvC0_buffer
                0x0080416e        0x2 Source/lib/serial/rs232int.o
                0x0080416e                rcvC0_buffer
 .bss.angle     0x00804170        0x2 Source/main.o
                0x00804170                angle
 .bss.spacevec2_lut
                0x00804172       0x3d Source/main.o
                0x00804172                spacevec2_lut
 .bss.spacevec1_lut
                0x008041af       0x3d Source/main.o
                0x008041af                spacevec1_lut
 .bss.overmod_lut
                0x008041ec       0x3d Source/main.o
                0x008041ec                overmod_lut
 .bss.C_queue   0x00804229        0xa Source/main.o
                0x00804229                C_queue
 .bss.B_queue   0x00804233        0xa Source/main.o
                0x00804233                B_queue
 .bss.A_queue   0x0080423d        0xa Source/main.o
                0x0080423d                A_queue
 .bss.ang_queue
                0x00804247        0xa Source/main.o
                0x00804247                ang_queue
 .bss.time_queue
                0x00804251        0xa Source/main.o
                0x00804251                time_queue
 .bss.print_ser_queue
                0x0080425b       0x10 Source/main.o
                0x0080425b                print_ser_queue
 *(COMMON)
 COMMON         0x0080426b        0x2 Source/lib/freertos/port.o
                0x0080426b                portStackTopForTask
                0x0080426d                PROVIDE (__bss_end, .)
                0x00004af8                __data_load_start = LOADADDR (.data)
                0x00004bd8                __data_load_end = (__data_load_start + SIZEOF (.data))

.noinit         0x0080426d        0x0
                [!provide]                PROVIDE (__noinit_start, .)
 *(.noinit*)
                [!provide]                PROVIDE (__noinit_end, .)
                0x0080426d                _end = .
                [!provide]                PROVIDE (__heap_start, .)

.eeprom         0x00810000        0x0
 *(.eeprom*)
                0x00810000                __eeprom_end = .

.fuse
 *(.fuse)
 *(.lfuse)
 *(.hfuse)
 *(.efuse)

.lock
 *(.lock*)

.signature
 *(.signature*)

.user_signatures
 *(.user_signatures*)

.stab
 *(.stab)

.stabstr
 *(.stabstr)

.stab.excl
 *(.stab.excl)

.stab.exclstr
 *(.stab.exclstr)

.stab.index
 *(.stab.index)

.stab.indexstr
 *(.stab.indexstr)

.comment        0x00000000       0x30
 *(.comment)
 .comment       0x00000000       0x30 Source/task_LED.o
                                 0x31 (size before relaxing)
 .comment       0x00000030       0x31 Source/task_user.o
 .comment       0x00000030       0x31 Source/lib/freertos/heap_2.o
 .comment       0x00000030       0x31 Source/lib/freertos/list.o
 .comment       0x00000030       0x31 Source/lib/freertos/port.o
 .comment       0x00000030       0x31 Source/lib/freertos/queue.o
 .comment       0x00000030       0x31 Source/lib/freertos/tasks.o
 .comment       0x00000030       0x31 Source/lib/frtcpp/frt_task.o
 .comment       0x00000030       0x31 Source/lib/frtcpp/frt_task_stackprt.o
 .comment       0x00000030       0x31 Source/lib/frtcpp/frt_task_status.o
 .comment       0x00000030       0x31 Source/lib/frtcpp/frt_text_queue.o
 .comment       0x00000030       0x31 Source/lib/frtcpp/time_stamp_get_us.o
 .comment       0x00000030       0x31 Source/lib/frtcpp/time_stamp_lshift.o
 .comment       0x00000030       0x31 Source/lib/frtcpp/time_stamp_to_now.o
 .comment       0x00000030       0x31 Source/lib/misc/hex_dump_memory.o
 .comment       0x00000030       0x31 Source/lib/misc/mechutil.o
 .comment       0x00000030       0x31 Source/lib/serial/base232.o
 .comment       0x00000030       0x31 Source/lib/serial/emstream.o
 .comment       0x00000030       0x31 Source/lib/serial/emstream_uint16_t.o
 .comment       0x00000030       0x31 Source/lib/serial/emstream_uint32_t.o
 .comment       0x00000030       0x31 Source/lib/serial/emstream_uint8_t.o
 .comment       0x00000030       0x31 Source/lib/serial/rs232int.o
 .comment       0x00000030       0x31 Source/main.o

.note.gnu.avr.deviceinfo
                0x00000000       0x44
 .note.gnu.avr.deviceinfo
                0x00000000       0x44 C:/Program Files (x86)/Atmel/Studio/7.0/Packs/atmel/XMEGAA_DFP/1.1.68/gcc/dev/atxmega256a3bu/avrxmega6/crtatxmega256a3bu.o

.note.gnu.build-id
 *(.note.gnu.build-id)

.debug
 *(.debug)

.line
 *(.line)

.debug_srcinfo
 *(.debug_srcinfo)

.debug_sfnames
 *(.debug_sfnames)

.debug_aranges  0x00000000      0x718
 *(.debug_aranges)
 .debug_aranges
                0x00000000       0x28 Source/task_LED.o
 .debug_aranges
                0x00000028       0x38 Source/task_user.o
 .debug_aranges
                0x00000060       0x38 Source/lib/freertos/heap_2.o
 .debug_aranges
                0x00000098       0x40 Source/lib/freertos/list.o
 .debug_aranges
                0x000000d8       0x48 Source/lib/freertos/port.o
 .debug_aranges
                0x00000120       0x98 Source/lib/freertos/queue.o
 .debug_aranges
                0x000001b8       0xf0 Source/lib/freertos/tasks.o
 .debug_aranges
                0x000002a8       0x40 Source/lib/frtcpp/frt_task.o
 .debug_aranges
                0x000002e8       0x28 Source/lib/frtcpp/frt_task_stackprt.o
 .debug_aranges
                0x00000310       0x38 Source/lib/frtcpp/frt_task_status.o
 .debug_aranges
                0x00000348       0x38 Source/lib/frtcpp/frt_text_queue.o
 .debug_aranges
                0x00000380       0x20 Source/lib/frtcpp/time_stamp_get_us.o
 .debug_aranges
                0x000003a0       0x20 Source/lib/frtcpp/time_stamp_lshift.o
 .debug_aranges
                0x000003c0       0x20 Source/lib/frtcpp/time_stamp_to_now.o
 .debug_aranges
                0x000003e0       0x20 Source/lib/misc/hex_dump_memory.o
 .debug_aranges
                0x00000400       0x60 Source/lib/misc/mechutil.o
 .debug_aranges
                0x00000460       0x30 Source/lib/serial/base232.o
 .debug_aranges
                0x00000490       0x60 Source/lib/serial/emstream.o
 .debug_aranges
                0x000004f0       0x20 Source/lib/serial/emstream_uint16_t.o
 .debug_aranges
                0x00000510       0x20 Source/lib/serial/emstream_uint32_t.o
 .debug_aranges
                0x00000530       0x20 Source/lib/serial/emstream_uint8_t.o
 .debug_aranges
                0x00000550       0x70 Source/lib/serial/rs232int.o
 .debug_aranges
                0x000005c0      0x158 Source/main.o

.debug_pubnames
 *(.debug_pubnames)

.debug_info     0x00000000    0x110a1
 *(.debug_info .gnu.linkonce.wi.*)
 .debug_info    0x00000000     0x3379 C:/Program Files (x86)/Atmel/Studio/7.0/Packs/atmel/XMEGAA_DFP/1.1.68/gcc/dev/atxmega256a3bu/avrxmega6/crtatxmega256a3bu.o
 .debug_info    0x00003379      0xcf8 Source/task_LED.o
 .debug_info    0x00004071     0x1a79 Source/task_user.o
 .debug_info    0x00005aea      0x30f Source/lib/freertos/heap_2.o
 .debug_info    0x00005df9      0x2c5 Source/lib/freertos/list.o
 .debug_info    0x000060be      0x275 Source/lib/freertos/port.o
 .debug_info    0x00006333      0xdde Source/lib/freertos/queue.o
 .debug_info    0x00007111     0x1301 Source/lib/freertos/tasks.o
 .debug_info    0x00008412      0x9eb Source/lib/frtcpp/frt_task.o
 .debug_info    0x00008dfd      0x640 Source/lib/frtcpp/frt_task_stackprt.o
 .debug_info    0x0000943d     0x10e6 Source/lib/frtcpp/frt_task_status.o
 .debug_info    0x0000a523      0x410 Source/lib/frtcpp/frt_text_queue.o
 .debug_info    0x0000a933      0x3ab Source/lib/frtcpp/time_stamp_get_us.o
 .debug_info    0x0000acde      0x5ae Source/lib/frtcpp/time_stamp_lshift.o
 .debug_info    0x0000b28c      0x9a8 Source/lib/frtcpp/time_stamp_to_now.o
 .debug_info    0x0000bc34      0x515 Source/lib/misc/hex_dump_memory.o
 .debug_info    0x0000c149      0x29c Source/lib/misc/mechutil.o
 .debug_info    0x0000c3e5      0x482 Source/lib/serial/base232.o
 .debug_info    0x0000c867      0xa2f Source/lib/serial/emstream.o
 .debug_info    0x0000d296      0x2b8 Source/lib/serial/emstream_uint16_t.o
 .debug_info    0x0000d54e      0x2e0 Source/lib/serial/emstream_uint32_t.o
 .debug_info    0x0000d82e      0x2d8 Source/lib/serial/emstream_uint8_t.o
 .debug_info    0x0000db06      0x8f1 Source/lib/serial/rs232int.o
 .debug_info    0x0000e3f7     0x2caa Source/main.o

.debug_abbrev   0x00000000     0x63e3
 *(.debug_abbrev)
 .debug_abbrev  0x00000000     0x30c4 C:/Program Files (x86)/Atmel/Studio/7.0/Packs/atmel/XMEGAA_DFP/1.1.68/gcc/dev/atxmega256a3bu/avrxmega6/crtatxmega256a3bu.o
 .debug_abbrev  0x000030c4      0x308 Source/task_LED.o
 .debug_abbrev  0x000033cc      0x389 Source/task_user.o
 .debug_abbrev  0x00003755      0x1a9 Source/lib/freertos/heap_2.o
 .debug_abbrev  0x000038fe       0xf6 Source/lib/freertos/list.o
 .debug_abbrev  0x000039f4      0x16b Source/lib/freertos/port.o
 .debug_abbrev  0x00003b5f      0x1f2 Source/lib/freertos/queue.o
 .debug_abbrev  0x00003d51      0x2c2 Source/lib/freertos/tasks.o
 .debug_abbrev  0x00004013      0x301 Source/lib/frtcpp/frt_task.o
 .debug_abbrev  0x00004314      0x1fe Source/lib/frtcpp/frt_task_stackprt.o
 .debug_abbrev  0x00004512      0x354 Source/lib/frtcpp/frt_task_status.o
 .debug_abbrev  0x00004866      0x1ec Source/lib/frtcpp/frt_text_queue.o
 .debug_abbrev  0x00004a52      0x109 Source/lib/frtcpp/time_stamp_get_us.o
 .debug_abbrev  0x00004b5b      0x234 Source/lib/frtcpp/time_stamp_lshift.o
 .debug_abbrev  0x00004d8f      0x19c Source/lib/frtcpp/time_stamp_to_now.o
 .debug_abbrev  0x00004f2b      0x180 Source/lib/misc/hex_dump_memory.o
 .debug_abbrev  0x000050ab      0x12e Source/lib/misc/mechutil.o
 .debug_abbrev  0x000051d9      0x182 Source/lib/serial/base232.o
 .debug_abbrev  0x0000535b      0x344 Source/lib/serial/emstream.o
 .debug_abbrev  0x0000569f      0x1b7 Source/lib/serial/emstream_uint16_t.o
 .debug_abbrev  0x00005856      0x1b7 Source/lib/serial/emstream_uint32_t.o
 .debug_abbrev  0x00005a0d      0x1a6 Source/lib/serial/emstream_uint8_t.o
 .debug_abbrev  0x00005bb3      0x29f Source/lib/serial/rs232int.o
 .debug_abbrev  0x00005e52      0x591 Source/main.o

.debug_line     0x00000000     0x4c7c
 *(.debug_line .debug_line.* .debug_line_end)
 .debug_line    0x00000000      0x39d C:/Program Files (x86)/Atmel/Studio/7.0/Packs/atmel/XMEGAA_DFP/1.1.68/gcc/dev/atxmega256a3bu/avrxmega6/crtatxmega256a3bu.o
 .debug_line    0x0000039d      0x2ab Source/task_LED.o
 .debug_line    0x00000648      0x57d Source/task_user.o
 .debug_line    0x00000bc5      0x25f Source/lib/freertos/heap_2.o
 .debug_line    0x00000e24      0x17b Source/lib/freertos/list.o
 .debug_line    0x00000f9f      0x31d Source/lib/freertos/port.o
 .debug_line    0x000012bc      0x725 Source/lib/freertos/queue.o
 .debug_line    0x000019e1      0x9dc Source/lib/freertos/tasks.o
 .debug_line    0x000023bd      0x368 Source/lib/frtcpp/frt_task.o
 .debug_line    0x00002725      0x210 Source/lib/frtcpp/frt_task_stackprt.o
 .debug_line    0x00002935      0x39f Source/lib/frtcpp/frt_task_status.o
 .debug_line    0x00002cd4      0x17d Source/lib/frtcpp/frt_text_queue.o
 .debug_line    0x00002e51       0xfc Source/lib/frtcpp/time_stamp_get_us.o
 .debug_line    0x00002f4d      0x167 Source/lib/frtcpp/time_stamp_lshift.o
 .debug_line    0x000030b4      0x17a Source/lib/frtcpp/time_stamp_to_now.o
 .debug_line    0x0000322e      0x24d Source/lib/misc/hex_dump_memory.o
 .debug_line    0x0000347b      0x1c9 Source/lib/misc/mechutil.o
 .debug_line    0x00003644      0x249 Source/lib/serial/base232.o
 .debug_line    0x0000388d      0x2b4 Source/lib/serial/emstream.o
 .debug_line    0x00003b41      0x10e Source/lib/serial/emstream_uint16_t.o
 .debug_line    0x00003c4f      0x10e Source/lib/serial/emstream_uint32_t.o
 .debug_line    0x00003d5d      0x185 Source/lib/serial/emstream_uint8_t.o
 .debug_line    0x00003ee2      0x45b Source/lib/serial/rs232int.o
 .debug_line    0x0000433d      0x93f Source/main.o

.debug_frame    0x00000000     0x153c
 *(.debug_frame)
 .debug_frame   0x00000000       0x58 Source/task_LED.o
 .debug_frame   0x00000058       0xc4 Source/task_user.o
 .debug_frame   0x0000011c       0x7c Source/lib/freertos/heap_2.o
 .debug_frame   0x00000198       0x84 Source/lib/freertos/list.o
 .debug_frame   0x0000021c       0x74 Source/lib/freertos/port.o
 .debug_frame   0x00000290      0x20c Source/lib/freertos/queue.o
 .debug_frame   0x0000049c      0x380 Source/lib/freertos/tasks.o
 .debug_frame   0x0000081c       0xbc Source/lib/frtcpp/frt_task.o
 .debug_frame   0x000008d8       0x70 Source/lib/frtcpp/frt_task_stackprt.o
 .debug_frame   0x00000948       0xc4 Source/lib/frtcpp/frt_task_status.o
 .debug_frame   0x00000a0c       0xbc Source/lib/frtcpp/frt_text_queue.o
 .debug_frame   0x00000ac8       0x44 Source/lib/frtcpp/time_stamp_get_us.o
 .debug_frame   0x00000b0c       0x54 Source/lib/frtcpp/time_stamp_lshift.o
 .debug_frame   0x00000b60       0x30 Source/lib/frtcpp/time_stamp_to_now.o
 .debug_frame   0x00000b90       0x70 Source/lib/misc/hex_dump_memory.o
 .debug_frame   0x00000c00       0xa4 Source/lib/misc/mechutil.o
 .debug_frame   0x00000ca4       0x50 Source/lib/serial/base232.o
 .debug_frame   0x00000cf4       0xc4 Source/lib/serial/emstream.o
 .debug_frame   0x00000db8       0x44 Source/lib/serial/emstream_uint16_t.o
 .debug_frame   0x00000dfc       0x50 Source/lib/serial/emstream_uint32_t.o
 .debug_frame   0x00000e4c       0x54 Source/lib/serial/emstream_uint8_t.o
 .debug_frame   0x00000ea0      0x1ec Source/lib/serial/rs232int.o
 .debug_frame   0x0000108c      0x4b0 Source/main.o

.debug_str      0x00000000     0x5ae6
 *(.debug_str)
 .debug_str     0x00000000     0x21e4 C:/Program Files (x86)/Atmel/Studio/7.0/Packs/atmel/XMEGAA_DFP/1.1.68/gcc/dev/atxmega256a3bu/avrxmega6/crtatxmega256a3bu.o
 .debug_str     0x000021e4      0x758 Source/task_LED.o
                                0x7fc (size before relaxing)
 .debug_str     0x0000293c      0x549 Source/task_user.o
                                0xb7a (size before relaxing)
 .debug_str     0x00002e85      0x21c Source/lib/freertos/heap_2.o
                                0x328 (size before relaxing)
 .debug_str     0x000030a1      0x131 Source/lib/freertos/list.o
                                0x2d9 (size before relaxing)
 .debug_str     0x000031d2      0x11f Source/lib/freertos/port.o
                                0x2e6 (size before relaxing)
 .debug_str     0x000032f1      0x41d Source/lib/freertos/queue.o
                                0x6d8 (size before relaxing)
 .debug_str     0x0000370e      0x501 Source/lib/freertos/tasks.o
                                0x9af (size before relaxing)
 .debug_str     0x00003c0f      0x130 Source/lib/frtcpp/frt_task.o
                                0x51c (size before relaxing)
 .debug_str     0x00003d3f       0xe2 Source/lib/frtcpp/frt_task_stackprt.o
                                0x444 (size before relaxing)
 .debug_str     0x00003e21      0x3ec Source/lib/frtcpp/frt_task_status.o
                                0x9bc (size before relaxing)
 .debug_str     0x0000420d      0x148 Source/lib/frtcpp/frt_text_queue.o
                                0x42e (size before relaxing)
 .debug_str     0x00004355       0x2b Source/lib/frtcpp/time_stamp_get_us.o
                                0x4f6 (size before relaxing)
 .debug_str     0x00004380       0x5f Source/lib/frtcpp/time_stamp_lshift.o
                                0x5bb (size before relaxing)
 .debug_str     0x000043df       0x2b Source/lib/frtcpp/time_stamp_to_now.o
                                0x7d9 (size before relaxing)
 .debug_str     0x0000440a       0x8a Source/lib/misc/hex_dump_memory.o
                                0x38a (size before relaxing)
 .debug_str     0x00004494       0xe2 Source/lib/misc/mechutil.o
                                0x2c5 (size before relaxing)
 .debug_str     0x00004576      0x144 Source/lib/serial/base232.o
                                0x401 (size before relaxing)
 .debug_str     0x000046ba      0x427 Source/lib/serial/emstream.o
                                0x7b5 (size before relaxing)
 .debug_str     0x00004ae1       0x67 Source/lib/serial/emstream_uint16_t.o
                                0x293 (size before relaxing)
 .debug_str     0x00004b48       0x42 Source/lib/serial/emstream_uint32_t.o
                                0x296 (size before relaxing)
 .debug_str     0x00004b8a       0x3a Source/lib/serial/emstream_uint8_t.o
                                0x280 (size before relaxing)
 .debug_str     0x00004bc4      0x2a0 Source/lib/serial/rs232int.o
                                0x6d2 (size before relaxing)
 .debug_str     0x00004e64      0xc82 Source/main.o
                               0x154d (size before relaxing)

.debug_loc      0x00000000     0x66e1
 *(.debug_loc)
 .debug_loc     0x00000000      0x1ee Source/task_LED.o
 .debug_loc     0x000001ee      0x602 Source/task_user.o
 .debug_loc     0x000007f0      0x2b1 Source/lib/freertos/heap_2.o
 .debug_loc     0x00000aa1      0x136 Source/lib/freertos/list.o
 .debug_loc     0x00000bd7      0x29b Source/lib/freertos/port.o
 .debug_loc     0x00000e72      0xd6d Source/lib/freertos/queue.o
 .debug_loc     0x00001bdf     0x1159 Source/lib/freertos/tasks.o
 .debug_loc     0x00002d38      0x434 Source/lib/frtcpp/frt_task.o
 .debug_loc     0x0000316c      0x240 Source/lib/frtcpp/frt_task_stackprt.o
 .debug_loc     0x000033ac      0x56e Source/lib/frtcpp/frt_task_status.o
 .debug_loc     0x0000391a      0x2fe Source/lib/frtcpp/frt_text_queue.o
 .debug_loc     0x00003c18       0x63 Source/lib/frtcpp/time_stamp_get_us.o
 .debug_loc     0x00003c7b      0x19d Source/lib/frtcpp/time_stamp_lshift.o
 .debug_loc     0x00003e18       0x67 Source/lib/frtcpp/time_stamp_to_now.o
 .debug_loc     0x00003e7f      0x3e2 Source/lib/misc/hex_dump_memory.o
 .debug_loc     0x00004261       0xe6 Source/lib/misc/mechutil.o
 .debug_loc     0x00004347      0x143 Source/lib/serial/base232.o
 .debug_loc     0x0000448a      0x305 Source/lib/serial/emstream.o
 .debug_loc     0x0000478f      0x12f Source/lib/serial/emstream_uint16_t.o
 .debug_loc     0x000048be      0x171 Source/lib/serial/emstream_uint32_t.o
 .debug_loc     0x00004a2f      0x1cf Source/lib/serial/emstream_uint8_t.o
 .debug_loc     0x00004bfe      0x56f Source/lib/serial/rs232int.o
 .debug_loc     0x0000516d     0x1574 Source/main.o

.debug_macinfo
 *(.debug_macinfo)

.debug_weaknames
 *(.debug_weaknames)

.debug_funcnames
 *(.debug_funcnames)

.debug_typenames
 *(.debug_typenames)

.debug_varnames
 *(.debug_varnames)

.debug_pubtypes
 *(.debug_pubtypes)

.debug_ranges   0x00000000      0x608
 *(.debug_ranges)
 .debug_ranges  0x00000000       0x18 Source/task_LED.o
 .debug_ranges  0x00000018       0x28 Source/task_user.o
 .debug_ranges  0x00000040       0x28 Source/lib/freertos/heap_2.o
 .debug_ranges  0x00000068       0x30 Source/lib/freertos/list.o
 .debug_ranges  0x00000098       0x38 Source/lib/freertos/port.o
 .debug_ranges  0x000000d0       0x88 Source/lib/freertos/queue.o
 .debug_ranges  0x00000158      0x110 Source/lib/freertos/tasks.o
 .debug_ranges  0x00000268       0x30 Source/lib/frtcpp/frt_task.o
 .debug_ranges  0x00000298       0x18 Source/lib/frtcpp/frt_task_stackprt.o
 .debug_ranges  0x000002b0       0x28 Source/lib/frtcpp/frt_task_status.o
 .debug_ranges  0x000002d8       0x28 Source/lib/frtcpp/frt_text_queue.o
 .debug_ranges  0x00000300       0x10 Source/lib/frtcpp/time_stamp_get_us.o
 .debug_ranges  0x00000310       0x10 Source/lib/frtcpp/time_stamp_lshift.o
 .debug_ranges  0x00000320       0x10 Source/lib/frtcpp/time_stamp_to_now.o
 .debug_ranges  0x00000330       0x10 Source/lib/misc/hex_dump_memory.o
 .debug_ranges  0x00000340       0x50 Source/lib/misc/mechutil.o
 .debug_ranges  0x00000390       0x20 Source/lib/serial/base232.o
 .debug_ranges  0x000003b0       0x68 Source/lib/serial/emstream.o
 .debug_ranges  0x00000418       0x10 Source/lib/serial/emstream_uint16_t.o
 .debug_ranges  0x00000428       0x10 Source/lib/serial/emstream_uint32_t.o
 .debug_ranges  0x00000438       0x10 Source/lib/serial/emstream_uint8_t.o
 .debug_ranges  0x00000448       0x78 Source/lib/serial/rs232int.o
 .debug_ranges  0x000004c0      0x148 Source/main.o

.debug_macro
 *(.debug_macro)
OUTPUT(FREERTOS_SHELL.elf elf32-avr)
LOAD linker stubs
